Archive member included to satisfy reference by file (symbol)

platform/libplatform_s.a(system_nrf5340_application.o)
                              secure_fw/CMakeFiles/tfm_s.dir/__/platform/ext/target/nordic_nrf/common/nrf5340/gcc/startup_nrf5340_s.o (SystemInit)
secure_fw/partitions/lib/sprt/libtfm_sprt.a(crt_memset.o)
                              c:/nordicsemi/toolchains/v2.3.0/opt/zephyr-sdk/arm-zephyr-eabi/bin/../lib/gcc/arm-zephyr-eabi/12.1.0/../../../../arm-zephyr-eabi/lib/thumb/v8-m.main/nofp/crt0.o (memset)
secure_fw/spm/libtfm_spm.a(main.o)
                              c:/nordicsemi/toolchains/v2.3.0/opt/zephyr-sdk/arm-zephyr-eabi/bin/../lib/gcc/arm-zephyr-eabi/12.1.0/../../../../arm-zephyr-eabi/lib/thumb/v8-m.main/nofp/crt0.o (main)
secure_fw/spm/libtfm_spm.a(spm_cross_call.o)
                              secure_fw/CMakeFiles/tfm_s.dir/partitions/ns_agent_tz/tfm_psa_api_veneers.o (spm_interface_cross_dispatcher)
secure_fw/spm/libtfm_spm.a(psa_api.o)
                              secure_fw/spm/libtfm_spm.a(spm_cross_call.o) (spm_handle_programmer_errors)
secure_fw/spm/libtfm_spm.a(backend_ipc.o)
                              secure_fw/spm/libtfm_spm.a(spm_cross_call.o) (p_spm_thread_context)
secure_fw/spm/libtfm_spm.a(tfm_core_svcalls_ipc.o)
                              secure_fw/spm/libtfm_spm.a(main.o) (tfm_core_handler_mode)
secure_fw/spm/libtfm_spm.a(thread.o)
                              secure_fw/spm/libtfm_spm.a(spm_cross_call.o) (thrd_next)
secure_fw/spm/libtfm_spm.a(tfm_arch_v8m_main.o)
                              secure_fw/spm/libtfm_spm.a(spm_cross_call.o) (arch_non_preempt_call)
secure_fw/spm/libtfm_spm.a(ns_agent_tz.o)
                              secure_fw/CMakeFiles/tfm_s.dir/partitions/ns_agent_tz/load_info_ns_agent_tz.o (ns_agent_tz_main)
secure_fw/spm/libtfm_spm.a(idle_partition.o)
                              secure_fw/CMakeFiles/tfm_s.dir/partitions/idle_partition/load_info_idle_sp.o (tfm_idle_thread)
secure_fw/spm/libtfm_spm.a(tfm_boot_data.o)
                              secure_fw/spm/libtfm_spm.a(main.o) (tfm_core_validate_boot_data)
secure_fw/spm/libtfm_spm.a(tfm_core_utils.o)
                              secure_fw/spm/libtfm_spm.a(psa_api.o) (spm_memcpy)
secure_fw/spm/libtfm_spm.a(utilities.o)
                              secure_fw/spm/libtfm_spm.a(main.o) (tfm_core_panic)
secure_fw/spm/libtfm_spm.a(tfm_arch.o)
                              secure_fw/spm/libtfm_spm.a(tfm_core_svcalls_ipc.o) (tfm_arch_free_msp_and_exc_ret)
secure_fw/spm/libtfm_spm.a(spm_ipc.o)
                              secure_fw/spm/libtfm_spm.a(psa_api.o) (tfm_spm_to_user_handle)
secure_fw/spm/libtfm_spm.a(static_load.o)
                              secure_fw/spm/libtfm_spm.a(spm_ipc.o) (load_a_partition_assuredly)
secure_fw/spm/libtfm_spm.a(tfm_pools.o)
                              secure_fw/spm/libtfm_spm.a(spm_ipc.o) (tfm_pool_init)
secure_fw/spm/libtfm_spm.a(tfm_spm_ns_ctx.o)
                              secure_fw/spm/libtfm_spm.a(spm_ipc.o) (tfm_nspm_get_current_client_id)
secure_fw/partitions/crypto/libtfm_psa_rot_partition_crypto.a(crypto_init.o)
                              secure_fw/CMakeFiles/tfm_s.dir/__/generated/secure_fw/partitions/crypto/auto_generated/load_info_tfm_crypto.o (tfm_crypto_init)
secure_fw/partitions/crypto/libtfm_psa_rot_partition_crypto.a(crypto_alloc.o)
                              secure_fw/partitions/crypto/libtfm_psa_rot_partition_crypto.a(crypto_init.o) (tfm_crypto_init_alloc)
secure_fw/partitions/crypto/libtfm_psa_rot_partition_crypto.a(crypto_cipher.o)
                              secure_fw/partitions/crypto/libtfm_psa_rot_partition_crypto.a(crypto_init.o) (tfm_crypto_cipher_generate_iv)
secure_fw/partitions/crypto/libtfm_psa_rot_partition_crypto.a(crypto_hash.o)
                              secure_fw/partitions/crypto/libtfm_psa_rot_partition_crypto.a(crypto_init.o) (tfm_crypto_hash_setup)
secure_fw/partitions/crypto/libtfm_psa_rot_partition_crypto.a(crypto_mac.o)
                              secure_fw/partitions/crypto/libtfm_psa_rot_partition_crypto.a(crypto_init.o) (tfm_crypto_mac_sign_setup)
secure_fw/partitions/crypto/libtfm_psa_rot_partition_crypto.a(crypto_aead.o)
                              secure_fw/partitions/crypto/libtfm_psa_rot_partition_crypto.a(crypto_init.o) (tfm_crypto_aead_encrypt)
secure_fw/partitions/crypto/libtfm_psa_rot_partition_crypto.a(crypto_asymmetric.o)
                              secure_fw/partitions/crypto/libtfm_psa_rot_partition_crypto.a(crypto_init.o) (tfm_crypto_sign_message)
secure_fw/partitions/crypto/libtfm_psa_rot_partition_crypto.a(crypto_key_derivation.o)
                              secure_fw/partitions/crypto/libtfm_psa_rot_partition_crypto.a(crypto_init.o) (tfm_crypto_key_derivation_setup)
secure_fw/partitions/crypto/libtfm_psa_rot_partition_crypto.a(crypto_key_management.o)
[...]
Memory Configuration

Name             Origin             Length             Attributes
FLASH            0x0000000000000000 0x0000000000008000 xr
RAM              0x0000000020000000 0x0000000000008000 xrw
*default*        0x0000000000000000 0xffffffffffffffff

Linker script and memory map

LOAD c:/nordicsemi/toolchains/v2.3.0/opt/zephyr-sdk/arm-zephyr-eabi/bin/../lib/gcc/arm-zephyr-eabi/12.1.0/thumb/v8-m.main/nofp/crti.o
LOAD c:/nordicsemi/toolchains/v2.3.0/opt/zephyr-sdk/arm-zephyr-eabi/bin/../lib/gcc/arm-zephyr-eabi/12.1.0/thumb/v8-m.main/nofp/crtbegin.o
LOAD c:/nordicsemi/toolchains/v2.3.0/opt/zephyr-sdk/arm-zephyr-eabi/bin/../lib/gcc/arm-zephyr-eabi/12.1.0/../../../../arm-zephyr-eabi/lib/thumb/v8-m.main/nofp/crt0.o
LOAD secure_fw/CMakeFiles/tfm_s.dir/partitions/ns_agent_tz/tfm_psa_api_veneers.o
LOAD secure_fw/CMakeFiles/tfm_s.dir/__/platform/ext/target/nordic_nrf/common/nrf5340/gcc/startup_nrf5340_s.o
LOAD secure_fw/CMakeFiles/tfm_s.dir/__/platform/ext/common/faults.o
LOAD secure_fw/CMakeFiles/tfm_s.dir/__/generated/secure_fw/partitions/crypto/auto_generated/load_info_tfm_crypto.o
LOAD secure_fw/CMakeFiles/tfm_s.dir/__/generated/secure_fw/partitions/platform/auto_generated/load_info_tfm_platform.o
LOAD secure_fw/CMakeFiles/tfm_s.dir/partitions/ns_agent_tz/load_info_ns_agent_tz.o
LOAD secure_fw/CMakeFiles/tfm_s.dir/partitions/idle_partition/load_info_idle_sp.o
LOAD secure_fw/CMakeFiles/tfm_s.dir/__/platform/ext/target/nordic_nrf/common/core/plat_test.o
LOAD secure_fw/CMakeFiles/tfm_s.dir/spm/cmsis_psa/psa_interface_cross.o
LOAD secure_fw/CMakeFiles/tfm_s.dir/__/interface/src/tfm_psa_call_pack.o
LOAD platform/libplatform_s.a
LOAD secure_fw/partitions/lib/sprt/libtfm_sprt.a
LOAD secure_fw/spm/libtfm_spm.a
LOAD secure_fw/partitions/crypto/libtfm_psa_rot_partition_crypto.a
LOAD secure_fw/partitions/crypto/mbedcrypto/nrf_security_src/libcrypto_service_mbedcrypto.a
LOAD secure_fw/partitions/platform/libtfm_psa_rot_partition_platform.a
LOAD platform/libplatform_s.a
LOAD secure_fw/partitions/lib/sprt/libtfm_sprt.a
LOAD secure_fw/spm/libtfm_spm.a
LOAD secure_fw/partitions/crypto/libtfm_psa_rot_partition_crypto.a
LOAD secure_fw/partitions/crypto/mbedcrypto/nrf_security_src/libcrypto_service_mbedcrypto.a
LOAD secure_fw/partitions/platform/libtfm_psa_rot_partition_platform.a
LOAD platform/libplatform_s.a
LOAD secure_fw/partitions/lib/sprt/libtfm_sprt.a
LOAD secure_fw/spm/libtfm_spm.a
LOAD secure_fw/partitions/crypto/libtfm_psa_rot_partition_crypto.a
LOAD secure_fw/partitions/crypto/mbedcrypto/nrf_security_src/libcrypto_service_mbedcrypto.a
LOAD secure_fw/partitions/platform/libtfm_psa_rot_partition_platform.a
LOAD C:/nordicsemi/v2.3.0/nrfxlib/crypto/nrf_cc312_platform/lib/cortex-m33/soft-float/no-interrupts/libnrf_cc312_platform_0.9.16.a
LOAD secure_fw/partitions/crypto/mbedcrypto/nrf_security_crypto/liboberon_mbedcrypto__psa_3.0.12.a
LOAD C:/nordicsemi/v2.3.0/nrfxlib/crypto/nrf_oberon/lib/cortex-m33/soft-float/liboberon_mbedtls_3.0.12.a
LOAD secure_fw/partitions/crypto/mbedcrypto/nrf_security_src/libmbedcrypto_base.a
LOAD C:/nordicsemi/v2.3.0/nrfxlib/crypto/nrf_oberon/lib/cortex-m33/soft-float/liboberon_3.0.12.a
START GROUP
LOAD c:/nordicsemi/toolchains/v2.3.0/opt/zephyr-sdk/arm-zephyr-eabi/bin/../lib/gcc/arm-zephyr-eabi/12.1.0/thumb/v8-m.main/nofp\libgcc.a
LOAD c:/nordicsemi/toolchains/v2.3.0/opt/zephyr-sdk/arm-zephyr-eabi/bin/../lib/gcc/arm-zephyr-eabi/12.1.0/../../../../arm-zephyr-eabi/lib/thumb/v8-m.main/nofp\libc_nano.a
END GROUP
START GROUP
LOAD c:/nordicsemi/toolchains/v2.3.0/opt/zephyr-sdk/arm-zephyr-eabi/bin/../lib/gcc/arm-zephyr-eabi/12.1.0/thumb/v8-m.main/nofp\libgcc.a
LOAD c:/nordicsemi/toolchains/v2.3.0/opt/zephyr-sdk/arm-zephyr-eabi/bin/../lib/gcc/arm-zephyr-eabi/12.1.0/../../../../arm-zephyr-eabi/lib/thumb/v8-m.main/nofp\libc_nano.a
END GROUP
LOAD c:/nordicsemi/toolchains/v2.3.0/opt/zephyr-sdk/arm-zephyr-eabi/bin/../lib/gcc/arm-zephyr-eabi/12.1.0/thumb/v8-m.main/nofp/crtend.o
LOAD c:/nordicsemi/toolchains/v2.3.0/opt/zephyr-sdk/arm-zephyr-eabi/bin/../lib/gcc/arm-zephyr-eabi/12.1.0/thumb/v8-m.main/nofp/crtn.o
                0x0000000000001000                __heap_size__ = 0x1000
                0x0000000000000800                __msp_init_stack_size__ = 0x800
START GROUP
LOAD c:/nordicsemi/toolchains/v2.3.0/opt/zephyr-sdk/arm-zephyr-eabi/bin/../lib/gcc/arm-zephyr-eabi/12.1.0/thumb/v8-m.main/nofp\libgcc.a
LOAD c:/nordicsemi/toolchains/v2.3.0/opt/zephyr-sdk/arm-zephyr-eabi/bin/../lib/gcc/arm-zephyr-eabi/12.1.0/../../../../arm-zephyr-eabi/lib/thumb/v8-m.main/nofp\libc.a
LOAD c:/nordicsemi/toolchains/v2.3.0/opt/zephyr-sdk/arm-zephyr-eabi/bin/../lib/gcc/arm-zephyr-eabi/12.1.0/../../../../arm-zephyr-eabi/lib/thumb/v8-m.main/nofp\libm.a
LOAD c:/nordicsemi/toolchains/v2.3.0/opt/zephyr-sdk/arm-zephyr-eabi/bin/../lib/gcc/arm-zephyr-eabi/12.1.0/../../../../arm-zephyr-eabi/lib/thumb/v8-m.main/nofp\libnosys.a
LOAD c:/nordicsemi/toolchains/v2.3.0/opt/zephyr-sdk/arm-zephyr-eabi/bin/../lib/gcc/arm-zephyr-eabi/12.1.0/../../../../arm-zephyr-eabi/lib/thumb/v8-m.main/nofp\libc_nano.a
END GROUP

.TFM_VECTORS    0x0000000000000000      0x284
                0x0000000000000000                __vectors_start__ = .
 *(.vectors)
 .vectors       0x0000000000000000      0x154 secure_fw/CMakeFiles/tfm_s.dir/__/platform/ext/target/nordic_nrf/common/nrf5340/gcc/startup_nrf5340_s.o
                0x0000000000000000                __Vectors
                0x0000000000000154                __vectors_end__ = .
                0x0000000000000154                . = MAX (., 0x100)
 *startup*(.text*)
 .text          0x0000000000000154      0x130 secure_fw/CMakeFiles/tfm_s.dir/__/platform/ext/target/nordic_nrf/common/nrf5340/gcc/startup_nrf5340_s.o
                0x0000000000000154                Reset_Handler
                0x00000000000001b4                Default_Handler
                0x00000000000001b6                NMI_Handler
                0x00000000000001d2                DebugMon_Handler
                0x00000000000001da                SysTick_Handler
                0x00000000000001de                FPU_IRQHandler
                0x00000000000001e2                CACHE_IRQHandler
                0x00000000000001e6                SPU_IRQHandler
                0x00000000000001ea                CLOCK_POWER_IRQHandler
                0x00000000000001ee                SERIAL0_IRQHandler
                0x00000000000001f2                SERIAL1_IRQHandler
                0x00000000000001f6                SPIM4_IRQHandler
                0x00000000000001fa                SERIAL2_IRQHandler
                0x00000000000001fe                SERIAL3_IRQHandler
                0x0000000000000202                GPIOTE0_IRQHandler
                0x0000000000000206                SAADC_IRQHandler
                0x000000000000020a                TIMER0_IRQHandler
                0x000000000000020e                TIMER1_IRQHandler
                0x0000000000000212                TIMER2_IRQHandler
                0x0000000000000216                RTC0_IRQHandler
                0x000000000000021a                RTC1_IRQHandler
                0x000000000000021e                WDT0_IRQHandler
                0x0000000000000222                WDT1_IRQHandler
                0x0000000000000226                COMP_LPCOMP_IRQHandler
                0x000000000000022a                EGU0_IRQHandler
                0x000000000000022e                EGU1_IRQHandler
                0x0000000000000232                EGU2_IRQHandler
                0x0000000000000236                EGU3_IRQHandler
                0x000000000000023a                EGU4_IRQHandler
                0x000000000000023e                EGU5_IRQHandler
                0x0000000000000242                PWM0_IRQHandler
                0x0000000000000246                PWM1_IRQHandler
                0x000000000000024a                PWM2_IRQHandler
                0x000000000000024e                PWM3_IRQHandler
                0x0000000000000252                PDM0_IRQHandler
                0x0000000000000256                I2S0_IRQHandler
                0x000000000000025a                IPC_IRQHandler
                0x000000000000025e                QSPI_IRQHandler
                0x0000000000000262                NFCT_IRQHandler
                0x0000000000000266                GPIOTE1_IRQHandler
                0x000000000000026a                QDEC0_IRQHandler
                0x000000000000026e                QDEC1_IRQHandler
                0x0000000000000272                USBD_IRQHandler
                0x0000000000000276                USBREGULATOR_IRQHandler
                0x000000000000027a                KMU_IRQHandler
                0x000000000000027e                CRYPTOCELL_IRQHandler
                0x0000000000000284                . = ALIGN (0x4)

.copy.table     0x0000000000000284       0x24
                0x0000000000000284                __copy_table_start__ = .
                0x0000000000000284        0x4 LONG 0x55a8 LOADADDR (.TFM_DATA)
                0x0000000000000288        0x4 LONG 0x20002f20 ADDR (.TFM_DATA)
                0x000000000000028c        0x4 LONG 0xf8 SIZEOF (.TFM_DATA)
                0x0000000000000290        0x4 LONG 0x55c0 LOADADDR (.TFM_PSA_ROT_LINKER_DATA)
                0x0000000000000294        0x4 LONG 0x20001c40 ADDR (.TFM_PSA_ROT_LINKER_DATA)
                0x0000000000000298        0x4 LONG 0x0 SIZEOF (.TFM_PSA_ROT_LINKER_DATA)
                0x000000000000029c        0x4 LONG 0x55c0 LOADADDR (.TFM_APP_ROT_LINKER_DATA)
                0x00000000000002a0        0x4 LONG 0x20001c20 ADDR (.TFM_APP_ROT_LINKER_DATA)
                0x00000000000002a4        0x4 LONG 0x0 SIZEOF (.TFM_APP_ROT_LINKER_DATA)
                0x00000000000002a8                __copy_table_end__ = .

.zero.table     0x00000000000002a8       0x20
                0x00000000000002a8                __zero_table_start__ = .
                0x00000000000002a8        0x4 LONG 0x20003020 ADDR (.TFM_BSS)
                0x00000000000002ac        0x4 LONG 0x1a30 SIZEOF (.TFM_BSS)
                0x00000000000002b0        0x4 LONG 0x20001c40 ADDR (.TFM_PSA_ROT_LINKER_BSS)
                0x00000000000002b4        0x4 LONG 0x12e0 SIZEOF (.TFM_PSA_ROT_LINKER_BSS)
                0x00000000000002b8        0x4 LONG 0x20001c20 ADDR (.TFM_APP_ROT_LINKER_BSS)
                0x00000000000002bc        0x4 LONG 0x20 SIZEOF (.TFM_APP_ROT_LINKER_BSS)
                0x00000000000002c0        0x4 LONG 0x20001c00 ADDR (.TFM_SP_META_PTR)
                0x00000000000002c4        0x4 LONG 0x4 SIZEOF (.TFM_SP_META_PTR)
                0x00000000000002c8                __zero_table_end__ = .

.TFM_UNPRIV_CODE
                0x00000000000002e0      0x580
 *libc_nano*:*(.text*)
 .text.calloc   0x00000000000002e0       0x10 c:/nordicsemi/toolchains/v2.3.0/opt/zephyr-sdk/arm-zephyr-eabi/bin/../lib/gcc/arm-zephyr-eabi/12.1.0/../../../../arm-zephyr-eabi/lib/thumb/v8-m.main/nofp\libc_nano.a(lib_a-calloc.o)
                0x00000000000002e0                calloc
 .text.exit     0x00000000000002f0       0x28 c:/nordicsemi/toolchains/v2.3.0/opt/zephyr-sdk/arm-zephyr-eabi/bin/../lib/gcc/arm-zephyr-eabi/12.1.0/../../../../arm-zephyr-eabi/lib/thumb/v8-m.main/nofp\libc_nano.a(lib_a-exit.o)
                0x00000000000002f0                exit
 .text.__libc_init_array
                0x0000000000000318       0x48 c:/nordicsemi/toolchains/v2.3.0/opt/zephyr-sdk/arm-zephyr-eabi/bin/../lib/gcc/arm-zephyr-eabi/12.1.0/../../../../arm-zephyr-eabi/lib/thumb/v8-m.main/nofp\libc_nano.a(lib_a-init.o)
                0x0000000000000318                __libc_init_array
 .text.free     0x0000000000000360       0x10 c:/nordicsemi/toolchains/v2.3.0/opt/zephyr-sdk/arm-zephyr-eabi/bin/../lib/gcc/arm-zephyr-eabi/12.1.0/../../../../arm-zephyr-eabi/lib/thumb/v8-m.main/nofp\libc_nano.a(lib_a-malloc.o)
                0x0000000000000360                free
 .text.memmove  0x0000000000000370       0x34 c:/nordicsemi/toolchains/v2.3.0/opt/zephyr-sdk/arm-zephyr-eabi/bin/../lib/gcc/arm-zephyr-eabi/12.1.0/../../../../arm-zephyr-eabi/lib/thumb/v8-m.main/nofp\libc_nano.a(lib_a-memmove.o)
                0x0000000000000370                memmove
 .text._calloc_r
                0x00000000000003a4       0x1c c:/nordicsemi/toolchains/v2.3.0/opt/zephyr-sdk/arm-zephyr-eabi/bin/../lib/gcc/arm-zephyr-eabi/12.1.0/../../../../arm-zephyr-eabi/lib/thumb/v8-m.main/nofp\libc_nano.a(lib_a-nano-callocr.o)
                0x00000000000003a4                _calloc_r
 .text._free_r  0x00000000000003c0       0x94 c:/nordicsemi/toolchains/v2.3.0/opt/zephyr-sdk/arm-zephyr-eabi/bin/../lib/gcc/arm-zephyr-eabi/12.1.0/../../../../arm-zephyr-eabi/lib/thumb/v8-m.main/nofp\libc_nano.a(lib_a-nano-freer.o)
                0x00000000000003c0                _free_r
 .text._malloc_r
                0x0000000000000454       0xb4 c:/nordicsemi/toolchains/v2.3.0/opt/zephyr-sdk/arm-zephyr-eabi/bin/../lib/gcc/arm-zephyr-eabi/12.1.0/../../../../arm-zephyr-eabi/lib/thumb/v8-m.main/nofp\libc_nano.a(lib_a-nano-mallocr.o)
                0x0000000000000454                _malloc_r
 .text._sbrk_r  0x0000000000000508       0x20 c:/nordicsemi/toolchains/v2.3.0/opt/zephyr-sdk/arm-zephyr-eabi/bin/../lib/gcc/arm-zephyr-eabi/12.1.0/../../../../arm-zephyr-eabi/lib/thumb/v8-m.main/nofp\libc_nano.a(lib_a-sbrkr.o)
                0x0000000000000508                _sbrk_r
 .text.__malloc_lock
                0x0000000000000528        0xc c:/nordicsemi/toolchains/v2.3.0/opt/zephyr-sdk/arm-zephyr-eabi/bin/../lib/gcc/arm-zephyr-eabi/12.1.0/../../../../arm-zephyr-eabi/lib/thumb/v8-m.main/nofp\libc_nano.a(lib_a-mlock.o)
                0x0000000000000528                __malloc_lock
 .text.__malloc_unlock
                0x0000000000000534        0xc c:/nordicsemi/toolchains/v2.3.0/opt/zephyr-sdk/arm-zephyr-eabi/bin/../lib/gcc/arm-zephyr-eabi/12.1.0/../../../../arm-zephyr-eabi/lib/thumb/v8-m.main/nofp\libc_nano.a(lib_a-mlock.o)
                0x0000000000000534                __malloc_unlock
 .text.__retarget_lock_acquire_recursive
                0x0000000000000540        0x2 c:/nordicsemi/toolchains/v2.3.0/opt/zephyr-sdk/arm-zephyr-eabi/bin/../lib/gcc/arm-zephyr-eabi/12.1.0/../../../../arm-zephyr-eabi/lib/thumb/v8-m.main/nofp\libc_nano.a(lib_a-lock.o)
                0x0000000000000540                __retarget_lock_acquire_recursive
 .text.__retarget_lock_release_recursive
                0x0000000000000542        0x2 c:/nordicsemi/toolchains/v2.3.0/opt/zephyr-sdk/arm-zephyr-eabi/bin/../lib/gcc/arm-zephyr-eabi/12.1.0/../../../../arm-zephyr-eabi/lib/thumb/v8-m.main/nofp\libc_nano.a(lib_a-lock.o)
                0x0000000000000542                __retarget_lock_release_recursive
 *libc_nano*:*(.rodata*)
 .rodata._global_impure_ptr
                0x0000000000000544        0x4 c:/nordicsemi/toolchains/v2.3.0/opt/zephyr-sdk/arm-zephyr-eabi/bin/../lib/gcc/arm-zephyr-eabi/12.1.0/../../../../arm-zephyr-eabi/lib/thumb/v8-m.main/nofp\libc_nano.a(lib_a-impure.o)
                0x0000000000000544                _global_impure_ptr
 *(SFN)
 SFN            0x0000000000000548      0x100 secure_fw/CMakeFiles/tfm_s.dir/partitions/ns_agent_tz/tfm_psa_api_veneers.o
                0x0000000000000548                __acle_se_tfm_psa_framework_version_veneer
                0x0000000000000574                __acle_se_tfm_psa_version_veneer
                0x00000000000005a0                __acle_se_tfm_psa_call_veneer
                0x00000000000005d4                __acle_se_tfm_psa_connect_veneer
                0x0000000000000602                __acle_se_tfm_psa_close_veneer
 *libgcc*:*(.text*)
 .text          0x0000000000000648       0xc8 c:/nordicsemi/toolchains/v2.3.0/opt/zephyr-sdk/arm-zephyr-eabi/bin/../lib/gcc/arm-zephyr-eabi/12.1.0/thumb/v8-m.main/nofp\libgcc.a(cmse.o)
                0x0000000000000648                cmse_check_address_range
 *libgcc*:*(.rodata*)
 *libtfm_sprt*:*(.text*)
 .text.memset   0x0000000000000710       0x3e secure_fw/partitions/lib/sprt/libtfm_sprt.a(crt_memset.o)
                0x0000000000000710                memset
 .text.memcpy   0x000000000000074e       0x62 secure_fw/partitions/lib/sprt/libtfm_sprt.a(crt_memcpy.o)
                0x000000000000074e                memcpy
 .text.runtime_init_c
                0x00000000000007b0       0x18 secure_fw/partitions/lib/sprt/libtfm_sprt.a(sprt_main.o)
 .text.sprt_main
                0x00000000000007c8        0x6 secure_fw/partitions/lib/sprt/libtfm_sprt.a(sprt_main.o)
                0x00000000000007c8                sprt_main
 *fill*         0x00000000000007ce        0x2 
 .text.common_sfn_thread
                0x00000000000007d0       0x84 secure_fw/partitions/lib/sprt/libtfm_sprt.a(sfn_common_thread.o)
                0x00000000000007d0                common_sfn_thread
 *libtfm_sprt*:*(.rodata*)
 *psa_client.*(.text*)
 *psa_client.*(.rodata*)
 *psa_service.*(.text*)
 *psa_service.*(.rodata*)
 *psa_lifecycle.*(.text*)
 *psa_lifecycle.*(.rodata*)
 *tfm_log_raw.*(.text*)
 *tfm_log_raw.*(.rodata*)
 *tfm_psa_call_pack.*(.text*)
 *tfm_psa_call_pack.*(.rodata*)
 *psa_interface_svc.*(.text*)
 *psa_interface_svc.*(.rodata*)
                0x0000000000000860                . = ALIGN (0x20)
 *fill*         0x0000000000000854        0xc 
                0x00000000000002e0                Image$$TFM_UNPRIV_CODE$$RO$$Base = ADDR (.TFM_UNPRIV_CODE)
                0x0000000000000860                Image$$TFM_UNPRIV_CODE$$RO$$Limit = (ADDR (.TFM_UNPRIV_CODE) + SIZEOF (.TFM_UNPRIV_CODE))

.TFM_SP_LOAD_LIST
                0x0000000000000860      0x124
 *(.part_load)
 .part_load     0x0000000000000860       0x4c secure_fw/CMakeFiles/tfm_s.dir/__/generated/secure_fw/partitions/crypto/auto_generated/load_info_tfm_crypto.o
                0x0000000000000860                tfm_sp_crypto_load
 .part_load     0x00000000000008ac       0x78 secure_fw/CMakeFiles/tfm_s.dir/__/generated/secure_fw/partitions/platform/auto_generated/load_info_tfm_platform.o
                0x00000000000008ac                tfm_sp_platform_load
 .part_load     0x0000000000000924       0x30 secure_fw/CMakeFiles/tfm_s.dir/partitions/ns_agent_tz/load_info_ns_agent_tz.o
                0x0000000000000924                tfm_sp_ns_agent_tz_load
 .part_load     0x0000000000000954       0x30 secure_fw/CMakeFiles/tfm_s.dir/partitions/idle_partition/load_info_idle_sp.o
                0x0000000000000954                tfm_sp_idle_load
                0x0000000000000860                Image$$TFM_SP_LOAD_LIST$$RO$$Base = ADDR (.TFM_SP_LOAD_LIST)
                0x0000000000000984                Image$$TFM_SP_LOAD_LIST$$RO$$Limit = (ADDR (.TFM_SP_LOAD_LIST) + SIZEOF (.TFM_SP_LOAD_LIST))
                0x00000000000009a0                . = ALIGN (0x20)
                0x00000000000009a0                Image$$TFM_PSA_CODE_START$$Base = .

.TFM_PSA_ROT_LINKER
                0x00000000000009a0      0x600
 *tfm_psa_rot_partition*:*(.text*)
 .text.tfm_crypto_clear_scratch
                0x00000000000009a0       0x20 secure_fw/partitions/crypto/libtfm_psa_rot_partition_crypto.a(crypto_init.o)
                0x00000000000009a0                tfm_crypto_clear_scratch
 .text.tfm_crypto_init
                0x00000000000009c0       0x20 secure_fw/partitions/crypto/libtfm_psa_rot_partition_crypto.a(crypto_init.o)
                0x00000000000009c0                tfm_crypto_init
 .text.tfm_crypto_sfn
                0x00000000000009e0      0x178 secure_fw/partitions/crypto/libtfm_psa_rot_partition_crypto.a(crypto_init.o)
                0x00000000000009e0                tfm_crypto_sfn
 .text.tfm_crypto_init_alloc
                0x0000000000000b58       0x18 secure_fw/partitions/crypto/libtfm_psa_rot_partition_crypto.a(crypto_alloc.o)
                0x0000000000000b58                tfm_crypto_init_alloc
 .text.tfm_crypto_cipher_generate_iv
                0x0000000000000b70        0x6 secure_fw/partitions/crypto/libtfm_psa_rot_partition_crypto.a(crypto_cipher.o)
                0x0000000000000b70                tfm_crypto_cipher_generate_iv
 .text.tfm_crypto_cipher_set_iv
                0x0000000000000b76        0x6 secure_fw/partitions/crypto/libtfm_psa_rot_partition_crypto.a(crypto_cipher.o)
                0x0000000000000b76                tfm_crypto_cipher_set_iv
 .text.tfm_crypto_cipher_encrypt_setup
                0x0000000000000b7c        0x6 secure_fw/partitions/crypto/libtfm_psa_rot_partition_crypto.a(crypto_cipher.o)
                0x0000000000000b7c                tfm_crypto_cipher_encrypt_setup
 .text.tfm_crypto_cipher_decrypt_setup
                0x0000000000000b82        0x6 secure_fw/partitions/crypto/libtfm_psa_rot_partition_crypto.a(crypto_cipher.o)
                0x0000000000000b82                tfm_crypto_cipher_decrypt_setup
 .text.tfm_crypto_cipher_update
                0x0000000000000b88        0x6 secure_fw/partitions/crypto/libtfm_psa_rot_partition_crypto.a(crypto_cipher.o)
                0x0000000000000b88                tfm_crypto_cipher_update
 .text.tfm_crypto_cipher_finish
                0x0000000000000b8e        0x6 secure_fw/partitions/crypto/libtfm_psa_rot_partition_crypto.a(crypto_cipher.o)
                0x0000000000000b8e                tfm_crypto_cipher_finish
 .text.tfm_crypto_cipher_abort
                0x0000000000000b94        0x6 secure_fw/partitions/crypto/libtfm_psa_rot_partition_crypto.a(crypto_cipher.o)
                0x0000000000000b94                tfm_crypto_cipher_abort
 .text.tfm_crypto_cipher_encrypt
                0x0000000000000b9a        0x6 secure_fw/partitions/crypto/libtfm_psa_rot_partition_crypto.a(crypto_cipher.o)
                0x0000000000000b9a                tfm_crypto_cipher_encrypt
 .text.tfm_crypto_cipher_decrypt
                0x0000000000000ba0        0x6 secure_fw/partitions/crypto/libtfm_psa_rot_partition_crypto.a(crypto_cipher.o)
                0x0000000000000ba0                tfm_crypto_cipher_decrypt
 .text.tfm_crypto_hash_setup
                0x0000000000000ba6        0x6 secure_fw/partitions/crypto/libtfm_psa_rot_partition_crypto.a(crypto_hash.o)
                0x0000000000000ba6                tfm_crypto_hash_setup
 .text.tfm_crypto_hash_update
                0x0000000000000bac        0x6 secure_fw/partitions/crypto/libtfm_psa_rot_partition_crypto.a(crypto_hash.o)
                0x0000000000000bac                tfm_crypto_hash_update
 .text.tfm_crypto_hash_finish
                0x0000000000000bb2        0x6 secure_fw/partitions/crypto/libtfm_psa_rot_partition_crypto.a(crypto_hash.o)
                0x0000000000000bb2                tfm_crypto_hash_finish
 .text.tfm_crypto_hash_verify
                0x0000000000000bb8        0x6 secure_fw/partitions/crypto/libtfm_psa_rot_partition_crypto.a(crypto_hash.o)
                0x0000000000000bb8                tfm_crypto_hash_verify
 .text.tfm_crypto_hash_abort
                0x0000000000000bbe        0x6 secure_fw/partitions/crypto/libtfm_psa_rot_partition_crypto.a(crypto_hash.o)
                0x0000000000000bbe                tfm_crypto_hash_abort
 .text.tfm_crypto_hash_clone
                0x0000000000000bc4        0x6 secure_fw/partitions/crypto/libtfm_psa_rot_partition_crypto.a(crypto_hash.o)
                0x0000000000000bc4                tfm_crypto_hash_clone
 .text.tfm_crypto_hash_compute
                0x0000000000000bca        0x6 secure_fw/partitions/crypto/libtfm_psa_rot_partition_crypto.a(crypto_hash.o)
                0x0000000000000bca                tfm_crypto_hash_compute
 .text.tfm_crypto_hash_compare
                0x0000000000000bd0        0x6 secure_fw/partitions/crypto/libtfm_psa_rot_partition_crypto.a(crypto_hash.o)
                0x0000000000000bd0                tfm_crypto_hash_compare
 .text.tfm_crypto_mac_sign_setup
                0x0000000000000bd6        0x6 secure_fw/partitions/crypto/libtfm_psa_rot_partition_crypto.a(crypto_mac.o)
                0x0000000000000bd6                tfm_crypto_mac_sign_setup
 .text.tfm_crypto_mac_verify_setup
                0x0000000000000bdc        0x6 secure_fw/partitions/crypto/libtfm_psa_rot_partition_crypto.a(crypto_mac.o)
                0x0000000000000bdc                tfm_crypto_mac_verify_setup
 .text.tfm_crypto_mac_update
                0x0000000000000be2        0x6 secure_fw/partitions/crypto/libtfm_psa_rot_partition_crypto.a(crypto_mac.o)
                0x0000000000000be2                tfm_crypto_mac_update
 .text.tfm_crypto_mac_sign_finish
                0x0000000000000be8        0x6 secure_fw/partitions/crypto/libtfm_psa_rot_partition_crypto.a(crypto_mac.o)
                0x0000000000000be8                tfm_crypto_mac_sign_finish
 .text.tfm_crypto_mac_verify_finish
                0x0000000000000bee        0x6 secure_fw/partitions/crypto/libtfm_psa_rot_partition_crypto.a(crypto_mac.o)
                0x0000000000000bee                tfm_crypto_mac_verify_finish
 .text.tfm_crypto_mac_abort
                0x0000000000000bf4        0x6 secure_fw/partitions/crypto/libtfm_psa_rot_partition_crypto.a(crypto_mac.o)
                0x0000000000000bf4                tfm_crypto_mac_abort
 .text.tfm_crypto_mac_compute
                0x0000000000000bfa        0x6 secure_fw/partitions/crypto/libtfm_psa_rot_partition_crypto.a(crypto_mac.o)
                0x0000000000000bfa                tfm_crypto_mac_compute
 .text.tfm_crypto_mac_verify
                0x0000000000000c00        0x6 secure_fw/partitions/crypto/libtfm_psa_rot_partition_crypto.a(crypto_mac.o)
                0x0000000000000c00                tfm_crypto_mac_verify
 .text.tfm_crypto_aead_encrypt
                0x0000000000000c06        0x6 secure_fw/partitions/crypto/libtfm_psa_rot_partition_crypto.a(crypto_aead.o)
                0x0000000000000c06                tfm_crypto_aead_encrypt
 .text.tfm_crypto_aead_decrypt
                0x0000000000000c0c        0x6 secure_fw/partitions/crypto/libtfm_psa_rot_partition_crypto.a(crypto_aead.o)
                0x0000000000000c0c                tfm_crypto_aead_decrypt
 .text.tfm_crypto_aead_encrypt_setup
                0x0000000000000c12        0x6 secure_fw/partitions/crypto/libtfm_psa_rot_partition_crypto.a(crypto_aead.o)
                0x0000000000000c12                tfm_crypto_aead_encrypt_setup
 .text.tfm_crypto_aead_decrypt_setup
                0x0000000000000c18        0x6 secure_fw/partitions/crypto/libtfm_psa_rot_partition_crypto.a(crypto_aead.o)
                0x0000000000000c18                tfm_crypto_aead_decrypt_setup
 .text.tfm_crypto_aead_abort
                0x0000000000000c1e        0x6 secure_fw/partitions/crypto/libtfm_psa_rot_partition_crypto.a(crypto_aead.o)
                0x0000000000000c1e                tfm_crypto_aead_abort
 .text.tfm_crypto_aead_finish
                0x0000000000000c24        0x6 secure_fw/partitions/crypto/libtfm_psa_rot_partition_crypto.a(crypto_aead.o)
                0x0000000000000c24                tfm_crypto_aead_finish
 .text.tfm_crypto_aead_generate_nonce
                0x0000000000000c2a        0x6 secure_fw/partitions/crypto/libtfm_psa_rot_partition_crypto.a(crypto_aead.o)
                0x0000000000000c2a                tfm_crypto_aead_generate_nonce
 .text.tfm_crypto_aead_set_nonce
                0x0000000000000c30        0x6 secure_fw/partitions/crypto/libtfm_psa_rot_partition_crypto.a(crypto_aead.o)
                0x0000000000000c30                tfm_crypto_aead_set_nonce
 .text.tfm_crypto_aead_set_lengths
                0x0000000000000c36        0x6 secure_fw/partitions/crypto/libtfm_psa_rot_partition_crypto.a(crypto_aead.o)
                0x0000000000000c36                tfm_crypto_aead_set_lengths
 .text.tfm_crypto_aead_update
                0x0000000000000c3c        0x6 secure_fw/partitions/crypto/libtfm_psa_rot_partition_crypto.a(crypto_aead.o)
                0x0000000000000c3c                tfm_crypto_aead_update
 .text.tfm_crypto_aead_update_ad
                0x0000000000000c42        0x6 secure_fw/partitions/crypto/libtfm_psa_rot_partition_crypto.a(crypto_aead.o)
                0x0000000000000c42                tfm_crypto_aead_update_ad
 .text.tfm_crypto_aead_verify
                0x0000000000000c48        0x6 secure_fw/partitions/crypto/libtfm_psa_rot_partition_crypto.a(crypto_aead.o)
                0x0000000000000c48                tfm_crypto_aead_verify
 .text.tfm_crypto_sign_message
                0x0000000000000c4e        0x6 secure_fw/partitions/crypto/libtfm_psa_rot_partition_crypto.a(crypto_asymmetric.o)
                0x0000000000000c4e                tfm_crypto_sign_message
 .text.tfm_crypto_verify_message
                0x0000000000000c54        0x6 secure_fw/partitions/crypto/libtfm_psa_rot_partition_crypto.a(crypto_asymmetric.o)
                0x0000000000000c54                tfm_crypto_verify_message
 .text.tfm_crypto_sign_hash
                0x0000000000000c5a        0x6 secure_fw/partitions/crypto/libtfm_psa_rot_partition_crypto.a(crypto_asymmetric.o)
                0x0000000000000c5a                tfm_crypto_sign_hash
 .text.tfm_crypto_verify_hash
                0x0000000000000c60        0x6 secure_fw/partitions/crypto/libtfm_psa_rot_partition_crypto.a(crypto_asymmetric.o)
                0x0000000000000c60                tfm_crypto_verify_hash
 .text.tfm_crypto_asymmetric_encrypt
                0x0000000000000c66        0x6 secure_fw/partitions/crypto/libtfm_psa_rot_partition_crypto.a(crypto_asymmetric.o)
                0x0000000000000c66                tfm_crypto_asymmetric_encrypt
 .text.tfm_crypto_asymmetric_decrypt
                0x0000000000000c6c        0x6 secure_fw/partitions/crypto/libtfm_psa_rot_partition_crypto.a(crypto_asymmetric.o)
                0x0000000000000c6c                tfm_crypto_asymmetric_decrypt
 .text.tfm_crypto_key_derivation_setup
                0x0000000000000c72        0x6 secure_fw/partitions/crypto/libtfm_psa_rot_partition_crypto.a(crypto_key_derivation.o)
                0x0000000000000c72                tfm_crypto_key_derivation_setup
 .text.tfm_crypto_key_derivation_get_capacity
                0x0000000000000c78        0x6 secure_fw/partitions/crypto/libtfm_psa_rot_partition_crypto.a(crypto_key_derivation.o)
                0x0000000000000c78                tfm_crypto_key_derivation_get_capacity
 .text.tfm_crypto_key_derivation_set_capacity
                0x0000000000000c7e        0x6 secure_fw/partitions/crypto/libtfm_psa_rot_partition_crypto.a(crypto_key_derivation.o)
                0x0000000000000c7e                tfm_crypto_key_derivation_set_capacity
 .text.tfm_crypto_key_derivation_input_bytes
                0x0000000000000c84        0x6 secure_fw/partitions/crypto/libtfm_psa_rot_partition_crypto.a(crypto_key_derivation.o)
                0x0000000000000c84                tfm_crypto_key_derivation_input_bytes
 .text.tfm_crypto_key_derivation_output_bytes
                0x0000000000000c8a        0x6 secure_fw/partitions/crypto/libtfm_psa_rot_partition_crypto.a(crypto_key_derivation.o)
                0x0000000000000c8a                tfm_crypto_key_derivation_output_bytes
 .text.tfm_crypto_key_derivation_input_key
                0x0000000000000c90        0x6 secure_fw/partitions/crypto/libtfm_psa_rot_partition_crypto.a(crypto_key_derivation.o)
                0x0000000000000c90                tfm_crypto_key_derivation_input_key
 .text.tfm_crypto_key_derivation_output_key
                0x0000000000000c96        0x6 secure_fw/partitions/crypto/libtfm_psa_rot_partition_crypto.a(crypto_key_derivation.o)
                0x0000000000000c96                tfm_crypto_key_derivation_output_key
 .text.tfm_crypto_key_derivation_abort
                0x0000000000000c9c        0x6 secure_fw/partitions/crypto/libtfm_psa_rot_partition_crypto.a(crypto_key_derivation.o)
                0x0000000000000c9c                tfm_crypto_key_derivation_abort
 .text.tfm_crypto_key_derivation_key_agreement
                0x0000000000000ca2        0x6 secure_fw/partitions/crypto/libtfm_psa_rot_partition_crypto.a(crypto_key_derivation.o)
                0x0000000000000ca2                tfm_crypto_key_derivation_key_agreement
 .text.tfm_crypto_raw_key_agreement
                0x0000000000000ca8        0x6 secure_fw/partitions/crypto/libtfm_psa_rot_partition_crypto.a(crypto_key_derivation.o)
                0x0000000000000ca8                tfm_crypto_raw_key_agreement
 .text.tfm_crypto_import_key
                0x0000000000000cae        0x6 secure_fw/partitions/crypto/libtfm_psa_rot_partition_crypto.a(crypto_key_management.o)
                0x0000000000000cae                tfm_crypto_import_key
 .text.tfm_crypto_open_key
                0x0000000000000cb4        0x6 secure_fw/partitions/crypto/libtfm_psa_rot_partition_crypto.a(crypto_key_management.o)
                0x0000000000000cb4                tfm_crypto_open_key
 .text.tfm_crypto_close_key
                0x0000000000000cba        0x6 secure_fw/partitions/crypto/libtfm_psa_rot_partition_crypto.a(crypto_key_management.o)
                0x0000000000000cba                tfm_crypto_close_key
 .text.tfm_crypto_destroy_key
                0x0000000000000cc0        0x6 secure_fw/partitions/crypto/libtfm_psa_rot_partition_crypto.a(crypto_key_management.o)
                0x0000000000000cc0                tfm_crypto_destroy_key
 .text.tfm_crypto_get_key_attributes
                0x0000000000000cc6        0x6 secure_fw/partitions/crypto/libtfm_psa_rot_partition_crypto.a(crypto_key_management.o)
                0x0000000000000cc6                tfm_crypto_get_key_attributes
 .text.tfm_crypto_reset_key_attributes
                0x0000000000000ccc        0x6 secure_fw/partitions/crypto/libtfm_psa_rot_partition_crypto.a(crypto_key_management.o)
                0x0000000000000ccc                tfm_crypto_reset_key_attributes
 .text.tfm_crypto_export_key
                0x0000000000000cd2        0x6 secure_fw/partitions/crypto/libtfm_psa_rot_partition_crypto.a(crypto_key_management.o)
                0x0000000000000cd2                tfm_crypto_export_key
 .text.tfm_crypto_export_public_key
                0x0000000000000cd8        0x6 secure_fw/partitions/crypto/libtfm_psa_rot_partition_crypto.a(crypto_key_management.o)
                0x0000000000000cd8                tfm_crypto_export_public_key
 .text.tfm_crypto_purge_key
                0x0000000000000cde        0x6 secure_fw/partitions/crypto/libtfm_psa_rot_partition_crypto.a(crypto_key_management.o)
                0x0000000000000cde                tfm_crypto_purge_key
 .text.tfm_crypto_copy_key
                0x0000000000000ce4        0x6 secure_fw/partitions/crypto/libtfm_psa_rot_partition_crypto.a(crypto_key_management.o)
                0x0000000000000ce4                tfm_crypto_copy_key
 .text.tfm_crypto_generate_key
                0x0000000000000cea        0x6 secure_fw/partitions/crypto/libtfm_psa_rot_partition_crypto.a(crypto_key_management.o)
                0x0000000000000cea                tfm_crypto_generate_key
 .text.tfm_crypto_generate_random
                0x0000000000000cf0       0x1c secure_fw/partitions/crypto/libtfm_psa_rot_partition_crypto.a(crypto_rng.o)
                0x0000000000000cf0                tfm_crypto_generate_random
 .text.platform_sp_nv_counter_ipc
                0x0000000000000d0c        0x6 secure_fw/partitions/platform/libtfm_psa_rot_partition_platform.a(platform_sp.o)
 .text.platform_sp_system_reset_ipc
                0x0000000000000d12        0xa secure_fw/partitions/platform/libtfm_psa_rot_partition_platform.a(platform_sp.o)
 .text.platform_sp_ioctl_ipc
                0x0000000000000d1c       0xf0 secure_fw/partitions/platform/libtfm_psa_rot_partition_platform.a(platform_sp.o)
 .text.platform_signal_handle
                0x0000000000000e0c       0x3a secure_fw/partitions/platform/libtfm_psa_rot_partition_platform.a(platform_sp.o)
 .text.platform_sp_system_reset
                0x0000000000000e46        0xa secure_fw/partitions/platform/libtfm_psa_rot_partition_platform.a(platform_sp.o)
                0x0000000000000e46                platform_sp_system_reset
 .text.platform_sp_init
                0x0000000000000e50       0x48 secure_fw/partitions/platform/libtfm_psa_rot_partition_platform.a(platform_sp.o)
                0x0000000000000e50                platform_sp_init
 *tfm_psa_rot_partition*:*(.rodata*)
 .rodata.sfid_func_table
                0x0000000000000e98      0x104 secure_fw/partitions/crypto/libtfm_psa_rot_partition_crypto.a(crypto_init.o)
 *(TFM_*_PSA-ROT_ATTR_FN)
                0x0000000000000fa0                . = ALIGN (0x20)
 *fill*         0x0000000000000f9c        0x4 
                0x00000000000009a0                Image$$TFM_PSA_ROT_LINKER$$RO$$Base = ADDR (.TFM_PSA_ROT_LINKER)
                0x0000000000000fa0                Image$$TFM_PSA_ROT_LINKER$$RO$$Limit = (ADDR (.TFM_PSA_ROT_LINKER) + SIZEOF (.TFM_PSA_ROT_LINKER))
                0x00000000000009a0                Image$$TFM_PSA_ROT_LINKER$$Base = ADDR (.TFM_PSA_ROT_LINKER)
                0x0000000000000fa0                Image$$TFM_PSA_ROT_LINKER$$Limit = (ADDR (.TFM_PSA_ROT_LINKER) + SIZEOF (.TFM_PSA_ROT_LINKER))
                0x0000000000000fa0                Image$$TFM_PSA_CODE_END$$Base = .
                0x0000000000000fa0                Image$$TFM_APP_CODE_START$$Base = .

.TFM_APP_ROT_LINKER
                0x0000000000000fa0        0x0
 *tfm_app_rot_partition*:*(.text*)
 *tfm_app_rot_partition*:*(.rodata*)
 *(TFM_*_APP-ROT_ATTR_FN)
                0x0000000000000fa0                . = ALIGN (0x20)
                0x0000000000000fa0                Image$$TFM_APP_ROT_LINKER$$RO$$Base = ADDR (.TFM_APP_ROT_LINKER)
                0x0000000000000fa0                Image$$TFM_APP_ROT_LINKER$$RO$$Limit = (ADDR (.TFM_APP_ROT_LINKER) + SIZEOF (.TFM_APP_ROT_LINKER))
                0x0000000000000fa0                Image$$TFM_APP_ROT_LINKER$$Base = ADDR (.TFM_APP_ROT_LINKER)
                0x0000000000000fa0                Image$$TFM_APP_ROT_LINKER$$Limit = (ADDR (.TFM_APP_ROT_LINKER) + SIZEOF (.TFM_APP_ROT_LINKER))
                0x0000000000000fa0                Image$$TFM_APP_CODE_END$$Base = .

.ER_TFM_CODE    0x0000000000000fa0     0x42f8
 *(.text*)
 .text          0x0000000000000fa0       0x88 c:/nordicsemi/toolchains/v2.3.0/opt/zephyr-sdk/arm-zephyr-eabi/bin/../lib/gcc/arm-zephyr-eabi/12.1.0/thumb/v8-m.main/nofp/crtbegin.o
 .text          0x0000000000001028       0x7c c:/nordicsemi/toolchains/v2.3.0/opt/zephyr-sdk/arm-zephyr-eabi/bin/../lib/gcc/arm-zephyr-eabi/12.1.0/../../../../arm-zephyr-eabi/lib/thumb/v8-m.main/nofp/crt0.o
                0x0000000000001028                _stack_init
                0x0000000000001030                _start
                0x0000000000001030                _mainCRTStartup
 .text.C_HardFault_Handler
                0x00000000000010a4        0x4 secure_fw/CMakeFiles/tfm_s.dir/__/platform/ext/common/faults.o
                0x00000000000010a4                C_HardFault_Handler
 .text.HardFault_Handler
                0x00000000000010a8        0x6 secure_fw/CMakeFiles/tfm_s.dir/__/platform/ext/common/faults.o
                0x00000000000010a8                HardFault_Handler
 .text.C_MemManage_Handler
                0x00000000000010ae        0x4 secure_fw/CMakeFiles/tfm_s.dir/__/platform/ext/common/faults.o
                0x00000000000010ae                C_MemManage_Handler
 .text.MemManage_Handler
                0x00000000000010b2        0x6 secure_fw/CMakeFiles/tfm_s.dir/__/platform/ext/common/faults.o
                0x00000000000010b2                MemManage_Handler
 .text.C_BusFault_Handler
                0x00000000000010b8        0x4 secure_fw/CMakeFiles/tfm_s.dir/__/platform/ext/common/faults.o
                0x00000000000010b8                C_BusFault_Handler
 .text.BusFault_Handler
                0x00000000000010bc        0x6 secure_fw/CMakeFiles/tfm_s.dir/__/platform/ext/common/faults.o
                0x00000000000010bc                BusFault_Handler
 .text.C_SecureFault_Handler
                0x00000000000010c2        0x4 secure_fw/CMakeFiles/tfm_s.dir/__/platform/ext/common/faults.o
                0x00000000000010c2                C_SecureFault_Handler
 .text.SecureFault_Handler
                0x00000000000010c6        0x6 secure_fw/CMakeFiles/tfm_s.dir/__/platform/ext/common/faults.o
                0x00000000000010c6                SecureFault_Handler
 .text.C_UsageFault_Handler
                0x00000000000010cc        0x4 secure_fw/CMakeFiles/tfm_s.dir/__/platform/ext/common/faults.o
                0x00000000000010cc                C_UsageFault_Handler
 .text.UsageFault_Handler
                0x00000000000010d0        0x6 secure_fw/CMakeFiles/tfm_s.dir/__/platform/ext/common/faults.o
                0x00000000000010d0                UsageFault_Handler
 *fill*         0x00000000000010d6        0x2 
 .text.nrf53_errata_42
                0x00000000000010d8       0x24 platform/libplatform_s.a(system_nrf5340_application.o)
 .text.SystemCoreClockUpdate
                0x00000000000010fc       0x20 platform/libplatform_s.a(system_nrf5340_application.o)
                0x00000000000010fc                SystemCoreClockUpdate
 .text.SystemInit
                0x000000000000111c      0x174 platform/libplatform_s.a(system_nrf5340_application.o)
                0x000000000000111c                SystemInit
 .text.startup.main
                0x0000000000001290       0x4c secure_fw/spm/libtfm_spm.a(main.o)
                0x0000000000001290                main
 .text.cross_call_entering_c
                0x00000000000012dc       0x2c secure_fw/spm/libtfm_spm.a(spm_cross_call.o)
                0x00000000000012dc                cross_call_entering_c
 .text.cross_call_exiting_c
                0x0000000000001308       0x30 secure_fw/spm/libtfm_spm.a(spm_cross_call.o)
                0x0000000000001308                cross_call_exiting_c
 .text.spm_interface_cross_dispatcher
                0x0000000000001338       0x38 secure_fw/spm/libtfm_spm.a(spm_cross_call.o)
                0x0000000000001338                spm_interface_cross_dispatcher
 .text.spm_handle_programmer_errors
                0x0000000000001370       0x18 secure_fw/spm/libtfm_spm.a(psa_api.o)
                0x0000000000001370                spm_handle_programmer_errors
 .text.tfm_spm_get_lifecycle_state
                0x0000000000001388        0x4 secure_fw/spm/libtfm_spm.a(psa_api.o)
                0x0000000000001388                tfm_spm_get_lifecycle_state
 .text.tfm_spm_client_psa_framework_version
                0x000000000000138c        0x6 secure_fw/spm/libtfm_spm.a(psa_api.o)
                0x000000000000138c                tfm_spm_client_psa_framework_version
 .text.tfm_spm_client_psa_version
                0x0000000000001392       0x2c secure_fw/spm/libtfm_spm.a(psa_api.o)
                0x0000000000001392                tfm_spm_client_psa_version
 *fill*         0x00000000000013be        0x2 
 .text.tfm_spm_client_psa_call
                0x00000000000013c0      0x1e8 secure_fw/spm/libtfm_spm.a(psa_api.o)
                0x00000000000013c0                tfm_spm_client_psa_call
 .text.tfm_spm_client_psa_connect
                0x00000000000015a8       0xa4 secure_fw/spm/libtfm_spm.a(psa_api.o)
                0x00000000000015a8                tfm_spm_client_psa_connect
 .text.tfm_spm_client_psa_close
                0x000000000000164c       0x74 secure_fw/spm/libtfm_spm.a(psa_api.o)
                0x000000000000164c                tfm_spm_client_psa_close
 .text.tfm_spm_partition_psa_wait
                0x00000000000016c0       0x40 secure_fw/spm/libtfm_spm.a(psa_api.o)
                0x00000000000016c0                tfm_spm_partition_psa_wait
 .text.tfm_spm_partition_psa_get
                0x0000000000001700       0x68 secure_fw/spm/libtfm_spm.a(psa_api.o)
                0x0000000000001700                tfm_spm_partition_psa_get
 .text.tfm_spm_partition_psa_read
                0x0000000000001768       0x72 secure_fw/spm/libtfm_spm.a(psa_api.o)
                0x0000000000001768                tfm_spm_partition_psa_read
 .text.tfm_spm_partition_psa_skip
                0x00000000000017da       0x46 secure_fw/spm/libtfm_spm.a(psa_api.o)
                0x00000000000017da                tfm_spm_partition_psa_skip
 .text.tfm_spm_partition_psa_write
                0x0000000000001820       0x6c secure_fw/spm/libtfm_spm.a(psa_api.o)
                0x0000000000001820                tfm_spm_partition_psa_write
 .text.tfm_spm_partition_psa_reply
                0x000000000000188c       0xa4 secure_fw/spm/libtfm_spm.a(psa_api.o)
                0x000000000000188c                tfm_spm_partition_psa_reply
 .text.tfm_spm_partition_psa_notify
                0x0000000000001930       0x10 secure_fw/spm/libtfm_spm.a(psa_api.o)
                0x0000000000001930                tfm_spm_partition_psa_notify
 .text.tfm_spm_partition_psa_clear
                0x0000000000001940       0x2c secure_fw/spm/libtfm_spm.a(psa_api.o)
                0x0000000000001940                tfm_spm_partition_psa_clear
 .text.tfm_spm_partition_psa_panic
                0x000000000000196c        0x4 secure_fw/spm/libtfm_spm.a(psa_api.o)
                0x000000000000196c                tfm_spm_partition_psa_panic
 .text.tfm_spm_partition_psa_set_rhandle
                0x0000000000001970       0x24 secure_fw/spm/libtfm_spm.a(psa_api.o)
                0x0000000000001970                tfm_spm_partition_psa_set_rhandle
 .text.ipc_wake_up
                0x0000000000001994       0x16 secure_fw/spm/libtfm_spm.a(backend_ipc.o)
 .text.ipc_replying
                0x00000000000019aa        0xc secure_fw/spm/libtfm_spm.a(backend_ipc.o)
 *fill*         0x00000000000019b6        0x2 
 .text.ipc_wait
                0x00000000000019b8       0x28 secure_fw/spm/libtfm_spm.a(backend_ipc.o)
 .text.ipc_messaging
                0x00000000000019e0       0x64 secure_fw/spm/libtfm_spm.a(backend_ipc.o)
 .text.ipc_system_run
                0x0000000000001a44       0x28 secure_fw/spm/libtfm_spm.a(backend_ipc.o)
 .text.ipc_comp_init_assuredly
                0x0000000000001a6c       0xb8 secure_fw/spm/libtfm_spm.a(backend_ipc.o)
 .text.tfm_core_svc_handler
                0x0000000000001b24      0x194 secure_fw/spm/libtfm_spm.a(tfm_core_svcalls_ipc.o)
                0x0000000000001b24                tfm_core_svc_handler
 .text.tfm_core_handler_mode
                0x0000000000001cb8        0x4 secure_fw/spm/libtfm_spm.a(tfm_core_svcalls_ipc.o)
                0x0000000000001cb8                tfm_core_handler_mode
 .text.tfm_access_violation_handler
                0x0000000000001cbc        0x4 secure_fw/spm/libtfm_spm.a(tfm_core_svcalls_ipc.o)
                0x0000000000001cbc                tfm_access_violation_handler
 .text.thrd_next
                0x0000000000001cc0       0x18 secure_fw/spm/libtfm_spm.a(thread.o)
                0x0000000000001cc0                thrd_next
 .text.thrd_set_state
                0x0000000000001cd8       0x28 secure_fw/spm/libtfm_spm.a(thread.o)
                0x0000000000001cd8                thrd_set_state
 .text.thrd_start
                0x0000000000001d00       0x44 secure_fw/spm/libtfm_spm.a(thread.o)
                0x0000000000001d00                thrd_start
 .text.thrd_start_scheduler
                0x0000000000001d44       0x1c secure_fw/spm/libtfm_spm.a(thread.o)
                0x0000000000001d44                thrd_start_scheduler
 .text.thrd_set_wait
                0x0000000000001d60       0x18 secure_fw/spm/libtfm_spm.a(thread.o)
                0x0000000000001d60                thrd_set_wait
 .text.thrd_wake_up
                0x0000000000001d78       0x26 secure_fw/spm/libtfm_spm.a(thread.o)
                0x0000000000001d78                thrd_wake_up
 *fill*         0x0000000000001d9e        0x2 
 .text.arch_non_preempt_call
                0x0000000000001da0       0x54 secure_fw/spm/libtfm_spm.a(tfm_arch_v8m_main.o)
                0x0000000000001da0                arch_non_preempt_call
 .text.PendSV_Handler
                0x0000000000001df4       0x3c secure_fw/spm/libtfm_spm.a(tfm_arch_v8m_main.o)
                0x0000000000001df4                PendSV_Handler
 .text.SVC_Handler
                0x0000000000001e30       0x54 secure_fw/spm/libtfm_spm.a(tfm_arch_v8m_main.o)
                0x0000000000001e30                SVC_Handler
 .text.tfm_arch_set_secure_exception_priorities
                0x0000000000001e84       0x28 secure_fw/spm/libtfm_spm.a(tfm_arch_v8m_main.o)
                0x0000000000001e84                tfm_arch_set_secure_exception_priorities
 .text.tfm_arch_config_extensions
                0x0000000000001eac        0x2 secure_fw/spm/libtfm_spm.a(tfm_arch_v8m_main.o)
                0x0000000000001eac                tfm_arch_config_extensions
 .text.tfm_arch_clear_fp_status
                0x0000000000001eae       0x12 secure_fw/spm/libtfm_spm.a(tfm_arch_v8m_main.o)
                0x0000000000001eae                tfm_arch_clear_fp_status
 .text.ns_agent_tz_init_c
                0x0000000000001ec0       0x20 secure_fw/spm/libtfm_spm.a(ns_agent_tz.o)
 .text.ns_agent_tz_main
                0x0000000000001ee0       0x34 secure_fw/spm/libtfm_spm.a(ns_agent_tz.o)
                0x0000000000001ee0                ns_agent_tz_main
 .text.tfm_idle_thread
                0x0000000000001f14       0x14 secure_fw/spm/libtfm_spm.a(idle_partition.o)
                0x0000000000001f14                tfm_idle_thread
 .text.tfm_core_validate_boot_data
                0x0000000000001f28        0xc secure_fw/spm/libtfm_spm.a(tfm_boot_data.o)
                0x0000000000001f28                tfm_core_validate_boot_data
 .text.tfm_core_get_boot_data_handler
                0x0000000000001f34       0x30 secure_fw/spm/libtfm_spm.a(tfm_boot_data.o)
                0x0000000000001f34                tfm_core_get_boot_data_handler
 .text.spm_memcpy
                0x0000000000001f64       0x62 secure_fw/spm/libtfm_spm.a(tfm_core_utils.o)
                0x0000000000001f64                spm_memcpy
 .text.spm_memset
                0x0000000000001fc6       0x3e secure_fw/spm/libtfm_spm.a(tfm_core_utils.o)
                0x0000000000001fc6                spm_memset
 .text.tfm_core_panic
                0x0000000000002004        0x4 secure_fw/spm/libtfm_spm.a(utilities.o)
                0x0000000000002004                tfm_core_panic
 .text.tfm_arch_free_msp_and_exc_ret
                0x0000000000002008       0x10 secure_fw/spm/libtfm_spm.a(tfm_arch.o)
                0x0000000000002008                tfm_arch_free_msp_and_exc_ret
 .text.tfm_arch_set_context_ret_code
                0x0000000000002018       0x14 secure_fw/spm/libtfm_spm.a(tfm_arch.o)
                0x0000000000002018                tfm_arch_set_context_ret_code
 .text.tfm_arch_trigger_pendsv
                0x000000000000202c       0x18 secure_fw/spm/libtfm_spm.a(tfm_arch.o)
                0x000000000000202c                tfm_arch_trigger_pendsv
 .text.tfm_arch_init_context
                0x0000000000002044       0x44 secure_fw/spm/libtfm_spm.a(tfm_arch.o)
                0x0000000000002044                tfm_arch_init_context
 .text.tfm_arch_refresh_hardware_context
                0x0000000000002088       0x12 secure_fw/spm/libtfm_spm.a(tfm_arch.o)
                0x0000000000002088                tfm_arch_refresh_hardware_context
 *fill*         0x000000000000209a        0x2 
 .text.tfm_spm_to_user_handle
                0x000000000000209c       0x20 secure_fw/spm/libtfm_spm.a(spm_ipc.o)
                0x000000000000209c                tfm_spm_to_user_handle
 .text.tfm_spm_to_handle_instance
                0x00000000000020bc       0x10 secure_fw/spm/libtfm_spm.a(spm_ipc.o)
                0x00000000000020bc                tfm_spm_to_handle_instance
 .text.tfm_spm_create_conn_handle
                0x00000000000020cc       0x20 secure_fw/spm/libtfm_spm.a(spm_ipc.o)
                0x00000000000020cc                tfm_spm_create_conn_handle
 .text.tfm_spm_validate_conn_handle
                0x00000000000020ec       0x1c secure_fw/spm/libtfm_spm.a(spm_ipc.o)
                0x00000000000020ec                tfm_spm_validate_conn_handle
 .text.tfm_spm_free_conn_handle
                0x0000000000002108       0x1c secure_fw/spm/libtfm_spm.a(spm_ipc.o)
                0x0000000000002108                tfm_spm_free_conn_handle
 .text.spm_get_handle_by_signal
                0x0000000000002124       0x4a secure_fw/spm/libtfm_spm.a(spm_ipc.o)
                0x0000000000002124                spm_get_handle_by_signal
 *fill*         0x000000000000216e        0x2 
 .text.tfm_spm_get_service_by_sid
                0x0000000000002170       0x2c secure_fw/spm/libtfm_spm.a(spm_ipc.o)
                0x0000000000002170                tfm_spm_get_service_by_sid
 .text.tfm_spm_get_partition_by_id
                0x000000000000219c       0x1c secure_fw/spm/libtfm_spm.a(spm_ipc.o)
                0x000000000000219c                tfm_spm_get_partition_by_id
 .text.tfm_spm_check_client_version
                0x00000000000021b8       0x24 secure_fw/spm/libtfm_spm.a(spm_ipc.o)
                0x00000000000021b8                tfm_spm_check_client_version
 .text.tfm_spm_check_authorization
                0x00000000000021dc       0x4c secure_fw/spm/libtfm_spm.a(spm_ipc.o)
                0x00000000000021dc                tfm_spm_check_authorization
 .text.spm_get_handle_by_client_handle
                0x0000000000002228       0x20 secure_fw/spm/libtfm_spm.a(spm_ipc.o)
                0x0000000000002228                spm_get_handle_by_client_handle
 .text.spm_fill_message
                0x0000000000002248       0x98 secure_fw/spm/libtfm_spm.a(spm_ipc.o)
                0x0000000000002248                spm_fill_message
 .text.tfm_spm_partition_get_running_partition_id
                0x00000000000022e0       0x20 secure_fw/spm/libtfm_spm.a(spm_ipc.o)
                0x00000000000022e0                tfm_spm_partition_get_running_partition_id
 .text.spm_get_handle_by_msg_handle
                0x0000000000002300       0x28 secure_fw/spm/libtfm_spm.a(spm_ipc.o)
                0x0000000000002300                spm_get_handle_by_msg_handle
 .text.tfm_memory_check
                0x0000000000002328       0x40 secure_fw/spm/libtfm_spm.a(spm_ipc.o)
                0x0000000000002328                tfm_memory_check
 .text.tfm_spm_is_ns_caller
                0x0000000000002368       0x24 secure_fw/spm/libtfm_spm.a(spm_ipc.o)
                0x0000000000002368                tfm_spm_is_ns_caller
 .text.tfm_spm_get_client_id
                0x000000000000238c       0x20 secure_fw/spm/libtfm_spm.a(spm_ipc.o)
                0x000000000000238c                tfm_spm_get_client_id
 .text.tfm_spm_init
                0x00000000000023ac       0x9c secure_fw/spm/libtfm_spm.a(spm_ipc.o)
                0x00000000000023ac                tfm_spm_init
 .text.do_schedule
                0x0000000000002448       0x7c secure_fw/spm/libtfm_spm.a(spm_ipc.o)
                0x0000000000002448                do_schedule
 .text.update_caller_outvec_len
                0x00000000000024c4       0x24 secure_fw/spm/libtfm_spm.a(spm_ipc.o)
                0x00000000000024c4                update_caller_outvec_len
 .text.spm_assert_signal
                0x00000000000024e8       0x30 secure_fw/spm/libtfm_spm.a(spm_ipc.o)
                0x00000000000024e8                spm_assert_signal
 .text.load_a_partition_assuredly
                0x0000000000002518       0xd0 secure_fw/spm/libtfm_spm.a(static_load.o)
                0x0000000000002518                load_a_partition_assuredly
 .text.load_services_assuredly
                0x00000000000025e8       0xc4 secure_fw/spm/libtfm_spm.a(static_load.o)
                0x00000000000025e8                load_services_assuredly
 .text.load_irqs_assuredly
                0x00000000000026ac       0x7e secure_fw/spm/libtfm_spm.a(static_load.o)
                0x00000000000026ac                load_irqs_assuredly
 *fill*         0x000000000000272a        0x2 
 .text.tfm_pool_init
                0x000000000000272c       0x5c secure_fw/spm/libtfm_spm.a(tfm_pools.o)
                0x000000000000272c                tfm_pool_init
 .text.tfm_pool_alloc
                0x0000000000002788       0x16 secure_fw/spm/libtfm_spm.a(tfm_pools.o)
                0x0000000000002788                tfm_pool_alloc
 .text.tfm_pool_free
                0x000000000000279e        0xc secure_fw/spm/libtfm_spm.a(tfm_pools.o)
                0x000000000000279e                tfm_pool_free
 .text.is_valid_chunk_data_in_pool
                0x00000000000027aa       0x2e secure_fw/spm/libtfm_spm.a(tfm_pools.o)
                0x00000000000027aa                is_valid_chunk_data_in_pool
 .text.tfm_nspm_get_current_client_id
                0x00000000000027d8        0x6 secure_fw/spm/libtfm_spm.a(tfm_spm_ns_ctx.o)
                0x00000000000027d8                tfm_nspm_get_current_client_id
 .text.tfm_nspm_ctx_init
                0x00000000000027de        0x2 secure_fw/spm/libtfm_spm.a(tfm_spm_ns_ctx.o)
                0x00000000000027de                tfm_nspm_ctx_init
 .text.verify_header
                0x00000000000027e0       0x40 secure_fw/partitions/crypto/mbedcrypto/nrf_security_src/libcrypto_service_mbedcrypto.a(memory_buffer_alloc.o)
 .text.verify_chain
                0x0000000000002820       0x3c secure_fw/partitions/crypto/mbedcrypto/nrf_security_src/libcrypto_service_mbedcrypto.a(memory_buffer_alloc.o)
 .text.buffer_alloc_calloc
                0x000000000000285c       0xf4 secure_fw/partitions/crypto/mbedcrypto/nrf_security_src/libcrypto_service_mbedcrypto.a(memory_buffer_alloc.o)
 .text.buffer_alloc_free
                0x0000000000002950       0xe8 secure_fw/partitions/crypto/mbedcrypto/nrf_security_src/libcrypto_service_mbedcrypto.a(memory_buffer_alloc.o)
 .text.mbedtls_memory_buffer_alloc_init
                0x0000000000002a38       0x64 secure_fw/partitions/crypto/mbedcrypto/nrf_security_src/libcrypto_service_mbedcrypto.a(memory_buffer_alloc.o)
                0x0000000000002a38                mbedtls_memory_buffer_alloc_init
 .text.psa_remove_key_data_from_memory
                0x0000000000002a9c       0x1c secure_fw/partitions/crypto/mbedcrypto/nrf_security_src/libcrypto_service_mbedcrypto.a(psa_crypto.o)
                0x0000000000002a9c                psa_remove_key_data_from_memory
 .text.psa_wipe_key_slot
                0x0000000000002ab8       0x22 secure_fw/partitions/crypto/mbedcrypto/nrf_security_src/libcrypto_service_mbedcrypto.a(psa_crypto.o)
                0x0000000000002ab8                psa_wipe_key_slot
 *fill*         0x0000000000002ada        0x2 
 .text.mbedcrypto__psa_generate_random
                0x0000000000002adc       0x38 secure_fw/partitions/crypto/mbedcrypto/nrf_security_src/libcrypto_service_mbedcrypto.a(psa_crypto.o)
                0x0000000000002adc                mbedcrypto__psa_generate_random
 .text.mbedtls_psa_crypto_free
                0x0000000000002b14       0x30 secure_fw/partitions/crypto/mbedcrypto/nrf_security_src/libcrypto_service_mbedcrypto.a(psa_crypto.o)
                0x0000000000002b14                mbedtls_psa_crypto_free
 .text.mbedcrypto__psa_crypto_init
                0x0000000000002b44       0x48 secure_fw/partitions/crypto/mbedcrypto/nrf_security_src/libcrypto_service_mbedcrypto.a(psa_crypto.o)
                0x0000000000002b44                mbedcrypto__psa_crypto_init
 .text.psa_initialize_key_slots
                0x0000000000002b8c       0x18 secure_fw/partitions/crypto/mbedcrypto/nrf_security_src/libcrypto_service_mbedcrypto.a(psa_crypto_slot_management.o)
                0x0000000000002b8c                psa_initialize_key_slots
 .text.psa_wipe_all_key_slots
                0x0000000000002ba4       0x2c secure_fw/partitions/crypto/mbedcrypto/nrf_security_src/libcrypto_service_mbedcrypto.a(psa_crypto_slot_management.o)
                0x0000000000002ba4                psa_wipe_all_key_slots
 .text.psa_driver_wrapper_init
                0x0000000000002bd0        0x4 secure_fw/partitions/crypto/mbedcrypto/nrf_security_src/libcrypto_service_mbedcrypto.a(psa_crypto_driver_wrappers.o)
                0x0000000000002bd0                psa_driver_wrapper_init
 .text.psa_driver_wrapper_free
                0x0000000000002bd4        0x2 secure_fw/partitions/crypto/mbedcrypto/nrf_security_src/libcrypto_service_mbedcrypto.a(psa_crypto_driver_wrappers.o)
                0x0000000000002bd4                psa_driver_wrapper_free
 .text.mbedtls_psa_external_get_random
                0x0000000000002bd6       0x20 secure_fw/partitions/crypto/mbedcrypto/nrf_security_src/libcrypto_service_mbedcrypto.a(random_ext.o)
                0x0000000000002bd6                mbedtls_psa_external_get_random
 .text.tfm_hal_bind_boundaries
                0x0000000000002bf6       0x3e platform/libplatform_s.a(tfm_hal_isolation.o)
                0x0000000000002bf6                tfm_hal_bind_boundaries
 .text.tfm_hal_update_boundaries
                0x0000000000002c34       0x1e platform/libplatform_s.a(tfm_hal_isolation.o)
                0x0000000000002c34                tfm_hal_update_boundaries
 .text.tfm_hal_memory_has_access
                0x0000000000002c52      0x126 platform/libplatform_s.a(tfm_hal_isolation.o)
                0x0000000000002c52                tfm_hal_memory_has_access
 .text.mpu_init_cfg
                0x0000000000002d78      0x11c platform/libplatform_s.a(tfm_hal_isolation.o)
                0x0000000000002d78                mpu_init_cfg
 .text.tfm_hal_set_up_static_boundaries
                0x0000000000002e94       0x24 platform/libplatform_s.a(tfm_hal_isolation.o)
                0x0000000000002e94                tfm_hal_set_up_static_boundaries
 .text.tfm_hal_platform_common_init
                0x0000000000002eb8       0x32 platform/libplatform_s.a(tfm_hal_platform_common.o)
                0x0000000000002eb8                tfm_hal_platform_common_init
 *fill*         0x0000000000002eea        0x2 
 .text.tfm_hal_get_ns_VTOR
                0x0000000000002eec        0xc platform/libplatform_s.a(tfm_hal_platform_common.o)
                0x0000000000002eec                tfm_hal_get_ns_VTOR
 .text.tfm_hal_get_ns_MSP
                0x0000000000002ef8        0xc platform/libplatform_s.a(tfm_hal_platform_common.o)
                0x0000000000002ef8                tfm_hal_get_ns_MSP
 .text.tfm_hal_get_ns_entry_point
                0x0000000000002f04        0xc platform/libplatform_s.a(tfm_hal_platform_common.o)
                0x0000000000002f04                tfm_hal_get_ns_entry_point
 .text.tfm_hal_irq_enable
                0x0000000000002f10       0x20 platform/libplatform_s.a(tfm_hal_nvic.o)
                0x0000000000002f10                tfm_hal_irq_enable
 .text.tfm_hal_irq_disable
                0x0000000000002f30       0x28 platform/libplatform_s.a(tfm_hal_nvic.o)
                0x0000000000002f30                tfm_hal_irq_disable
 .text.nrf_gpio_pin_control_select.constprop.0
                0x0000000000002f58       0x1c platform/libplatform_s.a(target_cfg.o)
 .text.enable_fault_handlers
                0x0000000000002f74       0x14 platform/libplatform_s.a(target_cfg.o)
                0x0000000000002f74                enable_fault_handlers
 .text.system_reset_cfg
                0x0000000000002f88       0x18 platform/libplatform_s.a(target_cfg.o)
                0x0000000000002f88                system_reset_cfg
 .text.init_debug
                0x0000000000002fa0       0x28 platform/libplatform_s.a(target_cfg.o)
                0x0000000000002fa0                init_debug
 .text.nvic_interrupt_target_state_cfg
                0x0000000000002fc8       0x30 platform/libplatform_s.a(target_cfg.o)
                0x0000000000002fc8                nvic_interrupt_target_state_cfg
 .text.nvic_interrupt_enable
                0x0000000000002ff8       0x18 platform/libplatform_s.a(target_cfg.o)
                0x0000000000002ff8                nvic_interrupt_enable
 .text.sau_and_idau_cfg
                0x0000000000003010       0x20 platform/libplatform_s.a(target_cfg.o)
                0x0000000000003010                sau_and_idau_cfg
 .text.spu_init_cfg
                0x0000000000003030       0x3c platform/libplatform_s.a(target_cfg.o)
                0x0000000000003030                spu_init_cfg
 .text.spu_periph_init_cfg
                0x000000000000306c      0x234 platform/libplatform_s.a(target_cfg.o)
                0x000000000000306c                spu_periph_init_cfg
 .text.tfm_hal_platform_init
                0x00000000000032a0       0x30 platform/libplatform_s.a(tfm_hal_platform.o)
                0x00000000000032a0                tfm_hal_platform_init
 .text.tfm_plat_otp_init
                0x00000000000032d0        0x4 platform/libplatform_s.a(dummy_otp.o)
                0x00000000000032d0                tfm_plat_otp_init
 .text.tfm_plat_provisioning_is_required
                0x00000000000032d4        0x4 platform/libplatform_s.a(dummy_provisioning.o)
                0x00000000000032d4                tfm_plat_provisioning_is_required
 .text.tfm_plat_provisioning_perform
                0x00000000000032d8        0x4 platform/libplatform_s.a(dummy_provisioning.o)
                0x00000000000032d8                tfm_plat_provisioning_perform
 .text.tfm_plat_provisioning_check_for_dummy_keys
                0x00000000000032dc        0x2 platform/libplatform_s.a(dummy_provisioning.o)
                0x00000000000032dc                tfm_plat_provisioning_check_for_dummy_keys
 *fill*         0x00000000000032de        0x2 
 .text.tfm_platform_hal_system_reset
                0x00000000000032e0       0x24 platform/libplatform_s.a(tfm_platform_system.o)
                0x00000000000032e0                tfm_platform_hal_system_reset
 .text.tfm_platform_hal_ioctl
                0x0000000000003304       0x18 platform/libplatform_s.a(tfm_platform_system.o)
                0x0000000000003304                tfm_platform_hal_ioctl
 .text.tfm_hal_system_reset
                0x000000000000331c       0x24 platform/libplatform_s.a(tfm_platform.o)
                0x000000000000331c                tfm_hal_system_reset
 .text.mpu_armv8m_enable
                0x0000000000003340       0x34 platform/libplatform_s.a(mpu_armv8m_drv.o)
                0x0000000000003340                mpu_armv8m_enable
 .text.mpu_armv8m_region_enable
                0x0000000000003374       0x64 platform/libplatform_s.a(mpu_armv8m_drv.o)
                0x0000000000003374                mpu_armv8m_region_enable
 .text.mpu_armv8m_region_disable
                0x00000000000033d8       0x14 platform/libplatform_s.a(mpu_armv8m_drv.o)
                0x00000000000033d8                mpu_armv8m_region_disable
 .text.mpu_armv8m_clean
                0x00000000000033ec       0x1e platform/libplatform_s.a(mpu_armv8m_drv.o)
                0x00000000000033ec                mpu_armv8m_clean
 *fill*         0x000000000000340a        0x2 
 .text.spu_enable_interrupts
                0x000000000000340c       0x10 platform/libplatform_s.a(spu.o)
                0x000000000000340c                spu_enable_interrupts
 .text.spu_regions_reset_unlocked_secure
                0x000000000000341c       0x30 platform/libplatform_s.a(spu.o)
                0x000000000000341c                spu_regions_reset_unlocked_secure
 .text.spu_regions_flash_config_non_secure
                0x000000000000344c       0x24 platform/libplatform_s.a(spu.o)
                0x000000000000344c                spu_regions_flash_config_non_secure
 .text.spu_regions_sram_config_non_secure
                0x0000000000003470       0x2c platform/libplatform_s.a(spu.o)
                0x0000000000003470                spu_regions_sram_config_non_secure
 .text.spu_regions_flash_config_non_secure_callable
                0x000000000000349c       0x30 platform/libplatform_s.a(spu.o)
                0x000000000000349c                spu_regions_flash_config_non_secure_callable
 .text.spu_regions_flash_get_base_address_in_region
                0x00000000000034cc        0x4 platform/libplatform_s.a(spu.o)
                0x00000000000034cc                spu_regions_flash_get_base_address_in_region
 .text.spu_regions_flash_get_last_address_in_region
                0x00000000000034d0        0xa platform/libplatform_s.a(spu.o)
                0x00000000000034d0                spu_regions_flash_get_last_address_in_region
 .text.spu_regions_flash_get_start_id
                0x00000000000034da        0x4 platform/libplatform_s.a(spu.o)
                0x00000000000034da                spu_regions_flash_get_start_id
 .text.spu_regions_flash_get_last_id
                0x00000000000034de        0x4 platform/libplatform_s.a(spu.o)
                0x00000000000034de                spu_regions_flash_get_last_id
 .text.spu_regions_flash_get_region_size
                0x00000000000034e2        0x6 platform/libplatform_s.a(spu.o)
                0x00000000000034e2                spu_regions_flash_get_region_size
 .text.spu_regions_sram_get_base_address_in_region
                0x00000000000034e8        0xa platform/libplatform_s.a(spu.o)
                0x00000000000034e8                spu_regions_sram_get_base_address_in_region
 *fill*         0x00000000000034f2        0x2 
 .text.spu_regions_sram_get_last_address_in_region
                0x00000000000034f4        0xc platform/libplatform_s.a(spu.o)
                0x00000000000034f4                spu_regions_sram_get_last_address_in_region
 .text.spu_regions_sram_get_start_id
                0x0000000000003500        0x4 platform/libplatform_s.a(spu.o)
                0x0000000000003500                spu_regions_sram_get_start_id
 .text.spu_regions_sram_get_last_id
                0x0000000000003504        0x4 platform/libplatform_s.a(spu.o)
                0x0000000000003504                spu_regions_sram_get_last_id
 .text.spu_regions_sram_get_region_size
                0x0000000000003508        0x6 platform/libplatform_s.a(spu.o)
                0x0000000000003508                spu_regions_sram_get_region_size
 *fill*         0x000000000000350e        0x2 
 .text.spu_peripheral_config_non_secure
                0x0000000000003510       0x18 platform/libplatform_s.a(spu.o)
                0x0000000000003510                spu_peripheral_config_non_secure
 .text.tfm_platform_hal_read_service
                0x0000000000003528       0x5c platform/libplatform_s.a(tfm_platform_hal_ioctl.o)
                0x0000000000003528                tfm_platform_hal_read_service
 .text.tfm_platform_hal_gpio_service
                0x0000000000003584       0x7c platform/libplatform_s.a(tfm_platform_hal_ioctl.o)
                0x0000000000003584                tfm_platform_hal_gpio_service
 .text.nrf_cc3xx_platform_init_hmac_drbg
                0x0000000000003600       0x44 C:/nordicsemi/v2.3.0/nrfxlib/crypto/nrf_cc312_platform/lib/cortex-m33/soft-float/no-interrupts/libnrf_cc312_platform_0.9.16.a(nrf_cc3xx_platform.c.obj)
                0x0000000000003600                nrf_cc3xx_platform_init_hmac_drbg
 .text.nrf_cc3xx_platform_hmac_drbg_init
                0x0000000000003644       0x64 C:/nordicsemi/v2.3.0/nrfxlib/crypto/nrf_cc312_platform/lib/cortex-m33/soft-float/no-interrupts/libnrf_cc312_platform_0.9.16.a(nrf_cc3xx_platform_hmac_drbg.c.obj)
                0x0000000000003644                nrf_cc3xx_platform_hmac_drbg_init
 .text.nrf_cc3xx_platform_hmac_drbg_get
                0x00000000000036a8       0x48 C:/nordicsemi/v2.3.0/nrfxlib/crypto/nrf_cc312_platform/lib/cortex-m33/soft-float/no-interrupts/libnrf_cc312_platform_0.9.16.a(nrf_cc3xx_platform_hmac_drbg.c.obj)
                0x00000000000036a8                nrf_cc3xx_platform_hmac_drbg_get
 .text.mbedtls_zeroize_internal
                0x00000000000036f0       0x14 C:/nordicsemi/v2.3.0/nrfxlib/crypto/nrf_cc312_platform/lib/cortex-m33/soft-float/no-interrupts/libnrf_cc312_platform_0.9.16.a(mbedtls_common.c.obj)
                0x00000000000036f0                mbedtls_zeroize_internal
 .text.mbedtls_platform_zeroize
                0x0000000000003704       0x14 C:/nordicsemi/v2.3.0/nrfxlib/crypto/nrf_cc312_platform/lib/cortex-m33/soft-float/no-interrupts/libnrf_cc312_platform_0.9.16.a(mbedtls_common.c.obj)
                0x0000000000003704                mbedtls_platform_zeroize
 .text.cc_hmac_sha256_starts.constprop.0
                0x0000000000003718      0x108 C:/nordicsemi/v2.3.0/nrfxlib/crypto/nrf_cc312_platform/lib/cortex-m33/soft-float/no-interrupts/libnrf_cc312_platform_0.9.16.a(hmac_drbg_alt.c.obj)
 .text.cc_mbedtls_hmac_drbg_init
                0x0000000000003820       0x28 C:/nordicsemi/v2.3.0/nrfxlib/crypto/nrf_cc312_platform/lib/cortex-m33/soft-float/no-interrupts/libnrf_cc312_platform_0.9.16.a(hmac_drbg_alt.c.obj)
                0x0000000000003820                cc_mbedtls_hmac_drbg_init
 .text.cc_mbedtls_hmac_drbg_update
                0x0000000000003848      0x170 C:/nordicsemi/v2.3.0/nrfxlib/crypto/nrf_cc312_platform/lib/cortex-m33/soft-float/no-interrupts/libnrf_cc312_platform_0.9.16.a(hmac_drbg_alt.c.obj)
                0x0000000000003848                cc_mbedtls_hmac_drbg_update
 .text.cc_hmac_drbg_reseed_core
                0x00000000000039b8       0xac C:/nordicsemi/v2.3.0/nrfxlib/crypto/nrf_cc312_platform/lib/cortex-m33/soft-float/no-interrupts/libnrf_cc312_platform_0.9.16.a(hmac_drbg_alt.c.obj)
 .text.cc_mbedtls_hmac_drbg_seed
                0x0000000000003a64       0x54 C:/nordicsemi/v2.3.0/nrfxlib/crypto/nrf_cc312_platform/lib/cortex-m33/soft-float/no-interrupts/libnrf_cc312_platform_0.9.16.a(hmac_drbg_alt.c.obj)
                0x0000000000003a64                cc_mbedtls_hmac_drbg_seed
 .text.cc_mbedtls_hmac_drbg_random_with_add
                0x0000000000003ab8      0x144 C:/nordicsemi/v2.3.0/nrfxlib/crypto/nrf_cc312_platform/lib/cortex-m33/soft-float/no-interrupts/libnrf_cc312_platform_0.9.16.a(hmac_drbg_alt.c.obj)
                0x0000000000003ab8                cc_mbedtls_hmac_drbg_random_with_add
 .text.entropy_update
                0x0000000000003bfc       0x7c C:/nordicsemi/v2.3.0/nrfxlib/crypto/nrf_cc312_platform/lib/cortex-m33/soft-float/no-interrupts/libnrf_cc312_platform_0.9.16.a(entropy.c.obj)
 .text.entropy_gather_internal.part.0
                0x0000000000003c78       0x88 C:/nordicsemi/v2.3.0/nrfxlib/crypto/nrf_cc312_platform/lib/cortex-m33/soft-float/no-interrupts/libnrf_cc312_platform_0.9.16.a(entropy.c.obj)
 .text.cc_mbedtls_entropy_init
                0x0000000000003d00       0x84 C:/nordicsemi/v2.3.0/nrfxlib/crypto/nrf_cc312_platform/lib/cortex-m33/soft-float/no-interrupts/libnrf_cc312_platform_0.9.16.a(entropy.c.obj)
                0x0000000000003d00                cc_mbedtls_entropy_init
 .text.cc_mbedtls_entropy_func
                0x0000000000003d84      0x10c C:/nordicsemi/v2.3.0/nrfxlib/crypto/nrf_cc312_platform/lib/cortex-m33/soft-float/no-interrupts/libnrf_cc312_platform_0.9.16.a(entropy.c.obj)
                0x0000000000003d84                cc_mbedtls_entropy_func
 .text.RndStartupTest.constprop.0
                0x0000000000003e90       0xac C:/nordicsemi/v2.3.0/nrfxlib/crypto/nrf_cc312_platform/lib/cortex-m33/soft-float/no-interrupts/libnrf_cc312_platform_0.9.16.a(cc_lib.c.obj)
 .text.CC_LibInit_HMAC_DRBG
                0x0000000000003f3c       0x7c C:/nordicsemi/v2.3.0/nrfxlib/crypto/nrf_cc312_platform/lib/cortex-m33/soft-float/no-interrupts/libnrf_cc312_platform_0.9.16.a(cc_lib.c.obj)
                0x0000000000003f3c                CC_LibInit_HMAC_DRBG
 .text.CC_HalInit
                0x0000000000003fb8        0x4 C:/nordicsemi/v2.3.0/nrfxlib/crypto/nrf_cc312_platform/lib/cortex-m33/soft-float/no-interrupts/libnrf_cc312_platform_0.9.16.a(cc_hal.c.obj)
                0x0000000000003fb8                CC_HalInit
 .text.CC_HalClearInterruptBit
                0x0000000000003fbc       0x1c C:/nordicsemi/v2.3.0/nrfxlib/crypto/nrf_cc312_platform/lib/cortex-m33/soft-float/no-interrupts/libnrf_cc312_platform_0.9.16.a(cc_hal.c.obj)
                0x0000000000003fbc                CC_HalClearInterruptBit
 .text.CC_HalMaskInterrupt
                0x0000000000003fd8        0xc C:/nordicsemi/v2.3.0/nrfxlib/crypto/nrf_cc312_platform/lib/cortex-m33/soft-float/no-interrupts/libnrf_cc312_platform_0.9.16.a(cc_hal.c.obj)
                0x0000000000003fd8                CC_HalMaskInterrupt
 .text.CC_HalWaitInterrupt
                0x0000000000003fe4        0xc C:/nordicsemi/v2.3.0/nrfxlib/crypto/nrf_cc312_platform/lib/cortex-m33/soft-float/no-interrupts/libnrf_cc312_platform_0.9.16.a(cc_hal.c.obj)
                0x0000000000003fe4                CC_HalWaitInterrupt
 .text.CC_HalWaitInterruptRND
                0x0000000000003ff0        0xc C:/nordicsemi/v2.3.0/nrfxlib/crypto/nrf_cc312_platform/lib/cortex-m33/soft-float/no-interrupts/libnrf_cc312_platform_0.9.16.a(cc_hal.c.obj)
                0x0000000000003ff0                CC_HalWaitInterruptRND
 .text.CC_PalInit
                0x0000000000003ffc       0x5c C:/nordicsemi/v2.3.0/nrfxlib/crypto/nrf_cc312_platform/lib/cortex-m33/soft-float/no-interrupts/libnrf_cc312_platform_0.9.16.a(cc_pal.c.obj)
                0x0000000000003ffc                CC_PalInit
 .text.CC_PalTerminate
                0x0000000000004058       0x34 C:/nordicsemi/v2.3.0/nrfxlib/crypto/nrf_cc312_platform/lib/cortex-m33/soft-float/no-interrupts/libnrf_cc312_platform_0.9.16.a(cc_pal.c.obj)
                0x0000000000004058                CC_PalTerminate
 .text.CC_PalDmaInit
                0x000000000000408c        0x4 C:/nordicsemi/v2.3.0/nrfxlib/crypto/nrf_cc312_platform/lib/cortex-m33/soft-float/no-interrupts/libnrf_cc312_platform_0.9.16.a(cc_pal_dma.c.obj)
                0x000000000000408c                CC_PalDmaInit
 .text.CC_PalDmaTerminate
                0x0000000000004090        0x4 C:/nordicsemi/v2.3.0/nrfxlib/crypto/nrf_cc312_platform/lib/cortex-m33/soft-float/no-interrupts/libnrf_cc312_platform_0.9.16.a(cc_pal_dma.c.obj)
                0x0000000000004090                CC_PalDmaTerminate
 .text.CC_PalWaitInterruptRND
                0x0000000000004094       0x38 C:/nordicsemi/v2.3.0/nrfxlib/crypto/nrf_cc312_platform/lib/cortex-m33/soft-float/no-interrupts/libnrf_cc312_platform_0.9.16.a(cc_pal_interrupt_ctrl.c.obj)
                0x0000000000004094                CC_PalWaitInterruptRND
 .text.CC_PalWaitInterrupt
                0x00000000000040cc       0x28 C:/nordicsemi/v2.3.0/nrfxlib/crypto/nrf_cc312_platform/lib/cortex-m33/soft-float/no-interrupts/libnrf_cc312_platform_0.9.16.a(cc_pal_interrupt_ctrl.c.obj)
                0x00000000000040cc                CC_PalWaitInterrupt
 .text.CC_PalMemCopyPlat
                0x00000000000040f4        0x4 C:/nordicsemi/v2.3.0/nrfxlib/crypto/nrf_cc312_platform/lib/cortex-m33/soft-float/no-interrupts/libnrf_cc312_platform_0.9.16.a(cc_pal_mem.c.obj)
                0x00000000000040f4                CC_PalMemCopyPlat
 .text.CC_PalMemSetZeroPlat
                0x00000000000040f8        0x8 C:/nordicsemi/v2.3.0/nrfxlib/crypto/nrf_cc312_platform/lib/cortex-m33/soft-float/no-interrupts/libnrf_cc312_platform_0.9.16.a(cc_pal_mem.c.obj)
                0x00000000000040f8                CC_PalMemSetZeroPlat
 .text.CC_PalMutexCreate
                0x0000000000004100       0x14 C:/nordicsemi/v2.3.0/nrfxlib/crypto/nrf_cc312_platform/lib/cortex-m33/soft-float/no-interrupts/libnrf_cc312_platform_0.9.16.a(cc_pal_mutex.c.obj)
                0x0000000000004100                CC_PalMutexCreate
 .text.CC_PalMutexDestroy
                0x0000000000004114       0x14 C:/nordicsemi/v2.3.0/nrfxlib/crypto/nrf_cc312_platform/lib/cortex-m33/soft-float/no-interrupts/libnrf_cc312_platform_0.9.16.a(cc_pal_mutex.c.obj)
                0x0000000000004114                CC_PalMutexDestroy
 .text.CC_PalMutexLock
                0x0000000000004128       0x10 C:/nordicsemi/v2.3.0/nrfxlib/crypto/nrf_cc312_platform/lib/cortex-m33/soft-float/no-interrupts/libnrf_cc312_platform_0.9.16.a(cc_pal_mutex.c.obj)
                0x0000000000004128                CC_PalMutexLock
 .text.CC_PalMutexUnlock
                0x0000000000004138       0x14 C:/nordicsemi/v2.3.0/nrfxlib/crypto/nrf_cc312_platform/lib/cortex-m33/soft-float/no-interrupts/libnrf_cc312_platform_0.9.16.a(cc_pal_mutex.c.obj)
                0x0000000000004138                CC_PalMutexUnlock
 .text.CC_PalPowerSaveModeInit
                0x000000000000414c       0x3c C:/nordicsemi/v2.3.0/nrfxlib/crypto/nrf_cc312_platform/lib/cortex-m33/soft-float/no-interrupts/libnrf_cc312_platform_0.9.16.a(cc_pal_pm.c.obj)
                0x000000000000414c                CC_PalPowerSaveModeInit
 .text.CC_PalPowerSaveModeSelect
                0x0000000000004188       0x84 C:/nordicsemi/v2.3.0/nrfxlib/crypto/nrf_cc312_platform/lib/cortex-m33/soft-float/no-interrupts/libnrf_cc312_platform_0.9.16.a(cc_pal_pm.c.obj)
                0x0000000000004188                CC_PalPowerSaveModeSelect
 .text.mutex_init
                0x000000000000420c        0xc C:/nordicsemi/v2.3.0/nrfxlib/crypto/nrf_cc312_platform/lib/cortex-m33/soft-float/no-interrupts/libnrf_cc312_platform_0.9.16.a(threading_alt.c.obj)
                0x000000000000420c                mutex_init
 .text.mutex_lock
                0x0000000000004218        0xc C:/nordicsemi/v2.3.0/nrfxlib/crypto/nrf_cc312_platform/lib/cortex-m33/soft-float/no-interrupts/libnrf_cc312_platform_0.9.16.a(threading_alt.c.obj)
                0x0000000000004218                mutex_lock
 .text.mutex_unlock
                0x0000000000004224        0xc C:/nordicsemi/v2.3.0/nrfxlib/crypto/nrf_cc312_platform/lib/cortex-m33/soft-float/no-interrupts/libnrf_cc312_platform_0.9.16.a(threading_alt.c.obj)
                0x0000000000004224                mutex_unlock
 .text.nrf_cc3xx_platform_abort
                0x0000000000004230       0x24 C:/nordicsemi/v2.3.0/nrfxlib/crypto/nrf_cc312_platform/lib/cortex-m33/soft-float/no-interrupts/libnrf_cc312_platform_0.9.16.a(nrf_cc3xx_platform_abort.c.obj)
 .text.CC_PalAbort
                0x0000000000004254       0x44 C:/nordicsemi/v2.3.0/nrfxlib/crypto/nrf_cc312_platform/lib/cortex-m33/soft-float/no-interrupts/libnrf_cc312_platform_0.9.16.a(nrf_cc3xx_platform_abort.c.obj)
                0x0000000000004254                CC_PalAbort
 .text.mutex_free
                0x0000000000004298       0x34 C:/nordicsemi/v2.3.0/nrfxlib/crypto/nrf_cc312_platform/lib/cortex-m33/soft-float/no-interrupts/libnrf_cc312_platform_0.9.16.a(nrf_cc3xx_platform_mutex.c.obj)
 .text.mutex_lock
                0x00000000000042cc       0x48 C:/nordicsemi/v2.3.0/nrfxlib/crypto/nrf_cc312_platform/lib/cortex-m33/soft-float/no-interrupts/libnrf_cc312_platform_0.9.16.a(nrf_cc3xx_platform_mutex.c.obj)
 .text.mutex_unlock
                0x0000000000004314       0x38 C:/nordicsemi/v2.3.0/nrfxlib/crypto/nrf_cc312_platform/lib/cortex-m33/soft-float/no-interrupts/libnrf_cc312_platform_0.9.16.a(nrf_cc3xx_platform_mutex.c.obj)
 .text.mutex_init
                0x000000000000434c       0x20 C:/nordicsemi/v2.3.0/nrfxlib/crypto/nrf_cc312_platform/lib/cortex-m33/soft-float/no-interrupts/libnrf_cc312_platform_0.9.16.a(nrf_cc3xx_platform_mutex.c.obj)
 .text.startTrngHW
                0x000000000000436c      0x13c C:/nordicsemi/v2.3.0/nrfxlib/crypto/nrf_cc312_platform/lib/cortex-m33/soft-float/no-interrupts/libnrf_cc312_platform_0.9.16.a(llf_rnd_trng90b.c.obj)
 .text.LLF_RND_RepetitionCounterTest.part.0
                0x00000000000044a8       0x54 C:/nordicsemi/v2.3.0/nrfxlib/crypto/nrf_cc312_platform/lib/cortex-m33/soft-float/no-interrupts/libnrf_cc312_platform_0.9.16.a(llf_rnd_trng90b.c.obj)
 .text.LLF_RND_AdaptiveProportionTest
                0x00000000000044fc       0x8c C:/nordicsemi/v2.3.0/nrfxlib/crypto/nrf_cc312_platform/lib/cortex-m33/soft-float/no-interrupts/libnrf_cc312_platform_0.9.16.a(llf_rnd_trng90b.c.obj)
                0x00000000000044fc                LLF_RND_AdaptiveProportionTest
 .text.getTrngSource
                0x0000000000004588      0x2ac C:/nordicsemi/v2.3.0/nrfxlib/crypto/nrf_cc312_platform/lib/cortex-m33/soft-float/no-interrupts/libnrf_cc312_platform_0.9.16.a(llf_rnd_trng90b.c.obj)
 .text.LLF_RND_GetTrngSource
                0x0000000000004834       0x18 C:/nordicsemi/v2.3.0/nrfxlib/crypto/nrf_cc312_platform/lib/cortex-m33/soft-float/no-interrupts/libnrf_cc312_platform_0.9.16.a(llf_rnd_trng90b.c.obj)
                0x0000000000004834                LLF_RND_GetTrngSource
 .text.LLF_RND_RunTrngStartupTest
                0x000000000000484c       0x1c C:/nordicsemi/v2.3.0/nrfxlib/crypto/nrf_cc312_platform/lib/cortex-m33/soft-float/no-interrupts/libnrf_cc312_platform_0.9.16.a(llf_rnd_trng90b.c.obj)
                0x000000000000484c                LLF_RND_RunTrngStartupTest
 .text.mbedtls_hardware_poll
                0x0000000000004868      0x10c C:/nordicsemi/v2.3.0/nrfxlib/crypto/nrf_cc312_platform/lib/cortex-m33/soft-float/no-interrupts/libnrf_cc312_platform_0.9.16.a(trng_api.c.obj)
                0x0000000000004868                mbedtls_hardware_poll
 .text.cc_mbedtls_sha256_init
                0x0000000000004974       0x28 C:/nordicsemi/v2.3.0/nrfxlib/crypto/nrf_cc312_platform/lib/cortex-m33/soft-float/no-interrupts/libnrf_cc312_platform_0.9.16.a(sha256_alt.c.obj)
                0x0000000000004974                cc_mbedtls_sha256_init
 .text.cc_mbedtls_sha256_free
                0x000000000000499c        0xc C:/nordicsemi/v2.3.0/nrfxlib/crypto/nrf_cc312_platform/lib/cortex-m33/soft-float/no-interrupts/libnrf_cc312_platform_0.9.16.a(sha256_alt.c.obj)
                0x000000000000499c                cc_mbedtls_sha256_free
 .text.cc_mbedtls_sha256_starts
                0x00000000000049a8       0x28 C:/nordicsemi/v2.3.0/nrfxlib/crypto/nrf_cc312_platform/lib/cortex-m33/soft-float/no-interrupts/libnrf_cc312_platform_0.9.16.a(sha256_alt.c.obj)
                0x00000000000049a8                cc_mbedtls_sha256_starts
 .text.cc_mbedtls_sha256_update
                0x00000000000049d0       0x54 C:/nordicsemi/v2.3.0/nrfxlib/crypto/nrf_cc312_platform/lib/cortex-m33/soft-float/no-interrupts/libnrf_cc312_platform_0.9.16.a(sha256_alt.c.obj)
                0x00000000000049d0                cc_mbedtls_sha256_update
 .text.cc_mbedtls_sha256_finish
                0x0000000000004a24       0x48 C:/nordicsemi/v2.3.0/nrfxlib/crypto/nrf_cc312_platform/lib/cortex-m33/soft-float/no-interrupts/libnrf_cc312_platform_0.9.16.a(sha256_alt.c.obj)
                0x0000000000004a24                cc_mbedtls_sha256_finish
 .text.mbedtls_sha_starts_internal
                0x0000000000004a6c       0x28 C:/nordicsemi/v2.3.0/nrfxlib/crypto/nrf_cc312_platform/lib/cortex-m33/soft-float/no-interrupts/libnrf_cc312_platform_0.9.16.a(mbedtls_hash_common.c.obj)
                0x0000000000004a6c                mbedtls_sha_starts_internal
 .text.mbedtls_sha_finish_internal
                0x0000000000004a94       0x5c C:/nordicsemi/v2.3.0/nrfxlib/crypto/nrf_cc312_platform/lib/cortex-m33/soft-float/no-interrupts/libnrf_cc312_platform_0.9.16.a(mbedtls_hash_common.c.obj)
                0x0000000000004a94                mbedtls_sha_finish_internal
 .text.mbedtls_sha_update_internal
                0x0000000000004af0      0x1f0 C:/nordicsemi/v2.3.0/nrfxlib/crypto/nrf_cc312_platform/lib/cortex-m33/soft-float/no-interrupts/libnrf_cc312_platform_0.9.16.a(mbedtls_hash_common.c.obj)
                0x0000000000004af0                mbedtls_sha_update_internal
 .text.cc_mbedtls_sha256
                0x0000000000004ce0       0x50 C:/nordicsemi/v2.3.0/nrfxlib/crypto/nrf_cc312_platform/lib/cortex-m33/soft-float/no-interrupts/libnrf_cc312_platform_0.9.16.a(sha256.c.obj)
                0x0000000000004ce0                cc_mbedtls_sha256
 .text.RNG_PLAT_SetUserRngParameters
                0x0000000000004d30       0x7c C:/nordicsemi/v2.3.0/nrfxlib/crypto/nrf_cc312_platform/lib/cortex-m33/soft-float/no-interrupts/libnrf_cc312_platform_0.9.16.a(cc_rng_plat.c.obj)
                0x0000000000004d30                RNG_PLAT_SetUserRngParameters
 .text.CC_PalTrngParamGet
                0x0000000000004dac       0xac C:/nordicsemi/v2.3.0/nrfxlib/crypto/nrf_cc312_platform/lib/cortex-m33/soft-float/no-interrupts/libnrf_cc312_platform_0.9.16.a(cc_pal_trng.c.obj)
                0x0000000000004dac                CC_PalTrngParamGet
 .text.LLF_RND_WaitRngInterrupt
                0x0000000000004e58       0x20 C:/nordicsemi/v2.3.0/nrfxlib/crypto/nrf_cc312_platform/lib/cortex-m33/soft-float/no-interrupts/libnrf_cc312_platform_0.9.16.a(llf_rnd.c.obj)
                0x0000000000004e58                LLF_RND_WaitRngInterrupt
 .text.LLF_RND_GetRoscSampleCnt
                0x0000000000004e78       0x3c C:/nordicsemi/v2.3.0/nrfxlib/crypto/nrf_cc312_platform/lib/cortex-m33/soft-float/no-interrupts/libnrf_cc312_platform_0.9.16.a(llf_rnd.c.obj)
                0x0000000000004e78                LLF_RND_GetRoscSampleCnt
 .text.LLF_RND_GetFastestRosc
                0x0000000000004eb4       0x20 C:/nordicsemi/v2.3.0/nrfxlib/crypto/nrf_cc312_platform/lib/cortex-m33/soft-float/no-interrupts/libnrf_cc312_platform_0.9.16.a(llf_rnd.c.obj)
                0x0000000000004eb4                LLF_RND_GetFastestRosc
 .text.LLF_RND_TurnOffTrng
                0x0000000000004ed4       0x24 C:/nordicsemi/v2.3.0/nrfxlib/crypto/nrf_cc312_platform/lib/cortex-m33/soft-float/no-interrupts/libnrf_cc312_platform_0.9.16.a(llf_rnd.c.obj)
                0x0000000000004ed4                LLF_RND_TurnOffTrng
 .text.SetDataBuffersInfo
                0x0000000000004ef8       0x64 C:/nordicsemi/v2.3.0/nrfxlib/crypto/nrf_cc312_platform/lib/cortex-m33/soft-float/no-interrupts/libnrf_cc312_platform_0.9.16.a(driver_common.c.obj)
                0x0000000000004ef8                SetDataBuffersInfo
 .text.InitHashDrv
                0x0000000000004f5c       0x54 C:/nordicsemi/v2.3.0/nrfxlib/crypto/nrf_cc312_platform/lib/cortex-m33/soft-float/no-interrupts/libnrf_cc312_platform_0.9.16.a(hash_driver.c.obj)
                0x0000000000004f5c                InitHashDrv
 .text.ProcessHashDrv
                0x0000000000004fb0      0x210 C:/nordicsemi/v2.3.0/nrfxlib/crypto/nrf_cc312_platform/lib/cortex-m33/soft-float/no-interrupts/libnrf_cc312_platform_0.9.16.a(hash_driver.c.obj)
                0x0000000000004fb0                ProcessHashDrv
 .text.FinishHashDrv
                0x00000000000051c0       0x74 C:/nordicsemi/v2.3.0/nrfxlib/crypto/nrf_cc312_platform/lib/cortex-m33/soft-float/no-interrupts/libnrf_cc312_platform_0.9.16.a(hash_driver.c.obj)
                0x00000000000051c0                FinishHashDrv
 .text.CC_PalDataBufferAttrGet
                0x0000000000005234        0x8 C:/nordicsemi/v2.3.0/nrfxlib/crypto/nrf_cc312_platform/lib/cortex-m33/soft-float/no-interrupts/libnrf_cc312_platform_0.9.16.a(cc_pal_buff_attr.c.obj)
                0x0000000000005234                CC_PalDataBufferAttrGet
 .text.mbedtls_free
                0x000000000000523c        0xc secure_fw/partitions/crypto/mbedcrypto/nrf_security_src/libmbedcrypto_base.a(platform.o)
                0x000000000000523c                mbedtls_free
 .text.mbedtls_platform_set_calloc_free
                0x0000000000005248       0x14 secure_fw/partitions/crypto/mbedcrypto/nrf_security_src/libmbedcrypto_base.a(platform.o)
                0x0000000000005248                mbedtls_platform_set_calloc_free
 .text._sbrk    0x000000000000525c       0x20 c:/nordicsemi/toolchains/v2.3.0/opt/zephyr-sdk/arm-zephyr-eabi/bin/../lib/gcc/arm-zephyr-eabi/12.1.0/../../../../arm-zephyr-eabi/lib/thumb/v8-m.main/nofp\libnosys.a(sbrk.o)
                0x000000000000525c                _sbrk
 .text._exit    0x000000000000527c        0x4 c:/nordicsemi/toolchains/v2.3.0/opt/zephyr-sdk/arm-zephyr-eabi/bin/../lib/gcc/arm-zephyr-eabi/12.1.0/../../../../arm-zephyr-eabi/lib/thumb/v8-m.main/nofp\libnosys.a(_exit.o)
                0x000000000000527c                _exit
 *(.init)
 .init          0x0000000000005280        0x4 c:/nordicsemi/toolchains/v2.3.0/opt/zephyr-sdk/arm-zephyr-eabi/bin/../lib/gcc/arm-zephyr-eabi/12.1.0/thumb/v8-m.main/nofp/crti.o
                0x0000000000005280                _init
 .init          0x0000000000005284        0x8 c:/nordicsemi/toolchains/v2.3.0/opt/zephyr-sdk/arm-zephyr-eabi/bin/../lib/gcc/arm-zephyr-eabi/12.1.0/thumb/v8-m.main/nofp/crtn.o
 *(.fini)
 .fini          0x000000000000528c        0x4 c:/nordicsemi/toolchains/v2.3.0/opt/zephyr-sdk/arm-zephyr-eabi/bin/../lib/gcc/arm-zephyr-eabi/12.1.0/thumb/v8-m.main/nofp/crti.o
                0x000000000000528c                _fini
 .fini          0x0000000000005290        0x8 c:/nordicsemi/toolchains/v2.3.0/opt/zephyr-sdk/arm-zephyr-eabi/bin/../lib/gcc/arm-zephyr-eabi/12.1.0/thumb/v8-m.main/nofp/crtn.o
 *crtbegin.o(.ctors)
 *crtbegin?.o(.ctors)
 *(EXCLUDE_FILE(*crtend.o *crtend?.o) .ctors)
 *(SORT_BY_NAME(.ctors.*))
 *(.ctors)
 *crtbegin.o(.dtors)
 *crtbegin?.o(.dtors)
 *(EXCLUDE_FILE(*crtend.o *crtend?.o) .dtors)
 *(SORT_BY_NAME(.dtors.*))
 *(.dtors)

.glue_7         0x0000000000005298        0x0
 .glue_7        0x0000000000005298        0x0 linker stubs

.glue_7t        0x0000000000005298        0x0
 .glue_7t       0x0000000000005298        0x0 linker stubs

.vfp11_veneer   0x0000000000005298        0x0
 .vfp11_veneer  0x0000000000005298        0x0 linker stubs

.v4_bx          0x0000000000005298        0x0
 .v4_bx         0x0000000000005298        0x0 linker stubs

.iplt           0x0000000000005298        0x0
 .iplt          0x0000000000005298        0x0 c:/nordicsemi/toolchains/v2.3.0/opt/zephyr-sdk/arm-zephyr-eabi/bin/../lib/gcc/arm-zephyr-eabi/12.1.0/thumb/v8-m.main/nofp/crtbegin.o

.psa_interface_cross_call
                0x0000000000005298       0xc8
 .psa_interface_cross_call
                0x0000000000005298       0xc8 secure_fw/CMakeFiles/tfm_s.dir/spm/cmsis_psa/psa_interface_cross.o
                0x00000000000052a0                psa_framework_version_cross
                0x00000000000052a8                psa_version_cross
                0x00000000000052b0                tfm_psa_call_pack_cross
                0x00000000000052b8                psa_wait_cross
                0x00000000000052c0                psa_get_cross
                0x00000000000052c8                psa_read_cross
                0x00000000000052d0                psa_skip_cross
                0x00000000000052d8                psa_write_cross
                0x00000000000052e0                psa_reply_cross