Archive member included to satisfy reference by file (symbol)

app/libapp.a(main.c.obj)      (--whole-archive)
app/libapp.a(model_handler.c.obj)
                              (--whole-archive)
zephyr/libzephyr.a(cbprintf_packaged.c.obj)
                              (--whole-archive)
zephyr/libzephyr.a(dec.c.obj)
                              (--whole-archive)
zephyr/libzephyr.a(fdtable.c.obj)
                              (--whole-archive)
zephyr/libzephyr.a(hex.c.obj)
                              (--whole-archive)
zephyr/libzephyr.a(printk.c.obj)
                              (--whole-archive)
zephyr/libzephyr.a(rb.c.obj)  (--whole-archive)
zephyr/libzephyr.a(sem.c.obj)
                              (--whole-archive)
zephyr/libzephyr.a(thread_entry.c.obj)
                              (--whole-archive)
zephyr/libzephyr.a(timeutil.c.obj)
                              (--whole-archive)
zephyr/libzephyr.a(heap.c.obj)
                              (--whole-archive)
zephyr/libzephyr.a(heap-validate.c.obj)
                              (--whole-archive)
zephyr/libzephyr.a(bitarray.c.obj)
                              (--whole-archive)
zephyr/libzephyr.a(multi_heap.c.obj)
                              (--whole-archive)
zephyr/libzephyr.a(onoff.c.obj)
                              (--whole-archive)
zephyr/libzephyr.a(notify.c.obj)
                              (--whole-archive)
zephyr/libzephyr.a(crc32c_sw.c.obj)
                              (--whole-archive)
zephyr/libzephyr.a(crc32_sw.c.obj)
                              (--whole-archive)
zephyr/libzephyr.a(crc16_sw.c.obj)
                              (--whole-archive)
zephyr/libzephyr.a(crc8_sw.c.obj)
                              (--whole-archive)
zephyr/libzephyr.a(crc7_sw.c.obj)
                              (--whole-archive)
zephyr/libzephyr.a(cbprintf_complete.c.obj)
                              (--whole-archive)
zephyr/libzephyr.a(cbprintf.c.obj)
                              (--whole-archive)
zephyr/libzephyr.a(assert.c.obj)
                              (--whole-archive)
zephyr/libzephyr.a(mpsc_pbuf.c.obj)
                              (--whole-archive)
zephyr/libzephyr.a(reboot.c.obj)
                              (--whole-archive)
zephyr/libzephyr.a(configs.c.obj)
                              (--whole-archive)
zephyr/libzephyr.a(soc.c.obj)
                              (--whole-archive)
zephyr/libzephyr.a(power.c.obj)
                              (--whole-archive)
zephyr/libzephyr.a(sync_rtc.c.obj)
                              (--whole-archive)
zephyr/libzephyr.a(soc_nrf_common.S.obj)
                              (--whole-archive)
zephyr/libzephyr.a(soc_secure.c.obj)
                              (--whole-archive)
zephyr/libzephyr.a(validate_base_addresses.c.obj)
                              (--whole-archive)
zephyr/libzephyr.a(validate_enabled_instances.c.obj)
                              (--whole-archive)
zephyr/libzephyr.a(log_core.c.obj)
                              (--whole-archive)
zephyr/libzephyr.a(log_mgmt.c.obj)
                              (--whole-archive)
zephyr/libzephyr.a(log_cache.c.obj)
                              (--whole-archive)
zephyr/libzephyr.a(log_msg.c.obj)
                              (--whole-archive)
zephyr/libzephyr.a(log_output.c.obj)
                              (--whole-archive)
zephyr/libzephyr.a(log_backend_uart.c.obj)
                              (--whole-archive)
zephyr/libzephyr.a(nvs.c.obj)
                              (--whole-archive)
zephyr/libzephyr.a(ipc_service.c.obj)
                              (--whole-archive)
zephyr/libzephyr.a(ipc_rpmsg_static_vrings.c.obj)
                              (--whole-archive)
zephyr/libzephyr.a(ipc_rpmsg.c.obj)
                              (--whole-archive)
zephyr/libzephyr.a(ipc_static_vrings.c.obj)
                              (--whole-archive)
zephyr/libzephyr.a(addr_utils.c.obj)
                              (--whole-archive)
zephyr/libzephyr.a(flash_map.c.obj)
                              (--whole-archive)
zephyr/libzephyr.a(flash_map_layout.c.obj)
                              (--whole-archive)
zephyr/libzephyr.a(settings_store.c.obj)
                              (--whole-archive)
zephyr/libzephyr.a(settings.c.obj)
                              (--whole-archive)
zephyr/libzephyr.a(settings_init.c.obj)
                              (--whole-archive)
zephyr/libzephyr.a(settings_line.c.obj)
                              (--whole-archive)
zephyr/libzephyr.a(settings_nvs.c.obj)
                              (--whole-archive)
zephyr/libzephyr.a(pm.c.obj)  (--whole-archive)
zephyr/libzephyr.a(policy.c.obj)
                              (--whole-archive)
zephyr/libzephyr.a(state.c.obj)
                              (--whole-archive)
zephyr/libzephyr.a(tracing_none.c.obj)
                              (--whole-archive)
zephyr/libzephyr.a(flash_map_partition_manager.c.obj)
                              (--whole-archive)
zephyr/libzephyr.a(utils.c.obj)
[...]
Memory Configuration

Name             Origin             Length             Attributes
FLASH            0x0000000000008000 0x00000000000f0000 xr
RAM              0x0000000020008000 0x0000000000068000 xw
IDT_LIST         0x00000000fffff7ff 0x0000000000000800 xw
*default*        0x0000000000000000 0xffffffffffffffff

Linker script and memory map

LOAD zephyr/CMakeFiles/zephyr_pre1.dir/misc/empty_file.c.obj
LOAD zephyr/CMakeFiles/zephyr_pre1.dir/dev_handles.c.obj
                0x0000000000000020                _region_min_align = 0x20

.rel.plt        0x0000000000008000        0x0
 *(SORT_BY_ALIGNMENT(.rel.plt))
                [!provide]                        PROVIDE (__rel_iplt_start = .)
 *(SORT_BY_ALIGNMENT(.rel.iplt))
 .rel.iplt      0x0000000000008000        0x0 app/libapp.a(main.c.obj)
                [!provide]                        PROVIDE (__rel_iplt_end = .)

.rela.plt       0x0000000000000000        0x0
 *(SORT_BY_ALIGNMENT(.rela.plt))
                [!provide]                        PROVIDE (__rela_iplt_start = .)
 *(SORT_BY_ALIGNMENT(.rela.iplt))
                [!provide]                        PROVIDE (__rela_iplt_end = .)

.rel.dyn
 *(SORT_BY_ALIGNMENT(.rel.*))

.rela.dyn
 *(SORT_BY_ALIGNMENT(.rela.*))

/DISCARD/
 *(SORT_BY_ALIGNMENT(.plt))

/DISCARD/
 *(SORT_BY_ALIGNMENT(.iplt))
                0x0000000000008000                __rom_region_start = 0x8000

rom_start       0x0000000000008000      0x154
                0x0000000000000000                . = 0x0
                0x0000000000000000                . = ALIGN (0x4)
                0x0000000000000000                . = ALIGN (0x80)
                0x0000000000000000                . = ALIGN (0x200)
                0x0000000000008000                _vector_start = .
 *(SORT_BY_ALIGNMENT(.exc_vector_table))
 *(SORT_BY_ALIGNMENT(.exc_vector_table.*))
 .exc_vector_table._vector_table_section
                0x0000000000008000       0x40 zephyr/arch/arch/arm/core/aarch32/cortex_m/libarch__arm__core__aarch32__cortex_m.a(vector_table.S.obj)
                0x0000000000008000                _vector_table
 *(SORT_BY_ALIGNMENT(.vectors))
                0x0000000000008154                _vector_end = .
                0x0000000000008040                . = ALIGN (0x4)
 *(SORT_BY_ALIGNMENT(.gnu.linkonce.irq_vector_table*))
 .gnu.linkonce.irq_vector_table
                0x0000000000008040      0x114 zephyr/arch/common/libisr_tables.a(isr_tables.c.obj)
                0x0000000000008040                _irq_vector_table
                0x0000000000008154                _vector_end = .

text            0x0000000000008154    0x27608
                0x0000000000008154                __text_region_start = .
 *(SORT_BY_ALIGNMENT(.text))
 .text          0x0000000000008154       0x30 c:/nordicsemi/toolchains/v2.3.0/opt/zephyr-sdk/arm-zephyr-eabi/bin/../lib/gcc/arm-zephyr-eabi/12.1.0/thumb/v8-m.main/nofp\libgcc.a(_aeabi_uldivmod.o)
                0x0000000000008154                __aeabi_uldivmod
 .text          0x0000000000008184        0x4 c:/nordicsemi/toolchains/v2.3.0/opt/zephyr-sdk/arm-zephyr-eabi/bin/../lib/gcc/arm-zephyr-eabi/12.1.0/thumb/v8-m.main/nofp\libgcc.a(_dvmd_tls.o)
                0x0000000000008184                __aeabi_idiv0
                0x0000000000008184                __aeabi_ldiv0
 .text          0x0000000000008188      0x29c c:/nordicsemi/toolchains/v2.3.0/opt/zephyr-sdk/arm-zephyr-eabi/bin/../lib/gcc/arm-zephyr-eabi/12.1.0/thumb/v8-m.main/nofp\libgcc.a(_udivmoddi4.o)
                0x0000000000008188                __udivmoddi4
 *(SORT_BY_ALIGNMENT(.text.*))
 .text.bt_ready
                0x0000000000008424       0x60 app/libapp.a(main.c.obj)
 .text.main     0x0000000000008484       0x2c app/libapp.a(main.c.obj)
                0x0000000000008484                main
 .text.attention_off
                0x00000000000084b0        0xc app/libapp.a(model_handler.c.obj)
 .text.attention_on
                0x00000000000084bc       0x18 app/libapp.a(model_handler.c.obj)
 .text.led_transition_start
                0x00000000000084d4       0x50 app/libapp.a(model_handler.c.obj)
 .text.led_work
                0x0000000000008524       0x48 app/libapp.a(model_handler.c.obj)
 .text.led_set  0x000000000000856c       0x84 app/libapp.a(model_handler.c.obj)
 .text.attention_blink
                0x00000000000085f0       0x50 app/libapp.a(model_handler.c.obj)
 .text.model_handler_init
                0x0000000000008640       0x4c app/libapp.a(model_handler.c.obj)
                0x0000000000008640                model_handler_init
 .text.cbvprintf_package
                0x000000000000868c      0x3fc zephyr/libzephyr.a(cbprintf_packaged.c.obj)
                0x000000000000868c                cbvprintf_package
 .text.cbprintf_package_convert
                0x0000000000008a88      0x454 zephyr/libzephyr.a(cbprintf_packaged.c.obj)
                0x0000000000008a88                cbprintf_package_convert
 .text.__printk_hook_install
                0x0000000000008edc        0xc zephyr/libzephyr.a(printk.c.obj)
                0x0000000000008edc                __printk_hook_install
 .text.vsnprintk
                0x0000000000008ee8       0x2c zephyr/libzephyr.a(printk.c.obj)
                0x0000000000008ee8                vsnprintk
 .text.sys_heap_free
                0x0000000000008f14       0x64 zephyr/libzephyr.a(heap.c.obj)
                0x0000000000008f14                sys_heap_free
 .text.sys_heap_aligned_alloc
                0x0000000000008f78       0xf4 zephyr/libzephyr.a(heap.c.obj)
                0x0000000000008f78                sys_heap_aligned_alloc
 .text.sys_heap_init
                0x000000000000906c       0xdc zephyr/libzephyr.a(heap.c.obj)
                0x000000000000906c                sys_heap_init
 .text.process_event
                0x0000000000009148      0x334 zephyr/libzephyr.a(onoff.c.obj)
 .text.transition_complete
                0x000000000000947c       0x54 zephyr/libzephyr.a(onoff.c.obj)
 .text.onoff_request
                0x00000000000094d0      0x104 zephyr/libzephyr.a(onoff.c.obj)
                0x00000000000094d0                onoff_request
 .text.sys_notify_finalize
                0x00000000000095d4       0x54 zephyr/libzephyr.a(notify.c.obj)
                0x00000000000095d4                sys_notify_finalize
 .text.crc8_ccitt
                0x0000000000009628       0x2c zephyr/libzephyr.a(crc8_sw.c.obj)
                0x0000000000009628                crc8_ccitt
 .text.z_cbvprintf_impl
                0x0000000000009654      0x764 zephyr/libzephyr.a(cbprintf_complete.c.obj)
                0x0000000000009654                z_cbvprintf_impl
 .text.mpsc_pbuf_init
                0x0000000000009db8       0x5c zephyr/libzephyr.a(mpsc_pbuf.c.obj)
                0x0000000000009db8                mpsc_pbuf_init
 .text.mpsc_pbuf_alloc
                0x0000000000009e14      0x158 zephyr/libzephyr.a(mpsc_pbuf.c.obj)
                0x0000000000009e14                mpsc_pbuf_alloc
 .text.mpsc_pbuf_commit
                0x0000000000009f6c       0x88 zephyr/libzephyr.a(mpsc_pbuf.c.obj)
                0x0000000000009f6c                mpsc_pbuf_commit
 .text.mpsc_pbuf_claim
                0x0000000000009ff4       0xe8 zephyr/libzephyr.a(mpsc_pbuf.c.obj)
                0x0000000000009ff4                mpsc_pbuf_claim
 .text.mpsc_pbuf_free
                0x000000000000a0dc       0xb0 zephyr/libzephyr.a(mpsc_pbuf.c.obj)
                0x000000000000a0dc                mpsc_pbuf_free
 .text.z_arm_on_enter_cpu_idle
                0x000000000000a18c       0x98 zephyr/libzephyr.a(soc.c.obj)
                0x000000000000a18c                z_arm_on_enter_cpu_idle
 .text.arch_busy_wait
                0x000000000000a224       0x24 zephyr/libzephyr.a(soc.c.obj)
                0x000000000000a224                arch_busy_wait
 .text.sync_rtc_setup
                0x000000000000a248      0x104 zephyr/libzephyr.a(sync_rtc.c.obj)
 .text.rtc_cb   0x000000000000a34c       0x9c zephyr/libzephyr.a(sync_rtc.c.obj)
 .text.mbox_callback
                0x000000000000a3e8       0xf4 zephyr/libzephyr.a(sync_rtc.c.obj)
 .text.z_arm_platform_init
                0x000000000000a4dc        0x4 zephyr/libzephyr.a(soc_nrf_common.S.obj)
                0x000000000000a4dc                z_arm_platform_init
 .text.soc_secure_gpio_pin_mcu_select
                0x000000000000a4e0       0x3c zephyr/libzephyr.a(soc_secure.c.obj)
                0x000000000000a4e0                soc_secure_gpio_pin_mcu_select
 .text.enable_logger
                0x000000000000a51c       0x5c zephyr/libzephyr.a(log_core.c.obj)
 .text.activate_foreach_backend
                0x000000000000a578       0x64 zephyr/libzephyr.a(log_core.c.obj)
 .text.z_log_init
                0x000000000000a5dc       0xc8 zephyr/libzephyr.a(log_core.c.obj)
 .text.log_process_thread_timer_expiry_fn
                0x000000000000a6a4        0xc zephyr/libzephyr.a(log_core.c.obj)
 .text.log_format_func_t_get
                0x000000000000a6b0        0xc zephyr/libzephyr.a(log_core.c.obj)
                0x000000000000a6b0                log_format_func_t_get
 .text.log_set_timestamp_func
                0x000000000000a6bc       0x20 zephyr/libzephyr.a(log_core.c.obj)
                0x000000000000a6bc                log_set_timestamp_func
 .text.z_log_notify_backend_enabled
                0x000000000000a6dc       0x1c zephyr/libzephyr.a(log_core.c.obj)
                0x000000000000a6dc                z_log_notify_backend_enabled
 .text.z_log_dropped
                0x000000000000a6f8       0x28 zephyr/libzephyr.a(log_core.c.obj)
                0x000000000000a6f8                z_log_dropped
 .text.z_log_dropped_read_and_clear
                0x000000000000a720       0x18 zephyr/libzephyr.a(log_core.c.obj)
                0x000000000000a720                z_log_dropped_read_and_clear
 .text.dropped_notify
                0x000000000000a738       0x50 zephyr/libzephyr.a(log_core.c.obj)
                0x000000000000a738                dropped_notify
 .text.z_log_msg_init
                0x000000000000a788       0x20 zephyr/libzephyr.a(log_core.c.obj)
                0x000000000000a788                z_log_msg_init
 .text.log_core_init
                0x000000000000a7a8       0x2c zephyr/libzephyr.a(log_core.c.obj)
                0x000000000000a7a8                log_core_init
 .text.z_log_msg_alloc
                0x000000000000a7d4       0x10 zephyr/libzephyr.a(log_core.c.obj)
                0x000000000000a7d4                z_log_msg_alloc
 .text.z_log_msg_local_claim
                0x000000000000a7e4        0xc zephyr/libzephyr.a(log_core.c.obj)
                0x000000000000a7e4                z_log_msg_local_claim
 .text.z_log_msg_free
                0x000000000000a7f0       0x10 zephyr/libzephyr.a(log_core.c.obj)
                0x000000000000a7f0                z_log_msg_free
 .text.z_log_msg_pending
                0x000000000000a800        0xc zephyr/libzephyr.a(log_core.c.obj)
                0x000000000000a800                z_log_msg_pending
 .text.z_impl_log_process
                0x000000000000a80c       0xd4 zephyr/libzephyr.a(log_core.c.obj)
                0x000000000000a80c                z_impl_log_process
 .text.z_impl_log_panic
                0x000000000000a8e0       0x64 zephyr/libzephyr.a(log_core.c.obj)
                0x000000000000a8e0                z_impl_log_panic
 .text.log_process_thread_func
                0x000000000000a944       0xd4 zephyr/libzephyr.a(log_core.c.obj)
 .text.z_log_msg_post_finalize
                0x000000000000aa18       0xbc zephyr/libzephyr.a(log_core.c.obj)
 .text.z_log_msg_commit
                0x000000000000aad4       0x24 zephyr/libzephyr.a(log_core.c.obj)
                0x000000000000aad4                z_log_msg_commit
 .text.log_source_name_get
                0x000000000000aaf8       0x1c zephyr/libzephyr.a(log_mgmt.c.obj)
                0x000000000000aaf8                log_source_name_get
 .text.log_backend_enable
                0x000000000000ab14       0x48 zephyr/libzephyr.a(log_mgmt.c.obj)
                0x000000000000ab14                log_backend_enable
 .text.z_impl_z_log_msg_static_create
                0x000000000000ab5c       0xc4 zephyr/libzephyr.a(log_msg.c.obj)
                0x000000000000ab5c                z_impl_z_log_msg_static_create
 .text.z_impl_z_log_msg_runtime_vcreate
                0x000000000000ac20       0xc0 zephyr/libzephyr.a(log_msg.c.obj)
                0x000000000000ac20                z_impl_z_log_msg_runtime_vcreate
 .text.print_formatted
                0x000000000000ace0       0x24 zephyr/libzephyr.a(log_output.c.obj)
 .text.newline_print
                0x000000000000ad04       0x1c zephyr/libzephyr.a(log_output.c.obj)
 .text.out_func
                0x000000000000ad20       0x54 zephyr/libzephyr.a(log_output.c.obj)
 .text.log_output_process
                0x000000000000ad74      0x2c8 zephyr/libzephyr.a(log_output.c.obj)
                0x000000000000ad74                log_output_process
 .text.log_output_msg_process
                0x000000000000b03c       0x6c zephyr/libzephyr.a(log_output.c.obj)
                0x000000000000b03c                log_output_msg_process
 .text.log_output_dropped_process
                0x000000000000b0a8       0x58 zephyr/libzephyr.a(log_output.c.obj)
                0x000000000000b0a8                log_output_dropped_process
 .text.log_output_timestamp_freq_set
                0x000000000000b100       0x2c zephyr/libzephyr.a(log_output.c.obj)
                0x000000000000b100                log_output_timestamp_freq_set
 .text.format_set
                0x000000000000b12c        0xc zephyr/libzephyr.a(log_backend_uart.c.obj)
 .text.panic    0x000000000000b138       0x14 zephyr/libzephyr.a(log_backend_uart.c.obj)
 .text.dropped  0x000000000000b14c        0xc zephyr/libzephyr.a(log_backend_uart.c.obj)
 .text.process  0x000000000000b158       0x24 zephyr/libzephyr.a(log_backend_uart.c.obj)
 .text.char_out
                0x000000000000b17c       0x24 zephyr/libzephyr.a(log_backend_uart.c.obj)
 .text.log_backend_uart_init
                0x000000000000b1a0       0x2c zephyr/libzephyr.a(log_backend_uart.c.obj)
 .text.nvs_recover_last_ate
                0x000000000000b1cc       0x64 zephyr/libzephyr.a(nvs.c.obj)
 .text.nvs_mount
                0x000000000000b230      0x3b0 zephyr/libzephyr.a(nvs.c.obj)
                0x000000000000b230                nvs_mount
 .text.nvs_write
                0x000000000000b5e0      0x1b8 zephyr/libzephyr.a(nvs.c.obj)
                0x000000000000b5e0                nvs_write
 .text.nvs_read_hist
                0x000000000000b798       0xdc zephyr/libzephyr.a(nvs.c.obj)
                0x000000000000b798                nvs_read_hist
 .text.ipc_service_open_instance
                0x000000000000b874       0x5c zephyr/libzephyr.a(ipc_service.c.obj)
                0x000000000000b874                ipc_service_open_instance
 .text.ipc_service_register_endpoint
                0x000000000000b8d0       0x64 zephyr/libzephyr.a(ipc_service.c.obj)
                0x000000000000b8d0                ipc_service_register_endpoint
 .text.ipc_service_send
                0x000000000000b934       0x84 zephyr/libzephyr.a(ipc_service.c.obj)
                0x000000000000b934                ipc_service_send
 .text.shared_memory_prepare
                0x000000000000b9b8       0x14 zephyr/libzephyr.a(ipc_rpmsg_static_vrings.c.obj)
 .text.advertise_ept
                0x000000000000b9cc       0x44 zephyr/libzephyr.a(ipc_rpmsg_static_vrings.c.obj)
 .text.get_ept  0x000000000000ba10       0x28 zephyr/libzephyr.a(ipc_rpmsg_static_vrings.c.obj)
 .text.open     0x000000000000ba38      0x1b8 zephyr/libzephyr.a(ipc_rpmsg_static_vrings.c.obj)
 .text.close    0x000000000000bbf0       0xc4 zephyr/libzephyr.a(ipc_rpmsg_static_vrings.c.obj)
 .text.bound_cb
                0x000000000000bcb4       0x30 zephyr/libzephyr.a(ipc_rpmsg_static_vrings.c.obj)
 .text.send     0x000000000000bce4       0x4c zephyr/libzephyr.a(ipc_rpmsg_static_vrings.c.obj)
 .text.register_ept
                0x000000000000bd30       0xe0 zephyr/libzephyr.a(ipc_rpmsg_static_vrings.c.obj)
 .text.ns_bind_cb
                0x000000000000be10       0x6c zephyr/libzephyr.a(ipc_rpmsg.c.obj)
 .text.ipc_rpmsg_register_ept
                0x000000000000be7c       0x3c zephyr/libzephyr.a(ipc_rpmsg.c.obj)
                0x000000000000be7c                ipc_rpmsg_register_ept
 .text.ipc_rpmsg_init
                0x000000000000beb8       0x70 zephyr/libzephyr.a(ipc_rpmsg.c.obj)
                0x000000000000beb8                ipc_rpmsg_init
 .text.ipc_static_vrings_init
                0x000000000000bf28      0x104 zephyr/libzephyr.a(ipc_static_vrings.c.obj)
                0x000000000000bf28                ipc_static_vrings_init
 .text.flash_area_open
                0x000000000000c02c       0x50 zephyr/libzephyr.a(flash_map.c.obj)
                0x000000000000c02c                flash_area_open
 .text.flash_area_get_sectors
                0x000000000000c07c       0x60 zephyr/libzephyr.a(flash_map_layout.c.obj)
                0x000000000000c07c                flash_area_get_sectors
 .text.settings_save_one
                0x000000000000c0dc       0x4c zephyr/libzephyr.a(settings_store.c.obj)
                0x000000000000c0dc                settings_save_one
 .text.settings_src_register
                0x000000000000c128       0x1c zephyr/libzephyr.a(settings_store.c.obj)
                0x000000000000c128                settings_src_register
 .text.settings_dst_register
                0x000000000000c144        0xc zephyr/libzephyr.a(settings_store.c.obj)
                0x000000000000c144                settings_dst_register
 .text.settings_load_subtree
                0x000000000000c150       0x4c zephyr/libzephyr.a(settings_store.c.obj)
                0x000000000000c150                settings_load_subtree
 .text.settings_load_subtree_direct
                0x000000000000c19c       0x40 zephyr/libzephyr.a(settings_store.c.obj)
                0x000000000000c19c                settings_load_subtree_direct
 .text.settings_store_init
                0x000000000000c1dc       0x10 zephyr/libzephyr.a(settings_store.c.obj)
                0x000000000000c1dc                settings_store_init
 .text.settings_init
                0x000000000000c1ec       0x10 zephyr/libzephyr.a(settings.c.obj)
                0x000000000000c1ec                settings_init
 .text.settings_parse_and_lookup
                0x000000000000c1fc       0xb4 zephyr/libzephyr.a(settings.c.obj)
                0x000000000000c1fc                settings_parse_and_lookup
 .text.settings_call_set_handler
                0x000000000000c2b0       0xa4 zephyr/libzephyr.a(settings.c.obj)
                0x000000000000c2b0                settings_call_set_handler
 .text.settings_commit_subtree
                0x000000000000c354       0x8c zephyr/libzephyr.a(settings.c.obj)
                0x000000000000c354                settings_commit_subtree
 .text.settings_subsys_init
                0x000000000000c3e0       0x3c zephyr/libzephyr.a(settings_init.c.obj)
                0x000000000000c3e0                settings_subsys_init
 .text.settings_nvs_load
                0x000000000000c41c       0xbc zephyr/libzephyr.a(settings_nvs.c.obj)
 .text.settings_backend_init
                0x000000000000c4d8       0x98 zephyr/libzephyr.a(settings_nvs.c.obj)
                0x000000000000c4d8                settings_backend_init
 .text.pm_state_notify
                0x000000000000c570       0x9c zephyr/libzephyr.a(pm.c.obj)
 .text.pm_system_resume
                0x000000000000c60c       0x70 zephyr/libzephyr.a(pm.c.obj)
                0x000000000000c60c                pm_system_resume
 .text.pm_system_suspend
                0x000000000000c67c      0x130 zephyr/libzephyr.a(pm.c.obj)
                0x000000000000c67c                pm_system_suspend
 .text.pm_policy_next_state
                0x000000000000c7ac       0x94 zephyr/libzephyr.a(policy.c.obj)
                0x000000000000c7ac                pm_policy_next_state
 .text.pm_state_cpu_get_all
                0x000000000000c840       0x10 zephyr/libzephyr.a(state.c.obj)
                0x000000000000c840                pm_state_cpu_get_all
 .text.sub_bytes
                0x000000000000c850       0x18 zephyr/libzephyr.a(aes_encrypt.c.obj)
 .text.tc_aes128_set_encrypt_key
                0x000000000000c868       0xa8 zephyr/libzephyr.a(aes_encrypt.c.obj)
                0x000000000000c868                tc_aes128_set_encrypt_key
 .text.compress
                0x000000000000c910      0x1d4 zephyr/libzephyr.a(sha256.c.obj)
 .text.tc_sha256_init
                0x000000000000cae4       0x58 zephyr/libzephyr.a(sha256.c.obj)
                0x000000000000cae4                tc_sha256_init
 .text.z_arm_cpu_idle_init
                0x000000000000cb3c        0xc zephyr/arch/arch/arm/core/aarch32/libarch__arm__core__aarch32.a(cpu_idle.S.obj)
                0x000000000000cb3c                z_arm_cpu_idle_init
 .text.arch_cpu_idle
                0x000000000000cb48       0x28 zephyr/arch/arch/arm/core/aarch32/libarch__arm__core__aarch32.a(cpu_idle.S.obj)
                0x000000000000cb48                arch_cpu_idle
 .text.arch_cpu_atomic_idle
                0x000000000000cb70       0x24 zephyr/arch/arch/arm/core/aarch32/libarch__arm__core__aarch32.a(cpu_idle.S.obj)
                0x000000000000cb70                arch_cpu_atomic_idle
 .text.z_arm_fatal_error
                0x000000000000cb94       0xcc zephyr/arch/arch/arm/core/aarch32/libarch__arm__core__aarch32.a(fatal.c.obj)
                0x000000000000cb94                z_arm_fatal_error
 .text.arch_irq_enable
                0x000000000000cc60       0x1c zephyr/arch/arch/arm/core/aarch32/libarch__arm__core__aarch32.a(irq_manage.c.obj)
                0x000000000000cc60                arch_irq_enable
 .text.arch_irq_disable
                0x000000000000cc7c       0x28 zephyr/arch/arch/arm/core/aarch32/libarch__arm__core__aarch32.a(irq_manage.c.obj)
                0x000000000000cc7c                arch_irq_disable
 .text.arch_irq_is_enabled
                0x000000000000cca4       0x1c zephyr/arch/arch/arm/core/aarch32/libarch__arm__core__aarch32.a(irq_manage.c.obj)
                0x000000000000cca4                arch_irq_is_enabled
 .text.z_arm_irq_priority_set
                0x000000000000ccc0       0x4c zephyr/arch/arch/arm/core/aarch32/libarch__arm__core__aarch32.a(irq_manage.c.obj)
                0x000000000000ccc0                z_arm_irq_priority_set
 .text.z_SysNmiOnReset
                0x000000000000cd0c        0x8 zephyr/arch/arch/arm/core/aarch32/libarch__arm__core__aarch32.a(nmi_on_reset.S.obj)
                0x000000000000cd0c                z_SysNmiOnReset
 .text.z_arm_prep_c
                0x000000000000cd14       0x38 zephyr/arch/arch/arm/core/aarch32/libarch__arm__core__aarch32.a(prep_c.c.obj)
                0x000000000000cd14                z_arm_prep_c
 .text.arch_swap
                0x000000000000cd4c       0x34 zephyr/arch/arch/arm/core/aarch32/libarch__arm__core__aarch32.a(swap.c.obj)
                0x000000000000cd4c                arch_swap
 .text.z_arm_pendsv
                0x000000000000cd80       0x60 zephyr/arch/arch/arm/core/aarch32/libarch__arm__core__aarch32.a(swap_helper.S.obj)
                0x000000000000cd80                z_arm_pendsv
 .text.z_arm_svc
                0x000000000000cde0       0x20 zephyr/arch/arch/arm/core/aarch32/libarch__arm__core__aarch32.a(swap_helper.S.obj)
                0x000000000000cde0                z_arm_svc
 .text.arch_new_thread
                0x000000000000ce00       0x40 zephyr/arch/arch/arm/core/aarch32/libarch__arm__core__aarch32.a(thread.c.obj)
                0x000000000000ce00                arch_new_thread
 .text.arch_switch_to_main_thread
                0x000000000000ce40       0x28 zephyr/arch/arch/arm/core/aarch32/libarch__arm__core__aarch32.a(thread.c.obj)
                0x000000000000ce40                arch_switch_to_main_thread
 .text._isr_wrapper
                0x000000000000ce68       0x40 zephyr/arch/arch/arm/core/aarch32/libarch__arm__core__aarch32.a(isr_wrapper.S.obj)
                0x000000000000ce68                _isr_wrapper
 .text._HandlerModeExit
                0x000000000000cea8       0x1c zephyr/arch/arch/arm/core/aarch32/cortex_m/libarch__arm__core__aarch32__cortex_m.a(exc_exit.S.obj)
                0x000000000000cea8                z_arm_int_exit
                0x000000000000cea8                z_arm_exc_exit
 .text.mem_manage_fault.constprop.0
                0x000000000000cec4      0x160 zephyr/arch/arch/arm/core/aarch32/cortex_m/libarch__arm__core__aarch32__cortex_m.a(fault.c.obj)
 .text.bus_fault.constprop.0
                0x000000000000d024      0x130 zephyr/arch/arch/arm/core/aarch32/cortex_m/libarch__arm__core__aarch32__cortex_m.a(fault.c.obj)
 .text.usage_fault.constprop.0
                0x000000000000d154      0x118 zephyr/arch/arch/arm/core/aarch32/cortex_m/libarch__arm__core__aarch32__cortex_m.a(fault.c.obj)
 .text.z_arm_fault
                0x000000000000d26c      0x26c zephyr/arch/arch/arm/core/aarch32/cortex_m/libarch__arm__core__aarch32__cortex_m.a(fault.c.obj)
                0x000000000000d26c                z_arm_fault
 .text.z_arm_fault_init
                0x000000000000d4d8       0x18 zephyr/arch/arch/arm/core/aarch32/cortex_m/libarch__arm__core__aarch32__cortex_m.a(fault.c.obj)
                0x000000000000d4d8                z_arm_fault_init
 .text.__fault  0x000000000000d4f0       0x14 zephyr/arch/arch/arm/core/aarch32/cortex_m/libarch__arm__core__aarch32__cortex_m.a(fault_s.S.obj)
                0x000000000000d4f0                z_arm_usage_fault
                0x000000000000d4f0                z_arm_mpu_fault
                0x000000000000d4f0                z_arm_exc_spurious
                0x000000000000d4f0                z_arm_debug_monitor
                0x000000000000d4f0                z_arm_hard_fault
                0x000000000000d4f0                z_arm_bus_fault
 .text.z_arm_interrupt_init
                0x000000000000d504       0x18 zephyr/arch/arch/arm/core/aarch32/cortex_m/libarch__arm__core__aarch32__cortex_m.a(irq_init.c.obj)
                0x000000000000d504                z_arm_interrupt_init
 .text._reset_section
                0x000000000000d51c       0x60 zephyr/arch/arch/arm/core/aarch32/cortex_m/libarch__arm__core__aarch32__cortex_m.a(reset.S.obj)
                0x000000000000d51c                __start
                0x000000000000d51c                z_arm_reset
 .text.sys_arch_reboot
                0x000000000000d57c       0x24 zephyr/arch/arch/arm/core/aarch32/cortex_m/libarch__arm__core__aarch32__cortex_m.a(scb.c.obj)
                0x000000000000d57c                sys_arch_reboot
 .text.z_arm_clear_arm_mpu_config
                0x000000000000d5a0       0x24 zephyr/arch/arch/arm/core/aarch32/cortex_m/libarch__arm__core__aarch32__cortex_m.a(scb.c.obj)
                0x000000000000d5a0                z_arm_clear_arm_mpu_config
 .text.z_arm_init_arch_hw_at_boot
                0x000000000000d5c4       0x4c zephyr/arch/arch/arm/core/aarch32/cortex_m/libarch__arm__core__aarch32__cortex_m.a(scb.c.obj)
                0x000000000000d5c4                z_arm_init_arch_hw_at_boot
 .text.z_impl_k_thread_abort
                0x000000000000d610       0x2c zephyr/arch/arch/arm/core/aarch32/cortex_m/libarch__arm__core__aarch32__cortex_m.a(thread_abort.c.obj)
                0x000000000000d610                z_impl_k_thread_abort
 .text.z_arm_configure_static_mpu_regions
                0x000000000000d63c       0x38 zephyr/arch/arch/arm/core/aarch32/mpu/libarch__arm__core__aarch32__mpu.a(arm_core_mpu.c.obj)
                0x000000000000d63c                z_arm_configure_static_mpu_regions
 .text.region_init
                0x000000000000d674       0x34 zephyr/arch/arch/arm/core/aarch32/mpu/libarch__arm__core__aarch32__mpu.a(arm_mpu.c.obj)
 .text.region_allocate_and_init.part.0
                0x000000000000d6a8       0x30 zephyr/arch/arch/arm/core/aarch32/mpu/libarch__arm__core__aarch32__mpu.a(arm_mpu.c.obj)
 .text.mpu_configure_regions_and_partition.constprop.0
                0x000000000000d6d8      0x19c zephyr/arch/arch/arm/core/aarch32/mpu/libarch__arm__core__aarch32__mpu.a(arm_mpu.c.obj)
 .text.arm_core_mpu_enable
                0x000000000000d874       0x18 zephyr/arch/arch/arm/core/aarch32/mpu/libarch__arm__core__aarch32__mpu.a(arm_mpu.c.obj)
                0x000000000000d874                arm_core_mpu_enable
 .text.arm_core_mpu_disable
                0x000000000000d88c       0x14 zephyr/arch/arch/arm/core/aarch32/mpu/libarch__arm__core__aarch32__mpu.a(arm_mpu.c.obj)
                0x000000000000d88c                arm_core_mpu_disable
 .text.arm_core_mpu_configure_static_mpu_regions
                0x000000000000d8a0       0x34 zephyr/arch/arch/arm/core/aarch32/mpu/libarch__arm__core__aarch32__mpu.a(arm_mpu.c.obj)
                0x000000000000d8a0                arm_core_mpu_configure_static_mpu_regions
 .text.arm_core_mpu_mark_areas_for_dynamic_regions
                0x000000000000d8d4       0xd4 zephyr/arch/arch/arm/core/aarch32/mpu/libarch__arm__core__aarch32__mpu.a(arm_mpu.c.obj)
                0x000000000000d8d4                arm_core_mpu_mark_areas_for_dynamic_regions
 .text.z_arm_mpu_init
                0x000000000000d9a8       0x84 zephyr/arch/arch/arm/core/aarch32/mpu/libarch__arm__core__aarch32__mpu.a(arm_mpu.c.obj)
                0x000000000000d9a8                z_arm_mpu_init
 .text.__stdout_hook_install
                0x000000000000da2c        0xc zephyr/lib/libc/minimal/liblib__libc__minimal.a(stdout_console.c.obj)
                0x000000000000da2c                __stdout_hook_install
 .text.remoteproc_mgr_boot
                0x000000000000da38       0x10 zephyr/boards/boards/arm/nrf5340dk_nrf5340_cpuapp_ns/libboards__arm__nrf5340dk_nrf5340.a(nrf5340_cpunet_reset.c.obj)
 .text.bt_addr_le_str
                0x000000000000da48       0x7c zephyr/subsys/bluetooth/common/libsubsys__bluetooth__common.a(bt_str.c.obj)
                0x000000000000da48                bt_addr_le_str
 .text.save_id  0x000000000000dac4       0x48 zephyr/subsys/bluetooth/host/libsubsys__bluetooth__host.a(settings.c.obj)
 .text.set_setting
                0x000000000000db0c       0xa8 zephyr/subsys/bluetooth/host/libsubsys__bluetooth__host.a(settings.c.obj)
 .text.bt_settings_encode_key
                0x000000000000dbb4       0x60 zephyr/subsys/bluetooth/host/libsubsys__bluetooth__host.a(settings.c.obj)
                0x000000000000dbb4                bt_settings_encode_key
 .text.bt_settings_save_id
                0x000000000000dc14        0xc zephyr/subsys/bluetooth/host/libsubsys__bluetooth__host.a(settings.c.obj)
                0x000000000000dc14                bt_settings_save_id
 .text.commit_settings
                0x000000000000dc20       0x88 zephyr/subsys/bluetooth/host/libsubsys__bluetooth__host.a(settings.c.obj)
 .text.bt_settings_init
                0x000000000000dca8       0x3c zephyr/subsys/bluetooth/host/libsubsys__bluetooth__host.a(settings.c.obj)
                0x000000000000dca8                bt_settings_init
 .text.long_wq_init
                0x000000000000dce4       0x38 zephyr/subsys/bluetooth/host/libsubsys__bluetooth__host.a(long_wq.c.obj)
 .text.bt_long_wq_schedule
                0x000000000000dd1c        0xc zephyr/subsys/bluetooth/host/libsubsys__bluetooth__host.a(long_wq.c.obj)
                0x000000000000dd1c                bt_long_wq_schedule
 .text.bt_long_wq_reschedule
                0x000000000000dd28        0xc zephyr/subsys/bluetooth/host/libsubsys__bluetooth__host.a(long_wq.c.obj)
                0x000000000000dd28                bt_long_wq_reschedule
 .text.uuid_to_uuid128
                0x000000000000dd34       0x6c zephyr/subsys/bluetooth/host/libsubsys__bluetooth__host.a(uuid.c.obj)
 .text.bt_buf_get_rx
                0x000000000000dda0       0x58 zephyr/subsys/bluetooth/host/libsubsys__bluetooth__host.a(buf.c.obj)
                0x000000000000dda0                bt_buf_get_rx
 .text.bt_buf_get_cmd_complete
                0x000000000000ddf8       0x34 zephyr/subsys/bluetooth/host/libsubsys__bluetooth__host.a(buf.c.obj)
                0x000000000000ddf8                bt_buf_get_cmd_complete
 .text.bt_buf_get_evt
                0x000000000000de2c       0x58 zephyr/subsys/bluetooth/host/libsubsys__bluetooth__host.a(buf.c.obj)
                0x000000000000de2c                bt_buf_get_evt
 .text.hci_disconn_complete_prio
                0x000000000000de84       0x3c zephyr/subsys/bluetooth/host/libsubsys__bluetooth__host.a(hci_core.c.obj)
 .text.le_conn_param_neg_reply.part.0
                0x000000000000dec0       0x24 zephyr/subsys/bluetooth/host/libsubsys__bluetooth__host.a(hci_core.c.obj)
 .text.rx_queue_put
                0x000000000000dee4       0x50 zephyr/subsys/bluetooth/host/libsubsys__bluetooth__host.a(hci_core.c.obj)
 .text.hci_hardware_error
                0x000000000000df34       0x34 zephyr/subsys/bluetooth/host/libsubsys__bluetooth__host.a(hci_core.c.obj)
 .text.hci_disconn_complete
                0x000000000000df68       0x58 zephyr/subsys/bluetooth/host/libsubsys__bluetooth__host.a(hci_core.c.obj)
 .text.le_remote_feat_complete
                0x000000000000dfc0       0x60 zephyr/subsys/bluetooth/host/libsubsys__bluetooth__host.a(hci_core.c.obj)
 .text.handle_event_common.isra.0
                0x000000000000e020       0x58 zephyr/subsys/bluetooth/host/libsubsys__bluetooth__host.a(hci_core.c.obj)
 .text.hci_le_meta_event
                0x000000000000e078       0x20 zephyr/subsys/bluetooth/host/libsubsys__bluetooth__host.a(hci_core.c.obj)
 .text.rx_work_handler
                0x000000000000e098      0x184 zephyr/subsys/bluetooth/host/libsubsys__bluetooth__host.a(hci_core.c.obj)
 .text.le_conn_update_complete
                0x000000000000e21c       0xd4 zephyr/subsys/bluetooth/host/libsubsys__bluetooth__host.a(hci_core.c.obj)
 .text.hci_cmd_done
                0x000000000000e2f0       0xbc zephyr/subsys/bluetooth/host/libsubsys__bluetooth__host.a(hci_core.c.obj)
 .text.hci_cmd_status
                0x000000000000e3ac       0x2c zephyr/subsys/bluetooth/host/libsubsys__bluetooth__host.a(hci_core.c.obj)
 .text.hci_cmd_complete
                0x000000000000e3d8       0x30 zephyr/subsys/bluetooth/host/libsubsys__bluetooth__host.a(hci_core.c.obj)
 .text.hci_num_completed_packets
                0x000000000000e408      0x118 zephyr/subsys/bluetooth/host/libsubsys__bluetooth__host.a(hci_core.c.obj)
 .text.bt_hci_cmd_state_set_init
                0x000000000000e520       0x24 zephyr/subsys/bluetooth/host/libsubsys__bluetooth__host.a(hci_core.c.obj)
                0x000000000000e520                bt_hci_cmd_state_set_init
 .text.bt_hci_cmd_create
                0x000000000000e544       0x94 zephyr/subsys/bluetooth/host/libsubsys__bluetooth__host.a(hci_core.c.obj)
                0x000000000000e544                bt_hci_cmd_create
 .text.bt_hci_cmd_send_sync
                0x000000000000e5d8       0xb0 zephyr/subsys/bluetooth/host/libsubsys__bluetooth__host.a(hci_core.c.obj)
                0x000000000000e5d8                bt_hci_cmd_send_sync
 .text.bt_hci_le_rand
                0x000000000000e688       0x58 zephyr/subsys/bluetooth/host/libsubsys__bluetooth__host.a(hci_core.c.obj)
                0x000000000000e688                bt_hci_le_rand
 .text.bt_get_phy
                0x000000000000e6e0       0x14 zephyr/subsys/bluetooth/host/libsubsys__bluetooth__host.a(hci_core.c.obj)
                0x000000000000e6e0                bt_get_phy
 .text.bt_hci_le_enh_conn_complete
                0x000000000000e6f4      0x1f0 zephyr/subsys/bluetooth/host/libsubsys__bluetooth__host.a(hci_core.c.obj)
                0x000000000000e6f4                bt_hci_le_enh_conn_complete
 .text.le_legacy_conn_complete
                0x000000000000e8e4       0x6c zephyr/subsys/bluetooth/host/libsubsys__bluetooth__host.a(hci_core.c.obj)
 .text.bt_send  0x000000000000e950       0x10 zephyr/subsys/bluetooth/host/libsubsys__bluetooth__host.a(hci_core.c.obj)
                0x000000000000e950                bt_send
 .text.bt_hci_cmd_send
                0x000000000000e960       0x6c zephyr/subsys/bluetooth/host/libsubsys__bluetooth__host.a(hci_core.c.obj)
                0x000000000000e960                bt_hci_cmd_send
 .text.bt_hci_host_num_completed_packets
                0x000000000000e9cc       0xa0 zephyr/subsys/bluetooth/host/libsubsys__bluetooth__host.a(hci_core.c.obj)
                0x000000000000e9cc                bt_hci_host_num_completed_packets
 .text.le_conn_param_req
                0x000000000000ea6c       0xd4 zephyr/subsys/bluetooth/host/libsubsys__bluetooth__host.a(hci_core.c.obj)
 .text.hci_tx_thread
                0x000000000000eb40      0x160 zephyr/subsys/bluetooth/host/libsubsys__bluetooth__host.a(hci_core.c.obj)
 .text.hci_event_prio
                0x000000000000eca0       0x98 zephyr/subsys/bluetooth/host/libsubsys__bluetooth__host.a(hci_core.c.obj)
                0x000000000000eca0                hci_event_prio
 .text.bt_recv  0x000000000000ed38       0x68 zephyr/subsys/bluetooth/host/libsubsys__bluetooth__host.a(hci_core.c.obj)
                0x000000000000ed38                bt_recv
 .text.bt_hci_driver_register
                0x000000000000eda0       0x28 zephyr/subsys/bluetooth/host/libsubsys__bluetooth__host.a(hci_core.c.obj)
                0x000000000000eda0                bt_hci_driver_register
 .text.bt_finalize_init
                0x000000000000edc8       0x18 zephyr/subsys/bluetooth/host/libsubsys__bluetooth__host.a(hci_core.c.obj)
                0x000000000000edc8                bt_finalize_init
 .text.bt_init  0x000000000000ede0      0x408 zephyr/subsys/bluetooth/host/libsubsys__bluetooth__host.a(hci_core.c.obj)
 .text.init_work
                0x000000000000f1e8       0x18 zephyr/subsys/bluetooth/host/libsubsys__bluetooth__host.a(hci_core.c.obj)
 .text.bt_enable
                0x000000000000f200      0x12c zephyr/subsys/bluetooth/host/libsubsys__bluetooth__host.a(hci_core.c.obj)
                0x000000000000f200                bt_enable
 .text.bt_is_ready
                0x000000000000f32c       0x10 zephyr/subsys/bluetooth/host/libsubsys__bluetooth__host.a(hci_core.c.obj)
                0x000000000000f32c                bt_is_ready
 .text.bt_get_name
                0x000000000000f33c        0x8 zephyr/subsys/bluetooth/host/libsubsys__bluetooth__host.a(hci_core.c.obj)
                0x000000000000f33c                bt_get_name
 .text.id_find  0x000000000000f344       0x30 zephyr/subsys/bluetooth/host/libsubsys__bluetooth__host.a(id.c.obj)
 .text.id_create.constprop.0
                0x000000000000f374       0x74 zephyr/subsys/bluetooth/host/libsubsys__bluetooth__host.a(id.c.obj)
 .text.bt_id_set_private_addr
                0x000000000000f3e8       0x7c zephyr/subsys/bluetooth/host/libsubsys__bluetooth__host.a(id.c.obj)
                0x000000000000f3e8                bt_id_set_private_addr
 .text.bt_id_create
                0x000000000000f464       0xac zephyr/subsys/bluetooth/host/libsubsys__bluetooth__host.a(id.c.obj)
                0x000000000000f464                bt_id_create
 .text.bt_id_read_public_addr
                0x000000000000f510       0x60 zephyr/subsys/bluetooth/host/libsubsys__bluetooth__host.a(id.c.obj)
                0x000000000000f510                bt_id_read_public_addr
 .text.bt_setup_public_id_addr
                0x000000000000f570       0x20 zephyr/subsys/bluetooth/host/libsubsys__bluetooth__host.a(id.c.obj)
                0x000000000000f570                bt_setup_public_id_addr
 .text.bt_read_static_addr
                0x000000000000f590       0x64 zephyr/subsys/bluetooth/host/libsubsys__bluetooth__host.a(id.c.obj)
                0x000000000000f590                bt_read_static_addr
 .text.bt_setup_random_id_addr
                0x000000000000f5f4       0x5c zephyr/subsys/bluetooth/host/libsubsys__bluetooth__host.a(id.c.obj)
                0x000000000000f5f4                bt_setup_random_id_addr
 .text.bt_id_set_scan_own_addr
                0x000000000000f650       0x24 zephyr/subsys/bluetooth/host/libsubsys__bluetooth__host.a(id.c.obj)
                0x000000000000f650                bt_id_set_scan_own_addr
 .text.bt_id_set_adv_own_addr
                0x000000000000f674       0xb4 zephyr/subsys/bluetooth/host/libsubsys__bluetooth__host.a(id.c.obj)
                0x000000000000f674                bt_id_set_adv_own_addr
 .text.le_adv_stop_free_conn
                0x000000000000f728       0x48 zephyr/subsys/bluetooth/host/libsubsys__bluetooth__host.a(adv.c.obj)
 .text.adv_new  0x000000000000f770       0x3c zephyr/subsys/bluetooth/host/libsubsys__bluetooth__host.a(adv.c.obj)
 .text.valid_adv_ext_param
                0x000000000000f7ac       0xa0 zephyr/subsys/bluetooth/host/libsubsys__bluetooth__host.a(adv.c.obj)
 .text.le_adv_start_add_conn
                0x000000000000f84c       0x6c zephyr/subsys/bluetooth/host/libsubsys__bluetooth__host.a(adv.c.obj)
 .text.hci_set_ad_ext
                0x000000000000f8b8      0x2e0 zephyr/subsys/bluetooth/host/libsubsys__bluetooth__host.a(adv.c.obj)
 .text.le_ext_adv_param_set
                0x000000000000fb98      0x240 zephyr/subsys/bluetooth/host/libsubsys__bluetooth__host.a(adv.c.obj)
 .text.bt_le_adv_delete_legacy
                0x000000000000fdd8       0x1c zephyr/subsys/bluetooth/host/libsubsys__bluetooth__host.a(adv.c.obj)
                0x000000000000fdd8                bt_le_adv_delete_legacy
 .text.bt_le_adv_resume
                0x000000000000fdf4       0x84 zephyr/subsys/bluetooth/host/libsubsys__bluetooth__host.a(adv.c.obj)
                0x000000000000fdf4                bt_le_adv_resume
 .text.bt_le_ext_adv_create
                0x000000000000fe78       0x60 zephyr/subsys/bluetooth/host/libsubsys__bluetooth__host.a(adv.c.obj)
                0x000000000000fe78                bt_le_ext_adv_create
 .text.bt_le_ext_adv_start
                0x000000000000fed8       0xe4 zephyr/subsys/bluetooth/host/libsubsys__bluetooth__host.a(adv.c.obj)
                0x000000000000fed8                bt_le_ext_adv_start
 .text.bt_hci_le_adv_set_terminated
                0x000000000000ffbc      0x100 zephyr/subsys/bluetooth/host/libsubsys__bluetooth__host.a(adv.c.obj)
                0x000000000000ffbc                bt_hci_le_adv_set_terminated
 .text.bt_hci_le_scan_req_received
                0x00000000000100bc       0x8c zephyr/subsys/bluetooth/host/libsubsys__bluetooth__host.a(adv.c.obj)
                0x00000000000100bc                bt_hci_le_scan_req_received
 .text.reset_reassembling_advertiser
                0x0000000000010148       0x18 zephyr/subsys/bluetooth/host/libsubsys__bluetooth__host.a(scan.c.obj)
 .text.create_ext_adv_info
                0x0000000000010160       0x50 zephyr/subsys/bluetooth/host/libsubsys__bluetooth__host.a(scan.c.obj)
 .text.set_le_ext_scan_enable
                0x00000000000101b0       0x6c zephyr/subsys/bluetooth/host/libsubsys__bluetooth__host.a(scan.c.obj)
 .text.le_adv_recv
                0x000000000001021c       0xf8 zephyr/subsys/bluetooth/host/libsubsys__bluetooth__host.a(scan.c.obj)
 .text.bt_scan_reset
                0x0000000000010314       0x10 zephyr/subsys/bluetooth/host/libsubsys__bluetooth__host.a(scan.c.obj)
                0x0000000000010314                bt_scan_reset
 .text.bt_le_scan_update
                0x0000000000010324       0x24 zephyr/subsys/bluetooth/host/libsubsys__bluetooth__host.a(scan.c.obj)
                0x0000000000010324                bt_le_scan_update
 .text.bt_hci_le_scan_timeout
                0x0000000000010348       0x68 zephyr/subsys/bluetooth/host/libsubsys__bluetooth__host.a(scan.c.obj)
                0x0000000000010348                bt_hci_le_scan_timeout
 .text.bt_hci_le_adv_ext_report
                0x00000000000103b0      0x178 zephyr/subsys/bluetooth/host/libsubsys__bluetooth__host.a(scan.c.obj)
                0x00000000000103b0                bt_hci_le_adv_ext_report
 .text.bt_hci_le_adv_report
                0x0000000000010528       0xa4 zephyr/subsys/bluetooth/host/libsubsys__bluetooth__host.a(scan.c.obj)
                0x0000000000010528                bt_hci_le_adv_report
 .text.bt_le_scan_start
                0x00000000000105cc      0x218 zephyr/subsys/bluetooth/host/libsubsys__bluetooth__host.a(scan.c.obj)
                0x00000000000105cc                bt_le_scan_start
 .text.bt_le_scan_stop
                0x00000000000107e4       0x40 zephyr/subsys/bluetooth/host/libsubsys__bluetooth__host.a(scan.c.obj)
                0x00000000000107e4                bt_le_scan_stop
 .text.prng_reseed.constprop.0
                0x0000000000010824       0x6c zephyr/subsys/bluetooth/host/libsubsys__bluetooth__host.a(crypto.c.obj)
 .text.prng_init
                0x0000000000010890       0x50 zephyr/subsys/bluetooth/host/libsubsys__bluetooth__host.a(crypto.c.obj)
                0x0000000000010890                prng_init
 .text.bt_rand  0x00000000000108e0       0x3c zephyr/subsys/bluetooth/host/libsubsys__bluetooth__host.a(crypto.c.obj)
                0x00000000000108e0                bt_rand
 .text.bt_pub_key_gen
                0x000000000001091c       0xe0 zephyr/subsys/bluetooth/host/libsubsys__bluetooth__host.a(ecc.c.obj)
                0x000000000001091c                bt_pub_key_gen
 .text.bt_pub_key_get
                0x00000000000109fc       0x1c zephyr/subsys/bluetooth/host/libsubsys__bluetooth__host.a(ecc.c.obj)
                0x00000000000109fc                bt_pub_key_get
 .text.bt_dh_key_gen
                0x0000000000010a18       0x7c zephyr/subsys/bluetooth/host/libsubsys__bluetooth__host.a(ecc.c.obj)
                0x0000000000010a18                bt_dh_key_gen
 .text.bt_hci_evt_le_pkey_complete
                0x0000000000010a94       0x6c zephyr/subsys/bluetooth/host/libsubsys__bluetooth__host.a(ecc.c.obj)
                0x0000000000010a94                bt_hci_evt_le_pkey_complete
 .text.bt_hci_evt_le_dhkey_complete
                0x0000000000010b00       0x1c zephyr/subsys/bluetooth/host/libsubsys__bluetooth__host.a(ecc.c.obj)
                0x0000000000010b00                bt_hci_evt_le_dhkey_complete
 .text.notify_connected
                0x0000000000010b1c       0x5c zephyr/subsys/bluetooth/host/libsubsys__bluetooth__host.a(conn.c.obj)
 .text.tx_notify
                0x0000000000010b78       0x60 zephyr/subsys/bluetooth/host/libsubsys__bluetooth__host.a(conn.c.obj)
 .text.conn_tx_destroy
                0x0000000000010bd8       0x48 zephyr/subsys/bluetooth/host/libsubsys__bluetooth__host.a(conn.c.obj)
 .text.send_frag
                0x0000000000010c20      0x184 zephyr/subsys/bluetooth/host/libsubsys__bluetooth__host.a(conn.c.obj)
 .text.bt_conn_get_pkts
                0x0000000000010da4        0x8 zephyr/subsys/bluetooth/host/libsubsys__bluetooth__host.a(conn.c.obj)
                0x0000000000010da4                bt_conn_get_pkts
 .text.bt_conn_new
                0x0000000000010dac       0x5c zephyr/subsys/bluetooth/host/libsubsys__bluetooth__host.a(conn.c.obj)
                0x0000000000010dac                bt_conn_new
 .text.conn_cleanup
                0x0000000000010e08       0x80 zephyr/subsys/bluetooth/host/libsubsys__bluetooth__host.a(conn.c.obj)
 .text.bt_conn_recv
                0x0000000000010e88      0x140 zephyr/subsys/bluetooth/host/libsubsys__bluetooth__host.a(conn.c.obj)
                0x0000000000010e88                bt_conn_recv
 .text.bt_conn_send_cb
                0x0000000000010fc8       0xb8 zephyr/subsys/bluetooth/host/libsubsys__bluetooth__host.a(conn.c.obj)
                0x0000000000010fc8                bt_conn_send_cb
 .text.bt_conn_prepare_events
                0x0000000000011080       0x74 zephyr/subsys/bluetooth/host/libsubsys__bluetooth__host.a(conn.c.obj)
                0x0000000000011080                bt_conn_prepare_events
 .text.bt_conn_ref
                0x00000000000110f4       0x48 zephyr/subsys/bluetooth/host/libsubsys__bluetooth__host.a(conn.c.obj)
                0x00000000000110f4                bt_conn_ref
 .text.bt_conn_unref
                0x000000000001113c       0x50 zephyr/subsys/bluetooth/host/libsubsys__bluetooth__host.a(conn.c.obj)
                0x000000000001113c                bt_conn_unref
 .text.bt_conn_lookup_handle
                0x000000000001118c       0x10 zephyr/subsys/bluetooth/host/libsubsys__bluetooth__host.a(conn.c.obj)
                0x000000000001118c                bt_conn_lookup_handle
 .text.bt_conn_set_state
                0x000000000001119c      0x164 zephyr/subsys/bluetooth/host/libsubsys__bluetooth__host.a(conn.c.obj)
                0x000000000001119c                bt_conn_set_state
 .text.bt_conn_index
                0x0000000000011300       0x3c zephyr/subsys/bluetooth/host/libsubsys__bluetooth__host.a(conn.c.obj)
                0x0000000000011300                bt_conn_index
 .text.bt_conn_create_pdu_timeout
                0x000000000001133c       0x54 zephyr/subsys/bluetooth/host/libsubsys__bluetooth__host.a(conn.c.obj)
                0x000000000001133c                bt_conn_create_pdu_timeout
 .text.notify_le_param_updated
                0x0000000000011390       0xa8 zephyr/subsys/bluetooth/host/libsubsys__bluetooth__host.a(conn.c.obj)
                0x0000000000011390                notify_le_param_updated
 .text.le_param_req
                0x0000000000011438       0x94 zephyr/subsys/bluetooth/host/libsubsys__bluetooth__host.a(conn.c.obj)
                0x0000000000011438                le_param_req
 .text.bt_conn_add_le
                0x00000000000114cc       0x34 zephyr/subsys/bluetooth/host/libsubsys__bluetooth__host.a(conn.c.obj)
                0x00000000000114cc                bt_conn_add_le
 .text.bt_conn_lookup_addr_le
                0x0000000000011500       0x34 zephyr/subsys/bluetooth/host/libsubsys__bluetooth__host.a(conn.c.obj)
                0x0000000000011500                bt_conn_lookup_addr_le
 .text.bt_conn_lookup_state_le
                0x0000000000011534       0x44 zephyr/subsys/bluetooth/host/libsubsys__bluetooth__host.a(conn.c.obj)
                0x0000000000011534                bt_conn_lookup_state_le
 .text.bt_conn_get_info
                0x0000000000011578       0xb8 zephyr/subsys/bluetooth/host/libsubsys__bluetooth__host.a(conn.c.obj)
                0x0000000000011578                bt_conn_get_info
 .text.send_conn_le_param_update
                0x0000000000011630       0x68 zephyr/subsys/bluetooth/host/libsubsys__bluetooth__host.a(conn.c.obj)
 .text.deferred_work
                0x0000000000011698       0xfc zephyr/subsys/bluetooth/host/libsubsys__bluetooth__host.a(conn.c.obj)
 .text.bt_conn_create_frag_timeout
                0x0000000000011794        0xc zephyr/subsys/bluetooth/host/libsubsys__bluetooth__host.a(conn.c.obj)
                0x0000000000011794                bt_conn_create_frag_timeout
 .text.create_frag
                0x00000000000117a0       0x6c zephyr/subsys/bluetooth/host/libsubsys__bluetooth__host.a(conn.c.obj)
 .text.bt_conn_process_tx
                0x000000000001180c       0xd0 zephyr/subsys/bluetooth/host/libsubsys__bluetooth__host.a(conn.c.obj)
                0x000000000001180c                bt_conn_process_tx
 .text.bt_conn_lookup_index
                0x00000000000118dc       0x10 zephyr/subsys/bluetooth/host/libsubsys__bluetooth__host.a(conn.c.obj)
                0x00000000000118dc                bt_conn_lookup_index
 .text.bt_conn_init
                0x00000000000118ec       0x3c zephyr/subsys/bluetooth/host/libsubsys__bluetooth__host.a(conn.c.obj)
                0x00000000000118ec                bt_conn_init
 .text.l2cap_create_le_sig_pdu.part.0
                0x0000000000011928       0x2c zephyr/subsys/bluetooth/host/libsubsys__bluetooth__host.a(l2cap.c.obj)
 .text.l2cap_accept.part.0
                0x0000000000011954       0x30 zephyr/subsys/bluetooth/host/libsubsys__bluetooth__host.a(l2cap.c.obj)
 .text.l2cap_accept
                0x0000000000011984       0x1c zephyr/subsys/bluetooth/host/libsubsys__bluetooth__host.a(l2cap.c.obj)
 .text.bt_l2cap_connected
                0x00000000000119a0       0xac zephyr/subsys/bluetooth/host/libsubsys__bluetooth__host.a(l2cap.c.obj)
                0x00000000000119a0                bt_l2cap_connected
 .text.l2cap_recv
                0x0000000000011a4c       0xec zephyr/subsys/bluetooth/host/libsubsys__bluetooth__host.a(l2cap.c.obj)
 .text.bt_l2cap_recv
                0x0000000000011b38       0x7c zephyr/subsys/bluetooth/host/libsubsys__bluetooth__host.a(l2cap.c.obj)
                0x0000000000011b38                bt_l2cap_recv
 .text.bt_l2cap_update_conn_param
                0x0000000000011bb4       0x64 zephyr/subsys/bluetooth/host/libsubsys__bluetooth__host.a(l2cap.c.obj)
                0x0000000000011bb4                bt_l2cap_update_conn_param
 .text.att_op_get_type
                0x0000000000011c18       0x74 zephyr/subsys/bluetooth/host/libsubsys__bluetooth__host.a(att.c.obj)
 .text.bt_att_released
                0x0000000000011c8c       0x18 zephyr/subsys/bluetooth/host/libsubsys__bluetooth__host.a(att.c.obj)
 .text.tx_meta_data_free
                0x0000000000011ca4       0x38 zephyr/subsys/bluetooth/host/libsubsys__bluetooth__host.a(att.c.obj)
 .text.bt_att_connected
                0x0000000000011cdc       0x3c zephyr/subsys/bluetooth/host/libsubsys__bluetooth__host.a(att.c.obj)
 .text.read_group_cb
                0x0000000000011d18       0xac zephyr/subsys/bluetooth/host/libsubsys__bluetooth__host.a(att.c.obj)
 .text.att_get  0x0000000000011dc4       0x64 zephyr/subsys/bluetooth/host/libsubsys__bluetooth__host.a(att.c.obj)
 .text.chan_send
                0x0000000000011e28       0xd4 zephyr/subsys/bluetooth/host/libsubsys__bluetooth__host.a(att.c.obj)
 .text.bt_att_chan_req_send
                0x0000000000011efc       0x6c zephyr/subsys/bluetooth/host/libsubsys__bluetooth__host.a(att.c.obj)
 .text.read_type_cb
                0x0000000000011f68       0xa0 zephyr/subsys/bluetooth/host/libsubsys__bluetooth__host.a(att.c.obj)
 .text.bt_att_accept
                0x0000000000012008       0xf0 zephyr/subsys/bluetooth/host/libsubsys__bluetooth__host.a(att.c.obj)
 .text.bt_att_chan_create_pdu
                0x00000000000120f8       0x9c zephyr/subsys/bluetooth/host/libsubsys__bluetooth__host.a(att.c.obj)
                0x00000000000120f8                bt_att_chan_create_pdu
 .text.bt_att_recv
                0x0000000000012194      0x110 zephyr/subsys/bluetooth/host/libsubsys__bluetooth__host.a(att.c.obj)
 .text.att_write_rsp.constprop.0
                0x00000000000122a4       0xc8 zephyr/subsys/bluetooth/host/libsubsys__bluetooth__host.a(att.c.obj)
 .text.att_read_group_req
                0x000000000001236c       0xfc zephyr/subsys/bluetooth/host/libsubsys__bluetooth__host.a(att.c.obj)
 .text.att_read_mult_vl_req
                0x0000000000012468       0xa8 zephyr/subsys/bluetooth/host/libsubsys__bluetooth__host.a(att.c.obj)
 .text.att_read_mult_req
                0x0000000000012510       0xa8 zephyr/subsys/bluetooth/host/libsubsys__bluetooth__host.a(att.c.obj)
 .text.att_read_rsp
                0x00000000000125b8       0xa0 zephyr/subsys/bluetooth/host/libsubsys__bluetooth__host.a(att.c.obj)
 .text.att_read_type_req
                0x0000000000012658       0xc4 zephyr/subsys/bluetooth/host/libsubsys__bluetooth__host.a(att.c.obj)
 .text.att_find_type_req
                0x000000000001271c       0xd0 zephyr/subsys/bluetooth/host/libsubsys__bluetooth__host.a(att.c.obj)
 .text.att_find_info_req
                0x00000000000127ec       0x78 zephyr/subsys/bluetooth/host/libsubsys__bluetooth__host.a(att.c.obj)
 .text.bt_att_init
                0x0000000000012864       0x30 zephyr/subsys/bluetooth/host/libsubsys__bluetooth__host.a(att.c.obj)
                0x0000000000012864                bt_att_init
 .text.bt_att_req_alloc
                0x0000000000012894       0x44 zephyr/subsys/bluetooth/host/libsubsys__bluetooth__host.a(att.c.obj)
                0x0000000000012894                bt_att_req_alloc
 .text.bt_att_req_free
                0x00000000000128d8       0x30 zephyr/subsys/bluetooth/host/libsubsys__bluetooth__host.a(att.c.obj)
                0x00000000000128d8                bt_att_req_free
 .text.att_handle_rsp
                0x0000000000012908       0x70 zephyr/subsys/bluetooth/host/libsubsys__bluetooth__host.a(att.c.obj)
 .text.bt_att_disconnected
                0x0000000000012978       0xc8 zephyr/subsys/bluetooth/host/libsubsys__bluetooth__host.a(att.c.obj)
 .text.att_timeout
                0x0000000000012a40       0x34 zephyr/subsys/bluetooth/host/libsubsys__bluetooth__host.a(att.c.obj)
 .text.bt_att_send
                0x0000000000012a74       0xb0 zephyr/subsys/bluetooth/host/libsubsys__bluetooth__host.a(att.c.obj)
                0x0000000000012a74                bt_att_send
 .text.bt_att_req_send
                0x0000000000012b24       0x60 zephyr/subsys/bluetooth/host/libsubsys__bluetooth__host.a(att.c.obj)
                0x0000000000012b24                bt_att_req_send
 .text.find_cf_cfg
                0x0000000000012b84       0x30 zephyr/subsys/bluetooth/host/libsubsys__bluetooth__host.a(gatt.c.obj)
 .text.find_sc_cfg
                0x0000000000012bb4       0x20 zephyr/subsys/bluetooth/host/libsubsys__bluetooth__host.a(gatt.c.obj)
 .text.find_ccc_cfg
                0x0000000000012bd4       0x28 zephyr/subsys/bluetooth/host/libsubsys__bluetooth__host.a(gatt.c.obj)
 .text.ccc_load
                0x0000000000012bfc       0x8c zephyr/subsys/bluetooth/host/libsubsys__bluetooth__host.a(gatt.c.obj)
 .text.bt_gatt_service_init
                0x0000000000012c88       0x6c zephyr/subsys/bluetooth/host/libsubsys__bluetooth__host.a(gatt.c.obj)
 .text.gatt_ccc_conn_enqueue
                0x0000000000012cf4       0x48 zephyr/subsys/bluetooth/host/libsubsys__bluetooth__host.a(gatt.c.obj)
 .text.ccc_set_direct.part.0
                0x0000000000012d3c       0x28 zephyr/subsys/bluetooth/host/libsubsys__bluetooth__host.a(gatt.c.obj)
 .text.sc_set   0x0000000000012d64      0x144 zephyr/subsys/bluetooth/host/libsubsys__bluetooth__host.a(gatt.c.obj)
 .text.db_hash_commit
                0x0000000000012ea8       0x54 zephyr/subsys/bluetooth/host/libsubsys__bluetooth__host.a(gatt.c.obj)
 .text.sc_store
                0x0000000000012efc       0x68 zephyr/subsys/bluetooth/host/libsubsys__bluetooth__host.a(gatt.c.obj)
 .text.sc_save  0x0000000000012f64       0x88 zephyr/subsys/bluetooth/host/libsubsys__bluetooth__host.a(gatt.c.obj)
 .text.db_hash_store
                0x0000000000012fec       0x44 zephyr/subsys/bluetooth/host/libsubsys__bluetooth__host.a(gatt.c.obj)
 .text.db_hash_set
                0x0000000000013030       0x48 zephyr/subsys/bluetooth/host/libsubsys__bluetooth__host.a(gatt.c.obj)
 .text.clear_cf_cfg
                0x0000000000013078       0x30 zephyr/subsys/bluetooth/host/libsubsys__bluetooth__host.a(gatt.c.obj)
 .text.cf_set   0x00000000000130a8      0x148 zephyr/subsys/bluetooth/host/libsubsys__bluetooth__host.a(gatt.c.obj)
 .text.remove_peer_from_attr
                0x00000000000131f0       0x28 zephyr/subsys/bluetooth/host/libsubsys__bluetooth__host.a(gatt.c.obj)
 .text.ccc_save
                0x0000000000013218       0x38 zephyr/subsys/bluetooth/host/libsubsys__bluetooth__host.a(gatt.c.obj)
 .text.db_changed
                0x0000000000013250       0x70 zephyr/subsys/bluetooth/host/libsubsys__bluetooth__host.a(gatt.c.obj)
 .text.sc_indicate.part.0
                0x00000000000132c0       0x10 zephyr/subsys/bluetooth/host/libsubsys__bluetooth__host.a(gatt.c.obj)
 .text.sc_commit
                0x00000000000132d0       0x24 zephyr/subsys/bluetooth/host/libsubsys__bluetooth__host.a(gatt.c.obj)
 .text.bt_gatt_clear_sc
                0x00000000000132f4       0x74 zephyr/subsys/bluetooth/host/libsubsys__bluetooth__host.a(gatt.c.obj)
 .text.sc_clear
                0x0000000000013368       0x5c zephyr/subsys/bluetooth/host/libsubsys__bluetooth__host.a(gatt.c.obj)
 .text.sc_indicate
                0x00000000000133c4       0x4c zephyr/subsys/bluetooth/host/libsubsys__bluetooth__host.a(gatt.c.obj)
 .text.read_ppcp
                0x0000000000013410       0x38 zephyr/subsys/bluetooth/host/libsubsys__bluetooth__host.a(gatt.c.obj)
 .text.bt_gatt_attr_write_ccc
                0x0000000000013448       0xb4 zephyr/subsys/bluetooth/host/libsubsys__bluetooth__host.a(gatt.c.obj)
                0x0000000000013448                bt_gatt_attr_write_ccc
 .text.disconnected_cb
                0x00000000000134fc       0xa0 zephyr/subsys/bluetooth/host/libsubsys__bluetooth__host.a(gatt.c.obj)
 .text.sc_indicate_rsp
                0x000000000001359c       0x50 zephyr/subsys/bluetooth/host/libsubsys__bluetooth__host.a(gatt.c.obj)
 .text.bt_gatt_init
                0x00000000000135ec       0x7c zephyr/subsys/bluetooth/host/libsubsys__bluetooth__host.a(gatt.c.obj)
                0x00000000000135ec                bt_gatt_init
 .text.bt_gatt_attr_get_handle
                0x0000000000013668       0x80 zephyr/subsys/bluetooth/host/libsubsys__bluetooth__host.a(gatt.c.obj)
                0x0000000000013668                bt_gatt_attr_get_handle
 .text.bt_gatt_foreach_attr_type
                0x00000000000136e8      0x114 zephyr/subsys/bluetooth/host/libsubsys__bluetooth__host.a(gatt.c.obj)
                0x00000000000136e8                bt_gatt_foreach_attr_type
 .text.db_hash_gen
                0x00000000000137fc       0x90 zephyr/subsys/bluetooth/host/libsubsys__bluetooth__host.a(gatt.c.obj)
 .text.db_hash_read
                0x000000000001388c       0x7c zephyr/subsys/bluetooth/host/libsubsys__bluetooth__host.a(gatt.c.obj)
 .text.db_hash_process
                0x0000000000013908       0x6c zephyr/subsys/bluetooth/host/libsubsys__bluetooth__host.a(gatt.c.obj)
 .text.bt_gatt_service_register
                0x0000000000013974      0x1f4 zephyr/subsys/bluetooth/host/libsubsys__bluetooth__host.a(gatt.c.obj)
                0x0000000000013974                bt_gatt_service_register
 .text.ccc_set_direct
                0x0000000000013b68      0x12c zephyr/subsys/bluetooth/host/libsubsys__bluetooth__host.a(gatt.c.obj)
 .text.bt_gatt_attr_next
                0x0000000000013c94       0x24 zephyr/subsys/bluetooth/host/libsubsys__bluetooth__host.a(gatt.c.obj)
                0x0000000000013c94                bt_gatt_attr_next
 .text.bt_gatt_is_subscribed
                0x0000000000013cb8      0x164 zephyr/subsys/bluetooth/host/libsubsys__bluetooth__host.a(gatt.c.obj)
                0x0000000000013cb8                bt_gatt_is_subscribed
 .text.gatt_indicate
                0x0000000000013e1c       0xb4 zephyr/subsys/bluetooth/host/libsubsys__bluetooth__host.a(gatt.c.obj)
 .text.bt_gatt_indicate
                0x0000000000013ed0      0x128 zephyr/subsys/bluetooth/host/libsubsys__bluetooth__host.a(gatt.c.obj)
                0x0000000000013ed0                bt_gatt_indicate
 .text.sc_process
                0x0000000000013ff8       0x88 zephyr/subsys/bluetooth/host/libsubsys__bluetooth__host.a(gatt.c.obj)
 .text.update_ccc
                0x0000000000014080       0xc8 zephyr/subsys/bluetooth/host/libsubsys__bluetooth__host.a(gatt.c.obj)
 .text.bt_gatt_notify_cb
                0x0000000000014148      0x120 zephyr/subsys/bluetooth/host/libsubsys__bluetooth__host.a(gatt.c.obj)
                0x0000000000014148                bt_gatt_notify_cb
 .text.notify_cb
                0x0000000000014268       0xf8 zephyr/subsys/bluetooth/host/libsubsys__bluetooth__host.a(gatt.c.obj)
 .text.bt_gatt_connected
                0x0000000000014360       0x64 zephyr/subsys/bluetooth/host/libsubsys__bluetooth__host.a(gatt.c.obj)
                0x0000000000014360                bt_gatt_connected
 .text.bt_gatt_att_max_mtu_changed
                0x00000000000143c4       0x28 zephyr/subsys/bluetooth/host/libsubsys__bluetooth__host.a(gatt.c.obj)
                0x00000000000143c4                bt_gatt_att_max_mtu_changed
 .text.bt_gatt_store_ccc
                0x00000000000143ec       0x9c zephyr/subsys/bluetooth/host/libsubsys__bluetooth__host.a(gatt.c.obj)
                0x00000000000143ec                bt_gatt_store_ccc
 .text.bt_gatt_service_unregister
                0x0000000000014488      0x124 zephyr/subsys/bluetooth/host/libsubsys__bluetooth__host.a(gatt.c.obj)
                0x0000000000014488                bt_gatt_service_unregister
 .text.bt_gatt_disconnected
                0x00000000000145ac      0x124 zephyr/subsys/bluetooth/host/libsubsys__bluetooth__host.a(gatt.c.obj)
                0x00000000000145ac                bt_gatt_disconnected
 .text.bt_smp_accept.part.0
                0x00000000000146d0       0x30 zephyr/subsys/bluetooth/host/libsubsys__bluetooth__host.a(smp_null.c.obj)
 .text.bt_smp_accept
                0x0000000000014700       0x1c zephyr/subsys/bluetooth/host/libsubsys__bluetooth__host.a(smp_null.c.obj)
 .text.bt_mesh_reset
                0x000000000001471c       0x98 zephyr/subsys/bluetooth/mesh/libsubsys__bluetooth__mesh.a(main.c.obj)
                0x000000000001471c                bt_mesh_reset
 .text.bt_mesh_is_provisioned
                0x00000000000147b4       0x10 zephyr/subsys/bluetooth/mesh/libsubsys__bluetooth__mesh.a(main.c.obj)
                0x00000000000147b4                bt_mesh_is_provisioned
 .text.bt_mesh_init
                0x00000000000147c4       0x58 zephyr/subsys/bluetooth/mesh/libsubsys__bluetooth__mesh.a(main.c.obj)
                0x00000000000147c4                bt_mesh_init
 .text.bt_mesh_start
                0x000000000001481c       0x90 zephyr/subsys/bluetooth/mesh/libsubsys__bluetooth__mesh.a(main.c.obj)
                0x000000000001481c                bt_mesh_start
 .text.bt_mesh_provision
                0x00000000000148ac       0xb4 zephyr/subsys/bluetooth/mesh/libsubsys__bluetooth__mesh.a(main.c.obj)
                0x00000000000148ac                bt_mesh_provision
 .text.feature_set
                0x0000000000014960       0x54 zephyr/subsys/bluetooth/mesh/libsubsys__bluetooth__mesh.a(cfg.c.obj)
 .text.bt_mesh_beacon_set
                0x00000000000149b4       0x54 zephyr/subsys/bluetooth/mesh/libsubsys__bluetooth__mesh.a(cfg.c.obj)
                0x00000000000149b4                bt_mesh_beacon_set
 .text.bt_mesh_beacon_enabled
                0x0000000000014a08       0x14 zephyr/subsys/bluetooth/mesh/libsubsys__bluetooth__mesh.a(cfg.c.obj)
                0x0000000000014a08                bt_mesh_beacon_enabled
 .text.bt_mesh_gatt_proxy_set
                0x0000000000014a1c       0x4c zephyr/subsys/bluetooth/mesh/libsubsys__bluetooth__mesh.a(cfg.c.obj)
                0x0000000000014a1c                bt_mesh_gatt_proxy_set
 .text.bt_mesh_gatt_proxy_get
                0x0000000000014a68       0x14 zephyr/subsys/bluetooth/mesh/libsubsys__bluetooth__mesh.a(cfg.c.obj)
                0x0000000000014a68                bt_mesh_gatt_proxy_get
 .text.bt_mesh_default_ttl_set
                0x0000000000014a7c       0x3c zephyr/subsys/bluetooth/mesh/libsubsys__bluetooth__mesh.a(cfg.c.obj)
                0x0000000000014a7c                bt_mesh_default_ttl_set
 .text.bt_mesh_default_ttl_get
                0x0000000000014ab8        0xc zephyr/subsys/bluetooth/mesh/libsubsys__bluetooth__mesh.a(cfg.c.obj)
                0x0000000000014ab8                bt_mesh_default_ttl_get
 .text.bt_mesh_friend_set
                0x0000000000014ac4       0x34 zephyr/subsys/bluetooth/mesh/libsubsys__bluetooth__mesh.a(cfg.c.obj)
                0x0000000000014ac4                bt_mesh_friend_set
 .text.bt_mesh_friend_get
                0x0000000000014af8       0x14 zephyr/subsys/bluetooth/mesh/libsubsys__bluetooth__mesh.a(cfg.c.obj)
                0x0000000000014af8                bt_mesh_friend_get
 .text.bt_mesh_net_transmit_set
                0x0000000000014b0c       0x2c zephyr/subsys/bluetooth/mesh/libsubsys__bluetooth__mesh.a(cfg.c.obj)
                0x0000000000014b0c                bt_mesh_net_transmit_set
 .text.bt_mesh_net_transmit_get
                0x0000000000014b38        0xc zephyr/subsys/bluetooth/mesh/libsubsys__bluetooth__mesh.a(cfg.c.obj)
                0x0000000000014b38                bt_mesh_net_transmit_get
 .text.bt_mesh_relay_set
                0x0000000000014b44       0x4c zephyr/subsys/bluetooth/mesh/libsubsys__bluetooth__mesh.a(cfg.c.obj)
                0x0000000000014b44                bt_mesh_relay_set
 .text.pre_cfg_set
                0x0000000000014b90       0x8c zephyr/subsys/bluetooth/mesh/libsubsys__bluetooth__mesh.a(cfg.c.obj)
 .text.bt_mesh_relay_get
                0x0000000000014c1c       0x14 zephyr/subsys/bluetooth/mesh/libsubsys__bluetooth__mesh.a(cfg.c.obj)
                0x0000000000014c1c                bt_mesh_relay_get
 .text.bt_mesh_relay_retransmit_get
                0x0000000000014c30        0xc zephyr/subsys/bluetooth/mesh/libsubsys__bluetooth__mesh.a(cfg.c.obj)
                0x0000000000014c30                bt_mesh_relay_retransmit_get
 .text.bt_mesh_cfg_default_set
                0x0000000000014c3c       0x3c zephyr/subsys/bluetooth/mesh/libsubsys__bluetooth__mesh.a(cfg.c.obj)
                0x0000000000014c3c                bt_mesh_cfg_default_set
 .text.bt_mesh_cfg_pending_store
                0x0000000000014c78       0xa0 zephyr/subsys/bluetooth/mesh/libsubsys__bluetooth__mesh.a(cfg.c.obj)
                0x0000000000014c78                bt_mesh_cfg_pending_store
 .text.bt_mesh_adv_create_from_pool
                0x0000000000014d18       0x60 zephyr/subsys/bluetooth/mesh/libsubsys__bluetooth__mesh.a(adv.c.obj)
 .text.bt_mesh_adv_create
                0x0000000000014d78       0x38 zephyr/subsys/bluetooth/mesh/libsubsys__bluetooth__mesh.a(adv.c.obj)
                0x0000000000014d78                bt_mesh_adv_create
 .text.bt_mesh_adv_buf_get
                0x0000000000014db0       0x10 zephyr/subsys/bluetooth/mesh/libsubsys__bluetooth__mesh.a(adv.c.obj)
                0x0000000000014db0                bt_mesh_adv_buf_get
 .text.bt_mesh_adv_send
                0x0000000000014dc0       0x2c zephyr/subsys/bluetooth/mesh/libsubsys__bluetooth__mesh.a(adv.c.obj)
                0x0000000000014dc0                bt_mesh_adv_send
 .text.bt_mesh_scan_enable
                0x0000000000014dec       0x60 zephyr/subsys/bluetooth/mesh/libsubsys__bluetooth__mesh.a(adv.c.obj)
                0x0000000000014dec                bt_mesh_scan_enable
 .text.bt_mesh_scan_disable
                0x0000000000014e4c       0x44 zephyr/subsys/bluetooth/mesh/libsubsys__bluetooth__mesh.a(adv.c.obj)
                0x0000000000014e4c                bt_mesh_scan_disable
 .text.beacon_send
                0x0000000000014e90      0x158 zephyr/subsys/bluetooth/mesh/libsubsys__bluetooth__mesh.a(beacon.c.obj)
 .text.bt_mesh_beacon_update.part.0.isra.0
                0x0000000000014fe8       0x2c zephyr/subsys/bluetooth/mesh/libsubsys__bluetooth__mesh.a(beacon.c.obj)
 .text.bt_mesh_beacon_create
                0x0000000000015014       0x54 zephyr/subsys/bluetooth/mesh/libsubsys__bluetooth__mesh.a(beacon.c.obj)
                0x0000000000015014                bt_mesh_beacon_create
 .text.secure_beacon_send
                0x0000000000015068       0x94 zephyr/subsys/bluetooth/mesh/libsubsys__bluetooth__mesh.a(beacon.c.obj)
 .text.bt_mesh_beacon_update
                0x00000000000150fc       0x48 zephyr/subsys/bluetooth/mesh/libsubsys__bluetooth__mesh.a(beacon.c.obj)
                0x00000000000150fc                bt_mesh_beacon_update
 .text.bt_mesh_beacon_init
                0x0000000000015144       0x10 zephyr/subsys/bluetooth/mesh/libsubsys__bluetooth__mesh.a(beacon.c.obj)
                0x0000000000015144                bt_mesh_beacon_init
 .text.bt_mesh_beacon_ivu_initiator
                0x0000000000015154       0x38 zephyr/subsys/bluetooth/mesh/libsubsys__bluetooth__mesh.a(beacon.c.obj)
                0x0000000000015154                bt_mesh_beacon_ivu_initiator
 .text.bt_mesh_beacon_recv
                0x000000000001518c      0x188 zephyr/subsys/bluetooth/mesh/libsubsys__bluetooth__mesh.a(beacon.c.obj)
                0x000000000001518c                bt_mesh_beacon_recv
 .text.bt_mesh_beacon_enable
                0x0000000000015314       0x24 zephyr/subsys/bluetooth/mesh/libsubsys__bluetooth__mesh.a(beacon.c.obj)
                0x0000000000015314                bt_mesh_beacon_enable
 .text.bt_mesh_beacon_disable
                0x0000000000015338       0x1c zephyr/subsys/bluetooth/mesh/libsubsys__bluetooth__mesh.a(beacon.c.obj)
                0x0000000000015338                bt_mesh_beacon_disable
 .text.net_decrypt
                0x0000000000015354      0x130 zephyr/subsys/bluetooth/mesh/libsubsys__bluetooth__mesh.a(net.c.obj)
 .text.bt_mesh_net_local
                0x0000000000015484       0xd0 zephyr/subsys/bluetooth/mesh/libsubsys__bluetooth__mesh.a(net.c.obj)
 .text.atomic_get.constprop.0
                0x0000000000015554        0xc zephyr/subsys/bluetooth/mesh/libsubsys__bluetooth__mesh.a(net.c.obj)
 .text.pre_net_set
                0x0000000000015560       0x74 zephyr/subsys/bluetooth/mesh/libsubsys__bluetooth__mesh.a(net.c.obj)
 .text.pre_seq_set
                0x00000000000155d4       0x64 zephyr/subsys/bluetooth/mesh/libsubsys__bluetooth__mesh.a(net.c.obj)
 .text.atomic_set_bit_to.constprop.0
                0x0000000000015638       0x2c zephyr/subsys/bluetooth/mesh/libsubsys__bluetooth__mesh.a(net.c.obj)
 .text.pre_iv_set
                0x0000000000015664       0x84 zephyr/subsys/bluetooth/mesh/libsubsys__bluetooth__mesh.a(net.c.obj)
 .text.bt_mesh_net_create
                0x00000000000156e8       0x90 zephyr/subsys/bluetooth/mesh/libsubsys__bluetooth__mesh.a(net.c.obj)
                0x00000000000156e8                bt_mesh_net_create
 .text.bt_mesh_net_iv_update
                0x0000000000015778      0x134 zephyr/subsys/bluetooth/mesh/libsubsys__bluetooth__mesh.a(net.c.obj)
                0x0000000000015778                bt_mesh_net_iv_update
 .text.ivu_refresh
                0x00000000000158ac       0x74 zephyr/subsys/bluetooth/mesh/libsubsys__bluetooth__mesh.a(net.c.obj)
 .text.bt_mesh_next_seq
                0x0000000000015920       0x48 zephyr/subsys/bluetooth/mesh/libsubsys__bluetooth__mesh.a(net.c.obj)
                0x0000000000015920                bt_mesh_next_seq
 .text.net_header_encode
                0x0000000000015968       0xac zephyr/subsys/bluetooth/mesh/libsubsys__bluetooth__mesh.a(net.c.obj)
 .text.bt_mesh_net_encode
                0x0000000000015a14       0x54 zephyr/subsys/bluetooth/mesh/libsubsys__bluetooth__mesh.a(net.c.obj)
                0x0000000000015a14                bt_mesh_net_encode
 .text.bt_mesh_net_send
                0x0000000000015a68      0x160 zephyr/subsys/bluetooth/mesh/libsubsys__bluetooth__mesh.a(net.c.obj)
                0x0000000000015a68                bt_mesh_net_send
 .text.bt_mesh_net_loopback_clear
                0x0000000000015bc8       0x60 zephyr/subsys/bluetooth/mesh/libsubsys__bluetooth__mesh.a(net.c.obj)
                0x0000000000015bc8                bt_mesh_net_loopback_clear
 .text.bt_mesh_net_header_parse
                0x0000000000015c28       0x58 zephyr/subsys/bluetooth/mesh/libsubsys__bluetooth__mesh.a(net.c.obj)
                0x0000000000015c28                bt_mesh_net_header_parse
 .text.bt_mesh_net_decode
                0x0000000000015c80      0x164 zephyr/subsys/bluetooth/mesh/libsubsys__bluetooth__mesh.a(net.c.obj)
                0x0000000000015c80                bt_mesh_net_decode
 .text.bt_mesh_net_recv
                0x0000000000015de4      0x234 zephyr/subsys/bluetooth/mesh/libsubsys__bluetooth__mesh.a(net.c.obj)
                0x0000000000015de4                bt_mesh_net_recv
 .text.bt_mesh_net_init
                0x0000000000016018       0x28 zephyr/subsys/bluetooth/mesh/libsubsys__bluetooth__mesh.a(net.c.obj)
                0x0000000000016018                bt_mesh_net_init
 .text.bt_mesh_net_pending_iv_store
                0x0000000000016040       0x70 zephyr/subsys/bluetooth/mesh/libsubsys__bluetooth__mesh.a(net.c.obj)
                0x0000000000016040                bt_mesh_net_pending_iv_store
 .text.bt_mesh_net_pending_net_store
                0x00000000000160b0       0x68 zephyr/subsys/bluetooth/mesh/libsubsys__bluetooth__mesh.a(net.c.obj)
                0x00000000000160b0                bt_mesh_net_pending_net_store
 .text.bt_mesh_net_pending_seq_store
                0x0000000000016118       0x64 zephyr/subsys/bluetooth/mesh/libsubsys__bluetooth__mesh.a(net.c.obj)
                0x0000000000016118                bt_mesh_net_pending_seq_store
 .text.bt_mesh_net_settings_commit
                0x000000000001617c       0x20 zephyr/subsys/bluetooth/mesh/libsubsys__bluetooth__mesh.a(net.c.obj)
                0x000000000001617c                bt_mesh_net_settings_commit
 .text.subnet_evt
                0x000000000001619c       0x40 zephyr/subsys/bluetooth/mesh/libsubsys__bluetooth__mesh.a(subnet.c.obj)
 .text.clear_net_key
                0x00000000000161dc       0x50 zephyr/subsys/bluetooth/mesh/libsubsys__bluetooth__mesh.a(subnet.c.obj)
 .text.net_keys_create
                0x000000000001622c       0xb0 zephyr/subsys/bluetooth/mesh/libsubsys__bluetooth__mesh.a(subnet.c.obj)
 .text.bt_mesh_net_flags
                0x00000000000162dc       0x20 zephyr/subsys/bluetooth/mesh/libsubsys__bluetooth__mesh.a(subnet.c.obj)
                0x00000000000162dc                bt_mesh_net_flags
 .text.bt_mesh_subnets_get
                0x00000000000162fc       0x28 zephyr/subsys/bluetooth/mesh/libsubsys__bluetooth__mesh.a(subnet.c.obj)
                0x00000000000162fc                bt_mesh_subnets_get
 .text.bt_mesh_subnet_get
                0x0000000000016324       0x14 zephyr/subsys/bluetooth/mesh/libsubsys__bluetooth__mesh.a(subnet.c.obj)
                0x0000000000016324                bt_mesh_subnet_get
 .text.store_subnet
                0x0000000000016338       0x74 zephyr/subsys/bluetooth/mesh/libsubsys__bluetooth__mesh.a(subnet.c.obj)
 .text.update_subnet_settings
                0x00000000000163ac       0x58 zephyr/subsys/bluetooth/mesh/libsubsys__bluetooth__mesh.a(subnet.c.obj)
 .text.bt_mesh_subnet_add
                0x0000000000016404       0x5c zephyr/subsys/bluetooth/mesh/libsubsys__bluetooth__mesh.a(subnet.c.obj)
                0x0000000000016404                bt_mesh_subnet_add
 .text.bt_mesh_subnet_kr_phase_set
                0x0000000000016460       0x58 zephyr/subsys/bluetooth/mesh/libsubsys__bluetooth__mesh.a(subnet.c.obj)
                0x0000000000016460                bt_mesh_subnet_kr_phase_set
 .text.bt_mesh_subnet_set
                0x00000000000164b8       0x6c zephyr/subsys/bluetooth/mesh/libsubsys__bluetooth__mesh.a(subnet.c.obj)
                0x00000000000164b8                bt_mesh_subnet_set
 .text.pre_net_key_set
                0x0000000000016524       0x98 zephyr/subsys/bluetooth/mesh/libsubsys__bluetooth__mesh.a(subnet.c.obj)
 .text.bt_mesh_subnet_find
                0x00000000000165bc       0x24 zephyr/subsys/bluetooth/mesh/libsubsys__bluetooth__mesh.a(subnet.c.obj)
                0x00000000000165bc                bt_mesh_subnet_find
 .text.bt_mesh_subnet_foreach
                0x00000000000165e0       0x20 zephyr/subsys/bluetooth/mesh/libsubsys__bluetooth__mesh.a(subnet.c.obj)
                0x00000000000165e0                bt_mesh_subnet_foreach
 .text.bt_mesh_subnet_next
                0x0000000000016600       0x2c zephyr/subsys/bluetooth/mesh/libsubsys__bluetooth__mesh.a(subnet.c.obj)
                0x0000000000016600                bt_mesh_subnet_next
 .text.bt_mesh_net_keys_reset
                0x000000000001662c       0x18 zephyr/subsys/bluetooth/mesh/libsubsys__bluetooth__mesh.a(subnet.c.obj)
                0x000000000001662c                bt_mesh_net_keys_reset
 .text.bt_mesh_net_cred_find
                0x0000000000016644       0xc0 zephyr/subsys/bluetooth/mesh/libsubsys__bluetooth__mesh.a(subnet.c.obj)
                0x0000000000016644                bt_mesh_net_cred_find
 .text.bt_mesh_subnet_pending_store
                0x0000000000016704       0x28 zephyr/subsys/bluetooth/mesh/libsubsys__bluetooth__mesh.a(subnet.c.obj)
                0x0000000000016704                bt_mesh_subnet_pending_store
 .text.app_key_evt
                0x000000000001672c       0x44 zephyr/subsys/bluetooth/mesh/libsubsys__bluetooth__mesh.a(app_keys.c.obj)
 .text.store_app_key
                0x0000000000016770       0x8c zephyr/subsys/bluetooth/mesh/libsubsys__bluetooth__mesh.a(app_keys.c.obj)
 .text.clear_app_key
                0x00000000000167fc       0x50 zephyr/subsys/bluetooth/mesh/libsubsys__bluetooth__mesh.a(app_keys.c.obj)
 .text.update_app_key_settings
                0x000000000001684c       0x58 zephyr/subsys/bluetooth/mesh/libsubsys__bluetooth__mesh.a(app_keys.c.obj)
 .text.subnet_evt
                0x00000000000168a4       0x78 zephyr/subsys/bluetooth/mesh/libsubsys__bluetooth__mesh.a(app_keys.c.obj)
 .text.bt_mesh_app_key_add
                0x000000000001691c       0x84 zephyr/subsys/bluetooth/mesh/libsubsys__bluetooth__mesh.a(app_keys.c.obj)
                0x000000000001691c                bt_mesh_app_key_add
 .text.bt_mesh_app_key_update
                0x00000000000169a0       0x88 zephyr/subsys/bluetooth/mesh/libsubsys__bluetooth__mesh.a(app_keys.c.obj)
                0x00000000000169a0                bt_mesh_app_key_update
 .text.bt_mesh_app_key_del
                0x0000000000016a28       0x44 zephyr/subsys/bluetooth/mesh/libsubsys__bluetooth__mesh.a(app_keys.c.obj)
                0x0000000000016a28                bt_mesh_app_key_del
 .text.bt_mesh_app_key_set
                0x0000000000016a6c       0x78 zephyr/subsys/bluetooth/mesh/libsubsys__bluetooth__mesh.a(app_keys.c.obj)
                0x0000000000016a6c                bt_mesh_app_key_set
 .text.pre_app_key_set
                0x0000000000016ae4       0xac zephyr/subsys/bluetooth/mesh/libsubsys__bluetooth__mesh.a(app_keys.c.obj)
 .text.bt_mesh_app_key_exists
                0x0000000000016b90       0x10 zephyr/subsys/bluetooth/mesh/libsubsys__bluetooth__mesh.a(app_keys.c.obj)
                0x0000000000016b90                bt_mesh_app_key_exists
 .text.bt_mesh_app_keys_get
                0x0000000000016ba0       0x30 zephyr/subsys/bluetooth/mesh/libsubsys__bluetooth__mesh.a(app_keys.c.obj)
                0x0000000000016ba0                bt_mesh_app_keys_get
 .text.bt_mesh_keys_resolve
                0x0000000000016bd0       0x88 zephyr/subsys/bluetooth/mesh/libsubsys__bluetooth__mesh.a(app_keys.c.obj)
                0x0000000000016bd0                bt_mesh_keys_resolve
 .text.bt_mesh_app_key_find
                0x0000000000016c58       0x6c zephyr/subsys/bluetooth/mesh/libsubsys__bluetooth__mesh.a(app_keys.c.obj)
                0x0000000000016c58                bt_mesh_app_key_find
 .text.bt_mesh_app_keys_reset
                0x0000000000016cc4       0x18 zephyr/subsys/bluetooth/mesh/libsubsys__bluetooth__mesh.a(app_keys.c.obj)
                0x0000000000016cc4                bt_mesh_app_keys_reset
 .text.bt_mesh_app_key_pending_store
                0x0000000000016cdc       0x28 zephyr/subsys/bluetooth/mesh/libsubsys__bluetooth__mesh.a(app_keys.c.obj)
                0x0000000000016cdc                bt_mesh_app_key_pending_store
 .text.seg_rx_reset
                0x0000000000016d04       0x80 zephyr/subsys/bluetooth/mesh/libsubsys__bluetooth__mesh.a(transport.c.obj)
 .text.seg_tx_reset
                0x0000000000016d84       0xa0 zephyr/subsys/bluetooth/mesh/libsubsys__bluetooth__mesh.a(transport.c.obj)
 .text.seg_tx_complete
                0x0000000000016e24       0x64 zephyr/subsys/bluetooth/mesh/libsubsys__bluetooth__mesh.a(transport.c.obj)
 .text.seg_tx_send_unacked
                0x0000000000016e88      0x150 zephyr/subsys/bluetooth/mesh/libsubsys__bluetooth__mesh.a(transport.c.obj)
 .text.ctl_recv
                0x0000000000016fd8      0x1e4 zephyr/subsys/bluetooth/mesh/libsubsys__bluetooth__mesh.a(transport.c.obj)
 .text.send_unseg
                0x00000000000171bc      0x114 zephyr/subsys/bluetooth/mesh/libsubsys__bluetooth__mesh.a(transport.c.obj)
 .text.send_seg
                0x00000000000172d0      0x278 zephyr/subsys/bluetooth/mesh/libsubsys__bluetooth__mesh.a(transport.c.obj)
 .text.pre_va_set
                0x0000000000017548       0xbc zephyr/subsys/bluetooth/mesh/libsubsys__bluetooth__mesh.a(transport.c.obj)
 .text.bt_mesh_tx_in_progress
                0x0000000000017604       0x14 zephyr/subsys/bluetooth/mesh/libsubsys__bluetooth__mesh.a(transport.c.obj)
                0x0000000000017604                bt_mesh_tx_in_progress
 .text.bt_mesh_ctl_send
                0x0000000000017618       0xac zephyr/subsys/bluetooth/mesh/libsubsys__bluetooth__mesh.a(transport.c.obj)
                0x0000000000017618                bt_mesh_ctl_send
 .text.bt_mesh_rx_reset
                0x00000000000176c4        0xc zephyr/subsys/bluetooth/mesh/libsubsys__bluetooth__mesh.a(transport.c.obj)
                0x00000000000176c4                bt_mesh_rx_reset
 .text.bt_mesh_trans_reset
                0x00000000000176d0       0x34 zephyr/subsys/bluetooth/mesh/libsubsys__bluetooth__mesh.a(transport.c.obj)
                0x00000000000176d0                bt_mesh_trans_reset
 .text.bt_mesh_trans_init
                0x0000000000017704       0x28 zephyr/subsys/bluetooth/mesh/libsubsys__bluetooth__mesh.a(transport.c.obj)
                0x0000000000017704                bt_mesh_trans_init
 .text.bt_mesh_va_add
                0x000000000001772c       0x68 zephyr/subsys/bluetooth/mesh/libsubsys__bluetooth__mesh.a(transport.c.obj)
                0x000000000001772c                bt_mesh_va_add
 .text.bt_mesh_va_del
                0x0000000000017794       0x48 zephyr/subsys/bluetooth/mesh/libsubsys__bluetooth__mesh.a(transport.c.obj)
                0x0000000000017794                bt_mesh_va_del
 .text.bt_mesh_va_label_get
                0x00000000000177dc       0x20 zephyr/subsys/bluetooth/mesh/libsubsys__bluetooth__mesh.a(transport.c.obj)
                0x00000000000177dc                bt_mesh_va_label_get
 .text.bt_mesh_trans_send
                0x00000000000177fc      0x19c zephyr/subsys/bluetooth/mesh/libsubsys__bluetooth__mesh.a(transport.c.obj)
                0x00000000000177fc                bt_mesh_trans_send
 .text.sdu_recv
                0x0000000000017998       0xac zephyr/subsys/bluetooth/mesh/libsubsys__bluetooth__mesh.a(transport.c.obj)
 .text.bt_mesh_trans_recv
                0x0000000000017a44      0x670 zephyr/subsys/bluetooth/mesh/libsubsys__bluetooth__mesh.a(transport.c.obj)
                0x0000000000017a44                bt_mesh_trans_recv
 .text.bt_mesh_va_pending_store
                0x00000000000180b4       0xe4 zephyr/subsys/bluetooth/mesh/libsubsys__bluetooth__mesh.a(transport.c.obj)
                0x00000000000180b4                bt_mesh_va_pending_store
 .text.sub_end  0x0000000000018198       0x48 zephyr/subsys/bluetooth/mesh/libsubsys__bluetooth__mesh.a(heartbeat.c.obj)
 .text.notify_pub_sent
                0x00000000000181e0       0x44 zephyr/subsys/bluetooth/mesh/libsubsys__bluetooth__mesh.a(heartbeat.c.obj)
 .text.hb_publish_end_cb
                0x0000000000018224       0x5c zephyr/subsys/bluetooth/mesh/libsubsys__bluetooth__mesh.a(heartbeat.c.obj)
 .text.heartbeat_send.constprop.0
                0x0000000000018280       0x9c zephyr/subsys/bluetooth/mesh/libsubsys__bluetooth__mesh.a(heartbeat.c.obj)
 .text.hb_publish.part.0
                0x000000000001831c       0x38 zephyr/subsys/bluetooth/mesh/libsubsys__bluetooth__mesh.a(heartbeat.c.obj)
 .text.hb_publish
                0x0000000000018354       0x38 zephyr/subsys/bluetooth/mesh/libsubsys__bluetooth__mesh.a(heartbeat.c.obj)
 .text.bt_mesh_hb_recv
                0x000000000001838c       0xfc zephyr/subsys/bluetooth/mesh/libsubsys__bluetooth__mesh.a(heartbeat.c.obj)
                0x000000000001838c                bt_mesh_hb_recv
 .text.bt_mesh_hb_pub_set
                0x0000000000018488       0x94 zephyr/subsys/bluetooth/mesh/libsubsys__bluetooth__mesh.a(heartbeat.c.obj)
                0x0000000000018488                bt_mesh_hb_pub_set
 .text.pre_hb_pub_set
                0x000000000001851c       0xa4 zephyr/subsys/bluetooth/mesh/libsubsys__bluetooth__mesh.a(heartbeat.c.obj)
 .text.bt_mesh_hb_pub_get
                0x00000000000185c0       0x14 zephyr/subsys/bluetooth/mesh/libsubsys__bluetooth__mesh.a(heartbeat.c.obj)
                0x00000000000185c0                bt_mesh_hb_pub_get
 .text.bt_mesh_hb_sub_set
                0x00000000000185d4       0xa4 zephyr/subsys/bluetooth/mesh/libsubsys__bluetooth__mesh.a(heartbeat.c.obj)
                0x00000000000185d4                bt_mesh_hb_sub_set
 .text.bt_mesh_hb_sub_reset_count
                0x0000000000018678        0xc zephyr/subsys/bluetooth/mesh/libsubsys__bluetooth__mesh.a(heartbeat.c.obj)
                0x0000000000018678                bt_mesh_hb_sub_reset_count
 .text.bt_mesh_hb_sub_get
                0x0000000000018684       0x38 zephyr/subsys/bluetooth/mesh/libsubsys__bluetooth__mesh.a(heartbeat.c.obj)
                0x0000000000018684                bt_mesh_hb_sub_get
 .text.bt_mesh_hb_feature_changed
                0x00000000000186bc       0x1c zephyr/subsys/bluetooth/mesh/libsubsys__bluetooth__mesh.a(heartbeat.c.obj)
                0x00000000000186bc                bt_mesh_hb_feature_changed
 .text.bt_mesh_hb_init
                0x00000000000186d8       0x34 zephyr/subsys/bluetooth/mesh/libsubsys__bluetooth__mesh.a(heartbeat.c.obj)
                0x00000000000186d8                bt_mesh_hb_init
 .text.bt_mesh_hb_start
                0x000000000001870c       0x20 zephyr/subsys/bluetooth/mesh/libsubsys__bluetooth__mesh.a(heartbeat.c.obj)
                0x000000000001870c                bt_mesh_hb_start
 .text.bt_mesh_hb_pub_pending_store
                0x000000000001872c       0xa4 zephyr/subsys/bluetooth/mesh/libsubsys__bluetooth__mesh.a(heartbeat.c.obj)
                0x000000000001872c                bt_mesh_hb_pub_pending_store
 .text.bt_mesh_k2
                0x00000000000187d0       0xb0 zephyr/subsys/bluetooth/mesh/libsubsys__bluetooth__mesh.a(crypto.c.obj)
                0x00000000000187d0                bt_mesh_k2
 .text.bt_mesh_k3
                0x0000000000018880       0x58 zephyr/subsys/bluetooth/mesh/libsubsys__bluetooth__mesh.a(crypto.c.obj)
                0x0000000000018880                bt_mesh_k3
 .text.bt_mesh_k4
                0x00000000000188d8       0x4c zephyr/subsys/bluetooth/mesh/libsubsys__bluetooth__mesh.a(crypto.c.obj)
                0x00000000000188d8                bt_mesh_k4
 .text.bt_mesh_id128
                0x0000000000018924       0x28 zephyr/subsys/bluetooth/mesh/libsubsys__bluetooth__mesh.a(crypto.c.obj)
                0x0000000000018924                bt_mesh_id128
 .text.bt_mesh_net_obfuscate
                0x000000000001894c       0x68 zephyr/subsys/bluetooth/mesh/libsubsys__bluetooth__mesh.a(crypto.c.obj)
                0x000000000001894c                bt_mesh_net_obfuscate
 .text.bt_mesh_fcs_calc
                0x00000000000189b4       0x20 zephyr/subsys/bluetooth/mesh/libsubsys__bluetooth__mesh.a(crypto.c.obj)
                0x00000000000189b4                bt_mesh_fcs_calc
 .text.bt_mesh_fcs_check
                0x00000000000189d4       0x2c zephyr/subsys/bluetooth/mesh/libsubsys__bluetooth__mesh.a(crypto.c.obj)
                0x00000000000189d4                bt_mesh_fcs_check
 .text.bt_mesh_virtual_addr
                0x0000000000018a00       0x3c zephyr/subsys/bluetooth/mesh/libsubsys__bluetooth__mesh.a(crypto.c.obj)
                0x0000000000018a00                bt_mesh_virtual_addr
 .text.bt_mesh_prov_conf_key
                0x0000000000018a3c       0x18 zephyr/subsys/bluetooth/mesh/libsubsys__bluetooth__mesh.a(crypto.c.obj)
                0x0000000000018a3c                bt_mesh_prov_conf_key
 .text.bt_mesh_access_send.part.0
                0x0000000000018a54       0x28 zephyr/subsys/bluetooth/mesh/libsubsys__bluetooth__mesh.a(access.c.obj)
 .text.mod_init
                0x0000000000018a7c       0xd8 zephyr/subsys/bluetooth/mesh/libsubsys__bluetooth__mesh.a(access.c.obj)
 .text.encode_mod_path.isra.0
                0x0000000000018b54       0x28 zephyr/subsys/bluetooth/mesh/libsubsys__bluetooth__mesh.a(access.c.obj)
 .text.store_pending_mod
                0x0000000000018b7c      0x1e0 zephyr/subsys/bluetooth/mesh/libsubsys__bluetooth__mesh.a(access.c.obj)
 .text.bt_mesh_model_foreach
                0x0000000000018d5c       0x78 zephyr/subsys/bluetooth/mesh/libsubsys__bluetooth__mesh.a(access.c.obj)
                0x0000000000018d5c                bt_mesh_model_foreach
 .text.bt_mesh_model_pub_period_get
                0x0000000000018dd4       0x50 zephyr/subsys/bluetooth/mesh/libsubsys__bluetooth__mesh.a(access.c.obj)
                0x0000000000018dd4                bt_mesh_model_pub_period_get
 .text.publish_start.part.0
                0x0000000000018e24       0x3c zephyr/subsys/bluetooth/mesh/libsubsys__bluetooth__mesh.a(access.c.obj)
 .text.bt_mesh_model_elem
                0x0000000000018e60       0x14 zephyr/subsys/bluetooth/mesh/libsubsys__bluetooth__mesh.a(access.c.obj)
                0x0000000000018e60                bt_mesh_model_elem
 .text.mod_publish
                0x0000000000018e74      0x138 zephyr/subsys/bluetooth/mesh/libsubsys__bluetooth__mesh.a(access.c.obj)
 .text.bt_mesh_model_get
                0x0000000000018fac       0x88 zephyr/subsys/bluetooth/mesh/libsubsys__bluetooth__mesh.a(access.c.obj)
                0x0000000000018fac                bt_mesh_model_get
 .text.mod_set  0x0000000000019034      0x228 zephyr/subsys/bluetooth/mesh/libsubsys__bluetooth__mesh.a(access.c.obj)
 .text.pre_sig_mod_set
                0x000000000001925c       0x28 zephyr/subsys/bluetooth/mesh/libsubsys__bluetooth__mesh.a(access.c.obj)
 .text.pre_vnd_mod_set
                0x0000000000019284       0x28 zephyr/subsys/bluetooth/mesh/libsubsys__bluetooth__mesh.a(access.c.obj)
 .text.bt_mesh_comp_register